BL51 BANKED LINKER/LOCATER V6.22.2.0                                                    03/06/2020  23:32:54  PAGE 1


BL51 BANKED LINKER/LOCATER V6.22.2.0, INVOKED BY:
D:\KEIL_V5\C51\BIN\BL51.EXE main.obj TO CH559 RAMSIZE (256)


MEMORY MODEL: LARGE


INPUT MODULES INCLUDED:
  main.obj (MAIN)
  D:\KEIL_V5\C51\LIB\C51L.LIB (?C_STARTUP)
  D:\KEIL_V5\C51\LIB\C51L.LIB (?C?ULDIV)
  D:\KEIL_V5\C51\LIB\C51L.LIB (?C?LSTXDATA)
  D:\KEIL_V5\C51\LIB\C51L.LIB (?C?LSTKXDATA)
  D:\KEIL_V5\C51\LIB\C51L.LIB (PRINTF)
  D:\KEIL_V5\C51\LIB\C51L.LIB (?C?CLDPTR)
  D:\KEIL_V5\C51\LIB\C51L.LIB (?C?CLDOPTR)
  D:\KEIL_V5\C51\LIB\C51L.LIB (?C?CSTPTR)
  D:\KEIL_V5\C51\LIB\C51L.LIB (?C?PLDIXDATA)
  D:\KEIL_V5\C51\LIB\C51L.LIB (?C?PSTXDATA)
  D:\KEIL_V5\C51\LIB\C51L.LIB (?C?CCASE)
  D:\KEIL_V5\C51\LIB\C51L.LIB (PUTCHAR)


LINK MAP OF MODULE:  CH559 (MAIN)


            TYPE    BASE      LENGTH    RELOCATION   SEGMENT NAME
            -----------------------------------------------------

            * * * * * * *   D A T A   M E M O R Y   * * * * * * *
            REG     0000H     0008H     ABSOLUTE     "REG BANK 0"
            REG     0008H     0008H     ABSOLUTE     "REG BANK 1"
            DATA    0010H     000AH     UNIT         _DATA_GROUP_
                    001AH     0006H                  *** GAP ***
            BIT     0020H.0   0002H.2   UNIT         _BIT_GROUP_
                    0022H.2   0000H.6                *** GAP ***
            IDATA   0023H     0001H     UNIT         ?STACK

            * * * * * * *  X D A T A   M E M O R Y  * * * * * * *
            XDATA   0000H     0050H     UNIT         _XDATA_GROUP_
                    0050H     23F6H                  *** GAP ***
            XDATA   2446H     0001H     ABSOLUTE     
            XDATA   2447H     0001H     ABSOLUTE     
            XDATA   2448H     0001H     ABSOLUTE     
            XDATA   2449H     0001H     ABSOLUTE     
            XDATA   244AH     0001H     ABSOLUTE     
            XDATA   244BH     0001H     ABSOLUTE     
            XDATA   244CH     0001H     ABSOLUTE     
            XDATA   244DH     0001H     ABSOLUTE     
            XDATA   244EH     0001H     ABSOLUTE     
            XDATA   244FH     0001H     ABSOLUTE     
                    2450H     00F6H                  *** GAP ***
            XDATA   2546H     0001H     ABSOLUTE     
            XDATA   2547H     0001H     ABSOLUTE     
            XDATA   2548H     0001H     ABSOLUTE     
            XDATA   2549H     0001H     ABSOLUTE     
            XDATA   254AH     0001H     ABSOLUTE     
            XDATA   254BH     0001H     ABSOLUTE     
BL51 BANKED LINKER/LOCATER V6.22.2.0                                                  03/06/2020  23:32:54  PAGE 2


            XDATA   254CH     0001H     ABSOLUTE     
            XDATA   254DH     0001H     ABSOLUTE     
            XDATA   254EH     0001H     ABSOLUTE     
            XDATA   254FH     0001H     ABSOLUTE     
                    2550H     0330H                  *** GAP ***
            XDATA   2880H     0001H     ABSOLUTE     
            XDATA   2881H     0001H     ABSOLUTE     
            XDATA   2882H     0001H     ABSOLUTE     
            XDATA   2883H     0001H     ABSOLUTE     
            XDATA   2884H     0001H     ABSOLUTE     
            XDATA   2885H     0001H     ABSOLUTE     
            XDATA   2886H     0001H     ABSOLUTE     
                    2887H     0001H                  *** GAP ***
            XDATA   2888H     0001H     ABSOLUTE     
            XDATA   2889H     0001H     ABSOLUTE     
                    288AH     00F6H                  *** GAP ***
            XDATA   2980H     0001H     ABSOLUTE     
            XDATA   2981H     0001H     ABSOLUTE     
            XDATA   2982H     0001H     ABSOLUTE     
            XDATA   2983H     0001H     ABSOLUTE     
            XDATA   2984H     0001H     ABSOLUTE     
            XDATA   2985H     0001H     ABSOLUTE     
            XDATA   2986H     0001H     ABSOLUTE     
                    2987H     0001H                  *** GAP ***
            XDATA   2988H     0001H     ABSOLUTE     
            XDATA   2989H     0001H     ABSOLUTE     

            * * * * * * *   C O D E   M E M O R Y   * * * * * * *
            CODE    0000H     0003H     ABSOLUTE     
            CODE    0003H     0050H     UNIT         ?PR?MAIN?MAIN
            CODE    0053H     000EH     UNIT         ?PR?_MDELAYUS?MAIN
                    0061H     0002H                  *** GAP ***
            CODE    0063H     0003H     ABSOLUTE     
            CODE    0066H     0365H     UNIT         ?PR?PRINTF?PRINTF
            CODE    03CBH     01A9H     UNIT         ?C?LIB_CODE
            CODE    0574H     0141H     UNIT         ?PR?_CH559GPIOMODESELT?MAIN
            CODE    06B5H     0099H     UNIT         ?PR?MINITSTDIO?MAIN
            CODE    074EH     0035H     UNIT         ?PR?_CH559GPIODRIVCAP?MAIN
            CODE    0783H     002BH     UNIT         ?PR?GPIOINTERRUPT?MAIN
            CODE    07AEH     0027H     UNIT         ?PR?PUTCHAR?PUTCHAR
            CODE    07D5H     001FH     UNIT         ?PR?_MDELAYMS?MAIN
            CODE    07F4H     0017H     UNIT         ?CO?MAIN
            CODE    080BH     000DH     UNIT         ?PR?CH559UART0ALTER?MAIN
            CODE    0818H     000CH     UNIT         ?C_C51STARTUP
            CODE    0824H     000AH     UNIT         ?PR?CFGFSYS?MAIN
            CODE    082EH     000AH     UNIT         ?PR?CH559P4MODE?MAIN
            CODE    0838H     0008H     UNIT         ?PR?CH559UART0RCVBYTE?MAIN
            CODE    0840H     0008H     UNIT         ?PR?_CH559UART0SENDBYTE?MAIN
            CODE    0848H     0007H     UNIT         ?PR?CH559GPIOINTERRUPTINIT?MAIN



OVERLAY MAP OF MODULE:   CH559 (MAIN)


SEGMENT                                    BIT_GROUP          DATA_GROUP          XDATA_GROUP
  +--> CALLED SEGMENT                   START    LENGTH     START    LENGTH     START    LENGTH
BL51 BANKED LINKER/LOCATER V6.22.2.0                                                  03/06/2020  23:32:54  PAGE 3


-----------------------------------------------------------------------------------------------
?PR?GPIOINTERRUPT?MAIN                  -----    -----      -----    -----      -----    -----
  +--> ?CO?MAIN
  +--> ?PR?PRINTF?PRINTF

?PR?PRINTF?PRINTF                       0021H.1  0001H.1    0015H    0005H      0028H    0028H
  +--> ?PR?PUTCHAR?PUTCHAR

*** NEW ROOT ***************************************************

?C_C51STARTUP                           -----    -----      -----    -----      -----    -----
  +--> ?PR?MAIN?MAIN

?PR?MAIN?MAIN                           -----    -----      -----    -----      -----    -----
  +--> ?PR?_MDELAYMS?MAIN
  +--> ?PR?MINITSTDIO?MAIN
  +--> ?CO?MAIN
  +--> ?PR?PRINTF?PRINTF
  +--> ?PR?CH559GPIOINTERRUPTINIT?MAIN
  +--> ?PR?_CH559GPIOMODESELT?MAIN

?PR?_MDELAYMS?MAIN                      -----    -----      -----    -----      -----    -----
  +--> ?PR?_MDELAYUS?MAIN

?PR?MINITSTDIO?MAIN                     -----    -----      -----    -----      0028H    0005H



SYMBOL TABLE OF MODULE:  CH559 (MAIN)

  VALUE           TYPE          NAME
  ----------------------------------

  -------         MODULE        MAIN
  C:0000H         SYMBOL        _ICE_DUMMY_
  X:2989H         PUBLIC        pLED_DMA_XL
  B:00C0H.0       PUBLIC        RXD1_
  D:0080H         PUBLIC        P0
  D:0090H         PUBLIC        P1
  D:00A0H         PUBLIC        P2
  D:00B0H         PUBLIC        P3
  C:0574H         PUBLIC        _CH559GPIOModeSelt
  C:0783H         PUBLIC        GPIOInterrupt
  D:00C5H         PUBLIC        P0_PU
  B:00A8H.7       PUBLIC        EA
  D:00BBH         PUBLIC        P1_PU
  D:00BDH         PUBLIC        P2_PU
  D:00BFH         PUBLIC        P3_PU
  C:06B5H         PUBLIC        mInitSTDIO
  X:2888H         PUBLIC        LED_DMA_XH
  D:00C3H         PUBLIC        P4_PU
  D:00E8H         PUBLIC        IE_EX
  X:2889H         PUBLIC        LED_DMA_XL
  D:00A8H         PUBLIC        IE
  C:074EH         PUBLIC        _CH559GPIODrivCap
  D:00A2H         PUBLIC        XBUS_AUX
  D:00B8H         PUBLIC        IP
BL51 BANKED LINKER/LOCATER V6.22.2.0                                                  03/06/2020  23:32:54  PAGE 4


  C:080BH         PUBLIC        CH559UART0Alter
  B:0098H.0       PUBLIC        RI
  B:0098H.1       PUBLIC        TI
  D:00CFH         PUBLIC        GPIO_IE
  B:00E8H.6       PUBLIC        IE_GPIO
  C:07DDH         PUBLIC        _mDelaymS
  D:00D8H         PUBLIC        USB_INT_FG
  C:0003H         PUBLIC        main
  C:0053H         PUBLIC        _mDelayuS
  B:00C8H.5       PUBLIC        RCLK
  X:2983H         PUBLIC        pLED_CK_SE
  B:00C8H.4       PUBLIC        TCLK
  D:0099H         PUBLIC        SBUF
  D:0087H         PUBLIC        PCON
  D:0098H         PUBLIC        SCON
  D:0089H         PUBLIC        TMOD
  D:0088H         PUBLIC        TCON
  C:0824H         PUBLIC        CfgFsys
  D:00F8H         PUBLIC        SPI0_STAT
  C:082EH         PUBLIC        CH559P4Mode
  X:2883H         PUBLIC        LED_CK_SE
  D:00C4H         PUBLIC        P0_DIR
  D:00BAH         PUBLIC        P1_DIR
  C:0840H         PUBLIC        _CH559UART0SendByte
  X:2982H         PUBLIC        pLED_DATA
  D:00BCH         PUBLIC        P2_DIR
  D:00BEH         PUBLIC        P3_DIR
  D:00C2H         PUBLIC        P4_DIR
  C:0848H         PUBLIC        CH559GPIOInterruptInit
  D:008DH         PUBLIC        TH1
  B:0098H.7       PUBLIC        SM0
  X:2882H         PUBLIC        LED_DATA
  B:0098H.6       PUBLIC        SM1
  B:0098H.5       PUBLIC        SM2
  B:0088H.6       PUBLIC        TR1
  X:2981H         PUBLIC        pLED_CTRL
  D:0091H         PUBLIC        SER1_IER
  D:00C0H         PUBLIC        P4_OUT
  D:00A1H         PUBLIC        SAFE_MOD
  C:0838H         PUBLIC        CH559UART0RcvByte
  X:2547H         PUBLIC        pUEP2_3_MOD
  X:2546H         PUBLIC        pUEP4_1_MOD
  X:2984H         PUBLIC        pLED_DMA_AH
  X:2980H         PUBLIC        pLED_STAT
  B:0098H.4       PUBLIC        REN
  B:0090H.4       PUBLIC        LED_1
  B:0090H.5       PUBLIC        LED_2
  X:2985H         PUBLIC        pLED_DMA_AL
  X:2548H         PUBLIC        pUEP0_DMA_H
  D:00C9H         PUBLIC        T2MOD
  D:00C8H         PUBLIC        T2CON
  B:0090H.6       PUBLIC        LED_3
  X:254AH         PUBLIC        pUEP1_DMA_H
  B:0090H.7       PUBLIC        LED_4
  X:254CH         PUBLIC        pUEP2_DMA_H
  X:254EH         PUBLIC        pUEP3_DMA_H
  X:2986H         PUBLIC        pLED_DMA_CN
BL51 BANKED LINKER/LOCATER V6.22.2.0                                                  03/06/2020  23:32:54  PAGE 5


  X:2549H         PUBLIC        pUEP0_DMA_L
  X:2881H         PUBLIC        LED_CTRL
  X:254BH         PUBLIC        pUEP1_DMA_L
  X:254DH         PUBLIC        pUEP2_DMA_L
  X:254FH         PUBLIC        pUEP3_DMA_L
  X:2447H         PUBLIC        UEP2_3_MOD
  X:2446H         PUBLIC        UEP4_1_MOD
  X:2884H         PUBLIC        LED_DMA_AH
  X:2880H         PUBLIC        LED_STAT
  D:00CEH         PUBLIC        PIN_FUNC
  X:2885H         PUBLIC        LED_DMA_AL
  X:2448H         PUBLIC        UEP0_DMA_H
  X:244AH         PUBLIC        UEP1_DMA_H
  D:00C6H         PUBLIC        PORT_CFG
  X:244CH         PUBLIC        UEP2_DMA_H
  X:244EH         PUBLIC        UEP3_DMA_H
  X:2988H         PUBLIC        pLED_DMA_XH
  X:2886H         PUBLIC        LED_DMA_CN
  X:2449H         PUBLIC        UEP0_DMA_L
  D:00D0H         PUBLIC        PSW
  X:244BH         PUBLIC        UEP1_DMA_L
  X:244DH         PUBLIC        UEP2_DMA_L
  D:00C7H         PUBLIC        P5_IN
  X:244FH         PUBLIC        UEP3_DMA_L
  -------         PROC          CFGFSYS
  C:0824H         LINE#         28
  C:0824H         LINE#         29
  C:0824H         LINE#         30
  C:0827H         LINE#         31
  C:082AH         LINE#         40
  C:082DH         LINE#         42
  -------         ENDPROC       CFGFSYS
  -------         PROC          _MDELAYUS
  D:0006H         SYMBOL        n
  C:0053H         LINE#         51
  C:0053H         LINE#         52
  C:0053H         LINE#         53
  C:0057H         LINE#         54
  C:0059H         LINE#         123
  C:005EH         LINE#         124
  C:0060H         LINE#         125
  -------         ENDPROC       _MDELAYUS
  C:07D7H         SYMBOL        L?0082
  C:07D9H         SYMBOL        L?0083
  -------         PROC          L?0081
  -------         ENDPROC       L?0081
  C:07D7H         SYMBOL        L?0082
  C:07D9H         SYMBOL        L?0083
  -------         PROC          _MDELAYMS
  D:0004H         SYMBOL        n
  C:07DDH         LINE#         134
  C:07E1H         LINE#         135
  C:07E1H         LINE#         136
  C:07E5H         LINE#         137
  C:07E5H         LINE#         138
  C:07ECH         LINE#         139
  C:07F1H         LINE#         140
BL51 BANKED LINKER/LOCATER V6.22.2.0                                                  03/06/2020  23:32:54  PAGE 6


  C:07F3H         LINE#         141
  -------         ENDPROC       _MDELAYMS
  -------         PROC          CH559UART0ALTER
  C:080BH         LINE#         150
  C:080BH         LINE#         151
  C:080BH         LINE#         152
  C:080EH         LINE#         153
  C:0811H         LINE#         154
  C:0814H         LINE#         155
  C:0817H         LINE#         156
  -------         ENDPROC       CH559UART0ALTER
  -------         PROC          MINITSTDIO
  -------         DO            
  X:0028H         SYMBOL        x
  X:002CH         SYMBOL        x2
  -------         ENDDO         
  C:06B5H         LINE#         166
  C:06B5H         LINE#         167
  C:06B5H         LINE#         171
  C:06B7H         LINE#         172
  C:06B9H         LINE#         173
  C:06BBH         LINE#         175
  C:06BDH         LINE#         176
  C:06BFH         LINE#         177
  C:06C2H         LINE#         178
  C:06CCH         LINE#         179
  C:06E8H         LINE#         180
  C:0705H         LINE#         181
  C:0731H         LINE#         183
  C:0739H         LINE#         184
  C:073CH         LINE#         185
  C:0747H         LINE#         186
  C:0749H         LINE#         187
  C:074BH         LINE#         188
  C:074DH         LINE#         189
  -------         ENDPROC       MINITSTDIO
  -------         PROC          CH559UART0RCVBYTE
  C:0838H         LINE#         198
  C:0838H         LINE#         199
  C:0838H         LINE#         200
  C:083BH         LINE#         201
  C:083DH         LINE#         202
  C:083FH         LINE#         203
  -------         ENDPROC       CH559UART0RCVBYTE
  -------         PROC          _CH559UART0SENDBYTE
  D:0007H         SYMBOL        SendDat
  C:0840H         LINE#         212
  C:0840H         LINE#         213
  C:0840H         LINE#         214
  C:0842H         LINE#         215
  C:0845H         LINE#         216
  C:0847H         LINE#         217
  -------         ENDPROC       _CH559UART0SENDBYTE
  -------         PROC          _CH559GPIODRIVCAP
  D:0007H         SYMBOL        Port
  D:0005H         SYMBOL        Cap
  C:074EH         LINE#         32
BL51 BANKED LINKER/LOCATER V6.22.2.0                                                  03/06/2020  23:32:54  PAGE 7


  C:074EH         LINE#         33
  C:074EH         LINE#         34
  C:0758H         LINE#         35
  C:075BH         LINE#         36
  C:075BH         LINE#         37
  C:0761H         LINE#         38
  C:0770H         LINE#         39
  C:0772H         LINE#         40
  C:0772H         LINE#         41
  C:0780H         LINE#         42
  C:0780H         LINE#         43
  C:0782H         LINE#         44
  -------         ENDPROC       _CH559GPIODRIVCAP
  -------         PROC          _CH559GPIOMODESELT
  D:0001H         SYMBOL        Port
  D:0005H         SYMBOL        Mode
  D:0003H         SYMBOL        PinNum
  -------         DO            
  D:0006H         SYMBOL        Pn_DIR
  D:0004H         SYMBOL        Pn_PU
  -------         ENDDO         
  C:0574H         LINE#         63
  C:0577H         LINE#         64
  C:0577H         LINE#         66
  C:0581H         LINE#         67
  C:0584H         LINE#         68
  C:0584H         LINE#         70
  C:05ACH         LINE#         71
  C:05ACH         LINE#         72
  C:05BBH         LINE#         73
  C:05C7H         LINE#         74
  C:05C7H         LINE#         75
  C:05C9H         LINE#         76
  C:05C9H         LINE#         77
  C:05D8H         LINE#         78
  C:05E4H         LINE#         79
  C:05E4H         LINE#         80
  C:05E7H         LINE#         81
  C:05E7H         LINE#         82
  C:05F6H         LINE#         83
  C:0605H         LINE#         84
  C:0608H         LINE#         85
  C:0608H         LINE#         86
  C:0616H         LINE#         87
  C:0626H         LINE#         88
  C:0629H         LINE#         89
  C:062BH         LINE#         90
  C:062BH         LINE#         91
  C:0639H         LINE#         92
  C:0648H         LINE#         93
  C:064CH         LINE#         94
  C:064EH         LINE#         95
  C:064EH         LINE#         96
  C:065CH         LINE#         97
  C:066BH         LINE#         98
  C:066BH         LINE#         99
  C:066DH         LINE#         100
BL51 BANKED LINKER/LOCATER V6.22.2.0                                                  03/06/2020  23:32:54  PAGE 8


  C:066DH         LINE#         101
  C:067BH         LINE#         102
  C:068AH         LINE#         103
  C:068DH         LINE#         104
  C:068DH         LINE#         105
  C:068DH         LINE#         106
  C:068DH         LINE#         107
  C:068DH         LINE#         108
  C:0690H         LINE#         109
  C:0692H         LINE#         110
  C:0694H         LINE#         111
  C:0694H         LINE#         112
  C:0699H         LINE#         113
  C:069BH         LINE#         114
  C:069DH         LINE#         115
  C:069DH         LINE#         116
  C:06A2H         LINE#         117
  C:06A4H         LINE#         118
  C:06A6H         LINE#         119
  C:06A6H         LINE#         120
  C:06AEH         LINE#         121
  C:06B0H         LINE#         122
  C:06B2H         LINE#         123
  C:06B2H         LINE#         124
  C:06B4H         LINE#         125
  -------         ENDPROC       _CH559GPIOMODESELT
  -------         PROC          CH559P4MODE
  C:082EH         LINE#         134
  C:082EH         LINE#         135
  C:082EH         LINE#         136
  C:0831H         LINE#         137
  C:0834H         LINE#         138
  C:0837H         LINE#         139
  -------         ENDPROC       CH559P4MODE
  -------         PROC          CH559GPIOINTERRUPTINIT
  C:0848H         LINE#         148
  C:0848H         LINE#         149
  C:0848H         LINE#         150
  C:084BH         LINE#         151
  C:084EH         LINE#         152
  -------         ENDPROC       CH559GPIOINTERRUPTINIT
  -------         PROC          GPIOINTERRUPT
  C:0783H         LINE#         161
  C:0790H         LINE#         164
  C:07A3H         LINE#         166
  -------         ENDPROC       GPIOINTERRUPT
  -------         PROC          MAIN
  C:0003H         LINE#         7
  C:0003H         LINE#         8
  C:0003H         LINE#         10
  C:000AH         LINE#         11
  C:000DH         LINE#         13
  C:0010H         LINE#         14
  C:0019H         LINE#         16
  C:001CH         LINE#         17
  C:001FH         LINE#         18
  C:0021H         LINE#         19
BL51 BANKED LINKER/LOCATER V6.22.2.0                                                  03/06/2020  23:32:54  PAGE 9


  C:0024H         LINE#         20
  C:0026H         LINE#         21
  C:0028H         LINE#         27
  C:0028H         LINE#         28
  C:002FH         LINE#         30
  C:0032H         LINE#         31
  C:0034H         LINE#         32
  C:0036H         LINE#         33
  C:0036H         LINE#         34
  C:0036H         LINE#         36
  C:0039H         LINE#         37
  C:003BH         LINE#         38
  C:003DH         LINE#         39
  C:003DH         LINE#         40
  C:003DH         LINE#         42
  C:0040H         LINE#         43
  C:0042H         LINE#         44
  C:0044H         LINE#         45
  C:0046H         LINE#         46
  C:0046H         LINE#         48
  C:0049H         LINE#         49
  C:004BH         LINE#         50
  C:004DH         LINE#         51
  C:004FH         LINE#         52
  C:0051H         LINE#         53
  -------         ENDPROC       MAIN
  -------         ENDMOD        MAIN

  -------         MODULE        ?C?ULDIV
  C:0407H         PUBLIC        ?C?ULDIV
  -------         ENDMOD        ?C?ULDIV

  -------         MODULE        ?C?LSTXDATA
  C:0499H         PUBLIC        ?C?LSTXDATA
  -------         ENDMOD        ?C?LSTXDATA

  -------         MODULE        ?C?LSTKXDATA
  C:04A5H         PUBLIC        ?C?LSTKXDATA
  -------         ENDMOD        ?C?LSTKXDATA

  -------         MODULE        PRINTF
  X:0028H         PUBLIC        ?_PRINTF517?BYTE
  X:0028H         PUBLIC        ?_PRINTF?BYTE
  X:0028H         PUBLIC        ?_SPRINTF517?BYTE
  X:0028H         PUBLIC        ?_SPRINTF?BYTE
  C:00D1H         PUBLIC        _PRINTF
  C:00D1H         PUBLIC        _PRINTF517
  C:00CBH         PUBLIC        _SPRINTF
  C:00CBH         PUBLIC        _SPRINTF517
  -------         ENDMOD        PRINTF

  -------         MODULE        ?C?CLDPTR
  C:04D6H         PUBLIC        ?C?CLDPTR
  -------         ENDMOD        ?C?CLDPTR

  -------         MODULE        ?C?CLDOPTR
  C:04EFH         PUBLIC        ?C?CLDOPTR
BL51 BANKED LINKER/LOCATER V6.22.2.0                                                  03/06/2020  23:32:54  PAGE 10


  -------         ENDMOD        ?C?CLDOPTR

  -------         MODULE        ?C?CSTPTR
  C:051CH         PUBLIC        ?C?CSTPTR
  -------         ENDMOD        ?C?CSTPTR

  -------         MODULE        ?C?PLDIXDATA
  C:052EH         PUBLIC        ?C?PLDIXDATA
  -------         ENDMOD        ?C?PLDIXDATA

  -------         MODULE        ?C?PSTXDATA
  C:0545H         PUBLIC        ?C?PSTXDATA
  -------         ENDMOD        ?C?PSTXDATA

  -------         MODULE        ?C?CCASE
  C:054EH         PUBLIC        ?C?CCASE
  -------         ENDMOD        ?C?CCASE

  -------         MODULE        PUTCHAR
  C:07AEH         PUBLIC        _PUTCHAR
  -------         ENDMOD        PUTCHAR

*** WARNING L16: UNCALLED SEGMENT, IGNORED FOR OVERLAY PROCESS
    SEGMENT: ?PR?CFGFSYS?MAIN

*** WARNING L16: UNCALLED SEGMENT, IGNORED FOR OVERLAY PROCESS
    SEGMENT: ?PR?CH559UART0ALTER?MAIN

*** WARNING L16: UNCALLED SEGMENT, IGNORED FOR OVERLAY PROCESS
    SEGMENT: ?PR?CH559UART0RCVBYTE?MAIN

*** WARNING L16: UNCALLED SEGMENT, IGNORED FOR OVERLAY PROCESS
    SEGMENT: ?PR?_CH559UART0SENDBYTE?MAIN

*** WARNING L16: UNCALLED SEGMENT, IGNORED FOR OVERLAY PROCESS
    SEGMENT: ?PR?_CH559GPIODRIVCAP?MAIN

*** WARNING L16: UNCALLED SEGMENT, IGNORED FOR OVERLAY PROCESS
    SEGMENT: ?PR?CH559P4MODE?MAIN

*** WARNING L15: MULTIPLE CALL TO SEGMENT
    SEGMENT: ?PR?PRINTF?PRINTF
    CALLER1: ?PR?GPIOINTERRUPT?MAIN
    CALLER2: ?C_C51STARTUP

Program Size: data=29.2 xdata=118 code=2125
LINK/LOCATE RUN COMPLETE.  7 WARNING(S),  0 ERROR(S)
