BL51 BANKED LINKER/LOCATER V6.22                                                        04/29/2020  14:16:26  PAGE 1


BL51 BANKED LINKER/LOCATER V6.22, INVOKED BY:
C:\KEIL_V5\C51\BIN\BL51.EXE .\Debug.obj, .\GPIO.obj, .\Main.obj, .\TouchKey.obj TO CH554DEMO RAMSIZE (256)


MEMORY MODEL: LARGE


INPUT MODULES INCLUDED:
  .\Debug.obj (DEBUG)
  .\GPIO.obj (GPIO)
  .\Main.obj (MAIN)
  .\TouchKey.obj (TOUCHKEY)
  C:\KEIL_V5\C51\LIB\C51L.LIB (?C_STARTUP)
  C:\KEIL_V5\C51\LIB\C51L.LIB (?C?UIDIV)
  C:\KEIL_V5\C51\LIB\C51L.LIB (?C?ULDIV)
  C:\KEIL_V5\C51\LIB\C51L.LIB (?C?LSTXDATA)
  C:\KEIL_V5\C51\LIB\C51L.LIB (?C?LSTKXDATA)
  C:\KEIL_V5\C51\LIB\C51L.LIB (PRINTF)
  C:\KEIL_V5\C51\LIB\C51L.LIB (?C_INIT)
  C:\KEIL_V5\C51\LIB\C51L.LIB (?C?CLDPTR)
  C:\KEIL_V5\C51\LIB\C51L.LIB (?C?CLDOPTR)
  C:\KEIL_V5\C51\LIB\C51L.LIB (?C?CSTPTR)
  C:\KEIL_V5\C51\LIB\C51L.LIB (?C?PLDIXDATA)
  C:\KEIL_V5\C51\LIB\C51L.LIB (?C?PSTXDATA)
  C:\KEIL_V5\C51\LIB\C51L.LIB (?C?CCASE)
  C:\KEIL_V5\C51\LIB\C51L.LIB (PUTCHAR)


LINK MAP OF MODULE:  CH554DEMO (DEBUG)


            TYPE    BASE      LENGTH    RELOCATION   SEGMENT NAME
            -----------------------------------------------------

            * * * * * * *   D A T A   M E M O R Y   * * * * * * *
            REG     0000H     0008H     ABSOLUTE     "REG BANK 0"
            REG     0008H     0008H     ABSOLUTE     "REG BANK 1"
            DATA    0010H     000FH     UNIT         _DATA_GROUP_
                    001FH     0001H                  *** GAP ***
            BIT     0020H.0   0003H.3   UNIT         _BIT_GROUP_
                    0023H.3   0000H.5                *** GAP ***
            IDATA   0024H     0001H     UNIT         ?STACK

            * * * * * * *  X D A T A   M E M O R Y  * * * * * * *
            XDATA   0000H     007EH     UNIT         _XDATA_GROUP_
            XDATA   007EH     0017H     UNIT         ?XD?TOUCHKEY

            * * * * * * *   C O D E   M E M O R Y   * * * * * * *
            CODE    0000H     0003H     ABSOLUTE     
            CODE    0003H     0030H     UNIT         ?PR?MAIN?MAIN
            CODE    0033H     0008H     UNIT         ?PR?CH554UART0RCVBYTE?DEBUG
            CODE    003BH     0003H     ABSOLUTE     
            CODE    003EH     0021H     UNIT         ?PR?_TK_SELECTCHANNEL?TOUCHKEY
            CODE    005FH     0004H     UNIT         ?PR?CH554UART0ALTER?DEBUG
            CODE    0063H     0003H     ABSOLUTE     
            CODE    0066H     0365H     UNIT         ?PR?PRINTF?PRINTF
            CODE    03CBH     01FEH     UNIT         ?C?LIB_CODE
            CODE    05C9H     0198H     UNIT         ?PR?TK_MEASURE?TOUCHKEY
BL51 BANKED LINKER/LOCATER V6.22                                                      04/29/2020  14:16:26  PAGE 2


            CODE    0761H     00CAH     UNIT         ?PR?_TK_INIT?TOUCHKEY
            CODE    082BH     00A6H     UNIT         ?PR?TK_INT_ISR?TOUCHKEY
            CODE    08D1H     0095H     UNIT         ?PR?MINITSTDIO?DEBUG
            CODE    0966H     008CH     UNIT         ?C_C51STARTUP
            CODE    09F2H     0059H     UNIT         ?PR?_PORT1CFG?GPIO
            CODE    0A4BH     0059H     UNIT         ?PR?_PORT3CFG?GPIO
            CODE    0AA4H     004CH     UNIT         ?CO?TOUCHKEY
            CODE    0AF0H     002EH     UNIT         ?PR?GPIOINTERRUPT?GPIO
            CODE    0B1EH     002CH     UNIT         ?CO?MAIN
            CODE    0B4AH     0027H     UNIT         ?PR?PUTCHAR?PUTCHAR
            CODE    0B71H     0019H     UNIT         ?PR?_MDELAYMS?DEBUG
            CODE    0B8AH     0017H     UNIT         ?PR?_CH554WDTMODESELECT?DEBUG
            CODE    0BA1H     0016H     UNIT         ?PR?_ABS?TOUCHKEY
            CODE    0BB7H     0014H     UNIT         ?C_INITSEG
            CODE    0BCBH     0013H     UNIT         ?CO?GPIO
            CODE    0BDEH     0012H     UNIT         ?PR?CFGFSYS?DEBUG
            CODE    0BF0H     000EH     UNIT         ?PR?_MDELAYUS?DEBUG
            CODE    0BFEH     0009H     UNIT         ?PR?GPIOINTERRUPTCFG?GPIO
            CODE    0C07H     0008H     UNIT         ?PR?_CH554UART0SENDBYTE?DEBUG
            CODE    0C0FH     0003H     UNIT         ?PR?_CH554WDTFEED?DEBUG



OVERLAY MAP OF MODULE:   CH554DEMO (DEBUG)


SEGMENT                                   BIT_GROUP          DATA_GROUP          XDATA_GROUP
  +--> CALLED SEGMENT                  START    LENGTH     START    LENGTH     START    LENGTH
----------------------------------------------------------------------------------------------
?PR?GPIOINTERRUPT?GPIO                 -----    -----      -----    -----      -----    -----
  +--> ?CO?GPIO
  +--> ?PR?PRINTF?PRINTF

?PR?PRINTF?PRINTF                      0022H.2  0001H.1    001AH    0005H      0056H    0028H
  +--> ?PR?PUTCHAR?PUTCHAR

*** NEW ROOT ***************************************************

?PR?TK_INT_ISR?TOUCHKEY                -----    -----      -----    -----      -----    -----
  +--> ?CO?TOUCHKEY
  +--> ?PR?PRINTF?PRINTF
  +--> ?PR?_TK_SELECTCHANNEL?TOUCHKEY

*** NEW ROOT ***************************************************

?C_C51STARTUP                          -----    -----      -----    -----      -----    -----
  +--> ?PR?MAIN?MAIN
  +--> ?C_INITSEG

?PR?MAIN?MAIN                          -----    -----      -----    -----      -----    -----
  +--> ?PR?CFGFSYS?DEBUG
  +--> ?PR?_MDELAYMS?DEBUG
  +--> ?PR?_PORT3CFG?GPIO
  +--> ?PR?MINITSTDIO?DEBUG
  +--> ?CO?MAIN
  +--> ?PR?PRINTF?PRINTF
  +--> ?PR?_TK_INIT?TOUCHKEY
BL51 BANKED LINKER/LOCATER V6.22                                                      04/29/2020  14:16:26  PAGE 3


  +--> ?PR?_TK_SELECTCHANNEL?TOUCHKEY
  +--> ?PR?TK_MEASURE?TOUCHKEY

?PR?_MDELAYMS?DEBUG                    -----    -----      -----    -----      -----    -----
  +--> ?PR?_MDELAYUS?DEBUG

?PR?MINITSTDIO?DEBUG                   -----    -----      -----    -----      0050H    0005H

?PR?_TK_INIT?TOUCHKEY                  -----    -----      -----    -----      0050H    0004H
  +--> ?PR?_TK_SELECTCHANNEL?TOUCHKEY
  +--> ?CO?TOUCHKEY
  +--> ?PR?PRINTF?PRINTF

?PR?TK_MEASURE?TOUCHKEY                -----    -----      -----    -----      0050H    0006H
  +--> ?PR?_TK_SELECTCHANNEL?TOUCHKEY
  +--> ?PR?_ABS?TOUCHKEY
  +--> ?CO?TOUCHKEY
  +--> ?PR?PRINTF?PRINTF



SYMBOL TABLE OF MODULE:  CH554DEMO (DEBUG)

  VALUE           TYPE          NAME
  ----------------------------------

  -------         MODULE        DEBUG
  C:0000H         SYMBOL        _ICE_DUMMY_
  D:0090H         PUBLIC        P1
  D:00B0H         PUBLIC        P3
  C:0B8AH         PUBLIC        _CH554WDTModeSelect
  C:08D1H         PUBLIC        mInitSTDIO
  D:00E8H         PUBLIC        IE_EX
  D:00A8H         PUBLIC        IE
  C:0C0FH         PUBLIC        _CH554WDTFeed
  C:005FH         PUBLIC        CH554UART0Alter
  D:00B8H         PUBLIC        IP
  B:0098H.0       PUBLIC        RI
  B:0098H.1       PUBLIC        TI
  D:00FFH         PUBLIC        WDOG_COUNT
  D:00B9H         PUBLIC        CLOCK_CFG
  C:0B71H         PUBLIC        _mDelaymS
  D:00D8H         PUBLIC        USB_INT_FG
  C:0BF0H         PUBLIC        _mDelayuS
  B:00C8H.5       PUBLIC        RCLK
  B:00C8H.4       PUBLIC        TCLK
  D:0099H         PUBLIC        SBUF
  D:0087H         PUBLIC        PCON
  D:0098H         PUBLIC        SCON
  D:0089H         PUBLIC        TMOD
  D:0088H         PUBLIC        TCON
  C:0BDEH         PUBLIC        CfgFsys
  D:00F8H         PUBLIC        SPI0_STAT
  C:0C07H         PUBLIC        _CH554UART0SendByte
  D:008DH         PUBLIC        TH1
  B:0098H.7       PUBLIC        SM0
  B:0098H.6       PUBLIC        SM1
BL51 BANKED LINKER/LOCATER V6.22                                                      04/29/2020  14:16:26  PAGE 4


  B:0098H.5       PUBLIC        SM2
  B:0088H.6       PUBLIC        TR1
  C:0033H         PUBLIC        CH554UART0RcvByte
  D:0080H         PUBLIC        ADC_CTRL
  D:00A1H         PUBLIC        SAFE_MOD
  D:00B1H         PUBLIC        GLOBAL_CFG
  D:00C0H         PUBLIC        SCON1
  B:0098H.4       PUBLIC        REN
  D:00C9H         PUBLIC        T2MOD
  D:00C8H         PUBLIC        T2CON
  D:00C6H         PUBLIC        PIN_FUNC
  D:00D0H         PUBLIC        PSW
  -------         PROC          CFGFSYS
  C:0BDEH         LINE#         25
  C:0BDEH         LINE#         26
  C:0BDEH         LINE#         33
  C:0BE1H         LINE#         34
  C:0BE4H         LINE#         42
  C:0BECH         LINE#         56
  C:0BEFH         LINE#         57
  -------         ENDPROC       CFGFSYS
  -------         PROC          _MDELAYUS
  D:0006H         SYMBOL        n
  C:0BF0H         LINE#         66
  C:0BF0H         LINE#         67
  C:0BF0H         LINE#         79
  C:0BF4H         LINE#         80
  C:0BF6H         LINE#         101
  C:0BFBH         LINE#         102
  C:0BFDH         LINE#         103
  -------         ENDPROC       _MDELAYUS
  -------         PROC          _MDELAYMS
  D:0004H         SYMBOL        n
  C:0B71H         LINE#         112
  C:0B77H         LINE#         113
  C:0B77H         LINE#         114
  C:0B7BH         LINE#         119
  C:0B82H         LINE#         121
  C:0B87H         LINE#         122
  C:0B89H         LINE#         123
  -------         ENDPROC       _MDELAYMS
  -------         PROC          CH554UART0ALTER
  C:005FH         LINE#         132
  C:005FH         LINE#         133
  C:005FH         LINE#         134
  C:0062H         LINE#         135
  -------         ENDPROC       CH554UART0ALTER
  -------         PROC          MINITSTDIO
  -------         DO            
  X:0050H         SYMBOL        x
  X:0054H         SYMBOL        x2
  -------         ENDDO         
  C:08D1H         LINE#         145
  C:08D1H         LINE#         146
  C:08D1H         LINE#         150
  C:08D3H         LINE#         151
  C:08D5H         LINE#         152
BL51 BANKED LINKER/LOCATER V6.22                                                      04/29/2020  14:16:26  PAGE 5


  C:08D7H         LINE#         154
  C:08D9H         LINE#         155
  C:08DBH         LINE#         156
  C:08DEH         LINE#         157
  C:08E8H         LINE#         158
  C:0904H         LINE#         159
  C:0921H         LINE#         160
  C:0949H         LINE#         162
  C:0951H         LINE#         163
  C:0954H         LINE#         164
  C:095FH         LINE#         165
  C:0961H         LINE#         166
  C:0963H         LINE#         167
  C:0965H         LINE#         168
  -------         ENDPROC       MINITSTDIO
  -------         PROC          CH554UART0RCVBYTE
  C:0033H         LINE#         177
  C:0033H         LINE#         178
  C:0033H         LINE#         179
  C:0036H         LINE#         180
  C:0038H         LINE#         181
  C:003AH         LINE#         182
  -------         ENDPROC       CH554UART0RCVBYTE
  -------         PROC          _CH554UART0SENDBYTE
  D:0007H         SYMBOL        SendDat
  C:0C07H         LINE#         191
  C:0C07H         LINE#         192
  C:0C07H         LINE#         193
  C:0C09H         LINE#         194
  C:0C0CH         LINE#         195
  C:0C0EH         LINE#         196
  -------         ENDPROC       _CH554UART0SENDBYTE
  -------         PROC          _CH554WDTMODESELECT
  D:0007H         SYMBOL        mode
  C:0B8AH         LINE#         207
  C:0B8AH         LINE#         208
  C:0B8AH         LINE#         209
  C:0B8DH         LINE#         210
  C:0B90H         LINE#         211
  C:0B93H         LINE#         212
  C:0B96H         LINE#         213
  C:0B98H         LINE#         214
  C:0B9BH         LINE#         215
  C:0B9EH         LINE#         216
  C:0BA0H         LINE#         217
  -------         ENDPROC       _CH554WDTMODESELECT
  -------         PROC          _CH554WDTFEED
  D:0007H         SYMBOL        tim
  C:0C0FH         LINE#         228
  C:0C0FH         LINE#         229
  C:0C0FH         LINE#         230
  C:0C11H         LINE#         231
  -------         ENDPROC       _CH554WDTFEED
  -------         ENDMOD        DEBUG

  -------         MODULE        GPIO
  C:0000H         SYMBOL        _ICE_DUMMY_
BL51 BANKED LINKER/LOCATER V6.22                                                      04/29/2020  14:16:26  PAGE 6


  D:0090H         PUBLIC        P1
  D:00B0H         PUBLIC        P3
  C:0AF0H         PUBLIC        GPIOInterrupt
  D:00E8H         PUBLIC        IE_EX
  D:00A8H         PUBLIC        IE
  C:0BFEH         PUBLIC        GPIOInterruptCfg
  D:00B8H         PUBLIC        IP
  D:00C7H         PUBLIC        GPIO_IE
  B:00E8H.6       PUBLIC        IE_GPIO
  D:00D8H         PUBLIC        USB_INT_FG
  D:0098H         PUBLIC        SCON
  D:0088H         PUBLIC        TCON
  D:0092H         PUBLIC        P1_MOD_OC
  D:0096H         PUBLIC        P3_MOD_OC
  D:00F8H         PUBLIC        SPI0_STAT
  D:0093H         PUBLIC        P1_DIR_PU
  D:0097H         PUBLIC        P3_DIR_PU
  D:0080H         PUBLIC        ADC_CTRL
  D:00C0H         PUBLIC        SCON1
  D:00C8H         PUBLIC        T2CON
  C:09F2H         PUBLIC        _Port1Cfg
  C:0A4BH         PUBLIC        _Port3Cfg
  D:00C6H         PUBLIC        PIN_FUNC
  D:00D0H         PUBLIC        PSW
  -------         PROC          _PORT1CFG
  D:0007H         SYMBOL        Mode
  D:0005H         SYMBOL        Pin
  C:09F2H         LINE#         28
  C:09F2H         LINE#         29
  C:09F2H         LINE#         30
  C:0A00H         LINE#         31
  C:0A00H         LINE#         32
  C:0A0FH         LINE#         33
  C:0A11H         LINE#         34
  C:0A12H         LINE#         35
  C:0A12H         LINE#         36
  C:0A22H         LINE#         37
  C:0A22H         LINE#         38
  C:0A24H         LINE#         39
  C:0A24H         LINE#         40
  C:0A33H         LINE#         41
  C:0A37H         LINE#         42
  C:0A38H         LINE#         43
  C:0A38H         LINE#         44
  C:0A47H         LINE#         45
  C:0A4AH         LINE#         46
  C:0A4AH         LINE#         47
  C:0A4AH         LINE#         48
  C:0A4AH         LINE#         49
  C:0A4AH         LINE#         50
  -------         ENDPROC       _PORT1CFG
  -------         PROC          _PORT3CFG
  D:0007H         SYMBOL        Mode
  D:0005H         SYMBOL        Pin
  C:0A4BH         LINE#         63
  C:0A4BH         LINE#         64
  C:0A4BH         LINE#         65
BL51 BANKED LINKER/LOCATER V6.22                                                      04/29/2020  14:16:26  PAGE 7


  C:0A59H         LINE#         66
  C:0A59H         LINE#         67
  C:0A68H         LINE#         68
  C:0A6AH         LINE#         69
  C:0A6BH         LINE#         70
  C:0A6BH         LINE#         71
  C:0A7BH         LINE#         72
  C:0A7BH         LINE#         73
  C:0A7DH         LINE#         74
  C:0A7DH         LINE#         75
  C:0A8CH         LINE#         76
  C:0A90H         LINE#         77
  C:0A91H         LINE#         78
  C:0A91H         LINE#         79
  C:0AA0H         LINE#         80
  C:0AA3H         LINE#         81
  C:0AA3H         LINE#         82
  C:0AA3H         LINE#         83
  C:0AA3H         LINE#         84
  C:0AA3H         LINE#         85
  -------         ENDPROC       _PORT3CFG
  -------         PROC          GPIOINTERRUPTCFG
  C:0BFEH         LINE#         94
  C:0BFEH         LINE#         95
  C:0BFEH         LINE#         96
  C:0C01H         LINE#         99
  C:0C04H         LINE#         103
  C:0C06H         LINE#         104
  -------         ENDPROC       GPIOINTERRUPTCFG
  -------         PROC          GPIOINTERRUPT
  C:0AF0H         LINE#         111
  C:0AFDH         LINE#         114
  C:0B13H         LINE#         116
  -------         ENDPROC       GPIOINTERRUPT
  -------         ENDMOD        GPIO

  -------         MODULE        MAIN
  C:0000H         SYMBOL        _ICE_DUMMY_
  D:0090H         PUBLIC        P1
  D:00B0H         PUBLIC        P3
  D:00E8H         PUBLIC        IE_EX
  D:00A8H         PUBLIC        IE
  D:00B8H         PUBLIC        IP
  D:00D8H         PUBLIC        USB_INT_FG
  C:0003H         PUBLIC        main
  D:0098H         PUBLIC        SCON
  D:0088H         PUBLIC        TCON
  D:00F8H         PUBLIC        SPI0_STAT
  D:0080H         PUBLIC        ADC_CTRL
  D:00C0H         PUBLIC        SCON1
  D:00C8H         PUBLIC        T2CON
  D:00D0H         PUBLIC        PSW
  -------         PROC          MAIN
  C:0003H         LINE#         35
  C:0003H         LINE#         36
  C:0003H         LINE#         37
  C:0006H         LINE#         38
BL51 BANKED LINKER/LOCATER V6.22                                                      04/29/2020  14:16:26  PAGE 8


  C:000DH         LINE#         40
  C:0014H         LINE#         42
  C:0017H         LINE#         43
  C:0020H         LINE#         45
  C:0029H         LINE#         47
  C:002EH         LINE#         53
  C:002EH         LINE#         54
  C:002EH         LINE#         57
  C:0031H         LINE#         60
  -------         ENDPROC       MAIN
  -------         ENDMOD        MAIN

  -------         MODULE        TOUCHKEY
  C:0000H         SYMBOL        _ICE_DUMMY_
  D:0090H         PUBLIC        P1
  D:00B0H         PUBLIC        P3
  D:00E8H         PUBLIC        IE_EX
  D:00A8H         PUBLIC        IE
  C:0761H         PUBLIC        _TK_Init
  D:00B8H         PUBLIC        IP
  C:082BH         PUBLIC        TK_int_ISR
  C:003EH         PUBLIC        _TK_SelectChannel
  D:00D8H         PUBLIC        USB_INT_FG
  X:007FH         PUBLIC        Key_DataBuf
  B:00E8H.1       PUBLIC        IE_TKEY
  X:0087H         PUBLIC        Key_FreeBuf
  D:0098H         PUBLIC        SCON
  D:0088H         PUBLIC        TCON
  D:0092H         PUBLIC        P1_MOD_OC
  D:00F8H         PUBLIC        SPI0_STAT
  D:0093H         PUBLIC        P1_DIR_PU
  D:00C3H         PUBLIC        TKEY_CTRL
  C:0BA1H         PUBLIC        _ABS
  C:05C9H         PUBLIC        TK_Measure
  D:0080H         PUBLIC        ADC_CTRL
  D:00C0H         PUBLIC        SCON1
  D:00C8H         PUBLIC        T2CON
  X:008FH         PUBLIC        Press_Flag
  D:00C4H         PUBLIC        TKEY_DAT
  D:00D0H         PUBLIC        PSW
  X:0090H         PUBLIC        TK_Code
  X:0094H         PUBLIC        Touch_IN
  -------         PROC          _TK_SELECTCHANNEL
  D:0007H         SYMBOL        ch
  C:003EH         LINE#         46
  C:003EH         LINE#         47
  C:003EH         LINE#         48
  C:0044H         LINE#         49
  C:0044H         LINE#         50
  C:0059H         LINE#         51
  C:005CH         LINE#         52
  C:005CH         LINE#         54
  C:005EH         LINE#         55
  -------         ENDPROC       _TK_SELECTCHANNEL
  -------         PROC          _TK_INIT
  D:0007H         SYMBOL        channel
  D:0005H         SYMBOL        queryFreq
BL51 BANKED LINKER/LOCATER V6.22                                                      04/29/2020  14:16:26  PAGE 9


  X:0050H         SYMBOL        ie
  -------         DO            
  X:0051H         SYMBOL        i
  D:0005H         SYMBOL        j
  X:0052H         SYMBOL        sum
  D:0006H         SYMBOL        OverTime
  -------         ENDDO         
  C:0761H         LINE#         65
  C:0766H         LINE#         66
  C:0766H         LINE#         71
  C:076BH         LINE#         72
  C:076BH         LINE#         73
  C:076EH         LINE#         74
  C:076EH         LINE#         76
  C:0772H         LINE#         77
  C:0774H         LINE#         79
  C:0777H         LINE#         80
  C:0777H         LINE#         81
  C:077AH         LINE#         82
  C:077AH         LINE#         86
  C:078CH         LINE#         87
  C:078CH         LINE#         89
  C:0791H         LINE#         90
  C:0793H         LINE#         91
  C:0796H         LINE#         93
  C:079DH         LINE#         94
  C:079DH         LINE#         95
  C:07A0H         LINE#         96
  C:07A5H         LINE#         97
  C:07A5H         LINE#         98
  C:07ADH         LINE#         99
  C:07ADH         LINE#         100
  C:07B0H         LINE#         101
  C:07B0H         LINE#         102
  C:07B0H         LINE#         103
  C:07BEH         LINE#         104
  C:07C0H         LINE#         105
  C:07E4H         LINE#         106
  C:080EH         LINE#         107
  C:0817H         LINE#         108
  C:0820H         LINE#         109
  C:0826H         LINE#         110
  C:0826H         LINE#         111
  C:0828H         LINE#         112
  C:0828H         LINE#         114
  C:082AH         LINE#         115
  -------         ENDPROC       _TK_INIT
  -------         PROC          _ABS
  D:0006H         SYMBOL        a
  D:0004H         SYMBOL        b
  C:0BA1H         LINE#         126
  C:0BA1H         LINE#         127
  C:0BA1H         LINE#         128
  C:0BA8H         LINE#         129
  C:0BA8H         LINE#         130
  C:0BAFH         LINE#         131
  C:0BAFH         LINE#         133
BL51 BANKED LINKER/LOCATER V6.22                                                      04/29/2020  14:16:26  PAGE 10


  C:0BAFH         LINE#         134
  C:0BB6H         LINE#         135
  C:0BB6H         LINE#         136
  -------         ENDPROC       _ABS
  -------         PROC          TK_MEASURE
  -------         DO            
  X:0050H         SYMBOL        i
  D:0001H         SYMBOL        j
  X:0051H         SYMBOL        num
  X:0052H         SYMBOL        err
  D:0004H         SYMBOL        sum
  D:0006H         SYMBOL        OverTime
  X:0054H         SYMBOL        KeyData
  -------         ENDDO         
  C:05C9H         LINE#         147
  C:05C9H         LINE#         148
  C:05C9H         LINE#         154
  C:05DBH         LINE#         155
  C:05DBH         LINE#         156
  C:05DEH         LINE#         157
  C:05E0H         LINE#         158
  C:05E3H         LINE#         159
  C:05F6H         LINE#         161
  C:05FDH         LINE#         162
  C:05FDH         LINE#         163
  C:0600H         LINE#         164
  C:0605H         LINE#         165
  C:0605H         LINE#         166
  C:060DH         LINE#         167
  C:060DH         LINE#         168
  C:0610H         LINE#         169
  C:0610H         LINE#         170
  C:0610H         LINE#         171
  C:0618H         LINE#         172
  C:061AH         LINE#         173
  C:063CH         LINE#         178
  C:0669H         LINE#         179
  C:0671H         LINE#         180
  C:0671H         LINE#         181
  C:0691H         LINE#         182
  C:0691H         LINE#         183
  C:06C2H         LINE#         184
  C:06C2H         LINE#         185
  C:06DDH         LINE#         186
  C:06DFH         LINE#         187
  C:06EEH         LINE#         188
  C:06EEH         LINE#         189
  C:070EH         LINE#         190
  C:070EH         LINE#         191
  C:0727H         LINE#         192
  C:0755H         LINE#         193
  C:0755H         LINE#         194
  C:0755H         LINE#         195
  C:075EH         LINE#         198
  C:0760H         LINE#         199
  -------         ENDPROC       TK_MEASURE
  -------         PROC          TK_INT_ISR
BL51 BANKED LINKER/LOCATER V6.22                                                      04/29/2020  14:16:26  PAGE 11


  -------         DO            
  X:007EH         SYMBOL        ch
  D:000CH         SYMBOL        KeyData
  -------         ENDDO         
  C:082BH         LINE#         209
  C:0838H         LINE#         213
  C:083CH         LINE#         215
  C:085EH         LINE#         216
  C:085EH         LINE#         217
  C:0881H         LINE#         218
  C:0881H         LINE#         220
  C:08B1H         LINE#         222
  C:08BCH         LINE#         223
  C:08BCH         LINE#         225
  C:08BEH         LINE#         226
  C:08BEH         LINE#         227
  C:08C6H         LINE#         230
  -------         ENDPROC       TK_INT_ISR
  -------         ENDMOD        TOUCHKEY

  -------         MODULE        ?C?UIDIV
  C:03CBH         PUBLIC        ?C?UIDIV
  -------         ENDMOD        ?C?UIDIV

  -------         MODULE        ?C?ULDIV
  C:045CH         PUBLIC        ?C?ULDIV
  -------         ENDMOD        ?C?ULDIV

  -------         MODULE        ?C?LSTXDATA
  C:04EEH         PUBLIC        ?C?LSTXDATA
  -------         ENDMOD        ?C?LSTXDATA

  -------         MODULE        ?C?LSTKXDATA
  C:04FAH         PUBLIC        ?C?LSTKXDATA
  -------         ENDMOD        ?C?LSTKXDATA

  -------         MODULE        PRINTF
  X:0056H         PUBLIC        ?_PRINTF517?BYTE
  X:0056H         PUBLIC        ?_PRINTF?BYTE
  X:0056H         PUBLIC        ?_SPRINTF517?BYTE
  X:0056H         PUBLIC        ?_SPRINTF?BYTE
  C:00D1H         PUBLIC        _PRINTF
  C:00D1H         PUBLIC        _PRINTF517
  C:00CBH         PUBLIC        _SPRINTF
  C:00CBH         PUBLIC        _SPRINTF517
  -------         ENDMOD        PRINTF

  -------         MODULE        ?C?CLDPTR
  C:052BH         PUBLIC        ?C?CLDPTR
  -------         ENDMOD        ?C?CLDPTR

  -------         MODULE        ?C?CLDOPTR
  C:0544H         PUBLIC        ?C?CLDOPTR
  -------         ENDMOD        ?C?CLDOPTR

  -------         MODULE        ?C?CSTPTR
  C:0571H         PUBLIC        ?C?CSTPTR
BL51 BANKED LINKER/LOCATER V6.22                                                      04/29/2020  14:16:26  PAGE 12


  -------         ENDMOD        ?C?CSTPTR

  -------         MODULE        ?C?PLDIXDATA
  C:0583H         PUBLIC        ?C?PLDIXDATA
  -------         ENDMOD        ?C?PLDIXDATA

  -------         MODULE        ?C?PSTXDATA
  C:059AH         PUBLIC        ?C?PSTXDATA
  -------         ENDMOD        ?C?PSTXDATA

  -------         MODULE        ?C?CCASE
  C:05A3H         PUBLIC        ?C?CCASE
  -------         ENDMOD        ?C?CCASE

  -------         MODULE        PUTCHAR
  C:0B4AH         PUBLIC        _PUTCHAR
  -------         ENDMOD        PUTCHAR

*** WARNING L16: UNCALLED SEGMENT, IGNORED FOR OVERLAY PROCESS
    SEGMENT: ?PR?CH554UART0ALTER?DEBUG

*** WARNING L16: UNCALLED SEGMENT, IGNORED FOR OVERLAY PROCESS
    SEGMENT: ?PR?CH554UART0RCVBYTE?DEBUG

*** WARNING L16: UNCALLED SEGMENT, IGNORED FOR OVERLAY PROCESS
    SEGMENT: ?PR?_CH554UART0SENDBYTE?DEBUG

*** WARNING L16: UNCALLED SEGMENT, IGNORED FOR OVERLAY PROCESS
    SEGMENT: ?PR?_CH554WDTMODESELECT?DEBUG

*** WARNING L16: UNCALLED SEGMENT, IGNORED FOR OVERLAY PROCESS
    SEGMENT: ?PR?_CH554WDTFEED?DEBUG

*** WARNING L16: UNCALLED SEGMENT, IGNORED FOR OVERLAY PROCESS
    SEGMENT: ?PR?_PORT1CFG?GPIO

*** WARNING L16: UNCALLED SEGMENT, IGNORED FOR OVERLAY PROCESS
    SEGMENT: ?PR?GPIOINTERRUPTCFG?GPIO

*** WARNING L15: MULTIPLE CALL TO SEGMENT
    SEGMENT: ?PR?PRINTF?PRINTF
    CALLER1: ?PR?GPIOINTERRUPT?GPIO
    CALLER2: ?PR?TK_INT_ISR?TOUCHKEY

*** WARNING L15: MULTIPLE CALL TO SEGMENT
    SEGMENT: ?PR?PRINTF?PRINTF
    CALLER1: ?PR?TK_INT_ISR?TOUCHKEY
    CALLER2: ?C_C51STARTUP

Program Size: data=35.3 xdata=149 code=3090
LINK/LOCATE RUN COMPLETE.  9 WARNING(S),  0 ERROR(S)
