C51 COMPILER V9.60.0.0   MAIN                                                              03/06/2020 23:32:54 PAGE 1   


C51 COMPILER V9.60.0.0, COMPILATION OF MODULE MAIN
OBJECT MODULE PLACED IN main.obj
COMPILER INVOKED BY: d:\Keil_v5\C51\BIN\C51.EXE GPIO\main.c LARGE OPTIMIZE(8,SPEED) BROWSE INCDIR(.\GPIO) DEBUG OBJECTEX
                    -TEND PRINT(.\main.lst) TABS(2) OBJECT(main.obj)

line level    source

   1          
   2          
   3          #include "GPIO.C"
   4          
   5          
   6          
   7          main( ) 
   8          {
   9   1      //  CfgFsys( );                                                                //CH559时钟选择配置   
  10   1          mDelaymS(5);                                                              //等待内部晶振稳定
  11   1          P1_DIR = 0xff;  
  12   1          
  13   1          mInitSTDIO( );                                                             //串口0,可以用于调试
  14   1          printf("start ...\n");  
  15   1                                                                          
  16   1          XBUS_AUX |=  bALE_CLK_EN;                                                  //关闭RS485模式 RS485_EN = 
             -0;
  17   1          SER1_IER |= bIER_PIN_MOD1| bIER_PIN_MOD0;                                  //中断使能寄存器，脚位设置P
             -2.6和P2.7,TNOW(P2.5)
  18   1          RXD1_ = 1;
  19   1          CH559GPIOInterruptInit();
  20   1          IE_GPIO = 1;                                                               //使能GPIO中断
  21   1          EA  = 1;                                                                   //使能全局中断 
  22   1          
  23   1          //CH559GPIODrivCap(1, 1);
  24   1        
  25   1          
  26   1        
  27   1          while(1){
  28   2            CH559GPIOModeSelt(1, 2); // port, drive method, pin_number
*** WARNING C209 IN LINE 28 OF GPIO\main.c: '_CH559GPIOModeSelt': too few actual parameters
  29   2            
  30   2            mDelaymS(500);
  31   2            LED_1=1;
  32   2            LED_2=0;
  33   2            LED_3=0;
  34   2            LED_4=0;
  35   2            
  36   2            mDelaymS(500);
  37   2            LED_1=0;
  38   2            LED_2=1;
  39   2            LED_3=0;
  40   2            LED_4=0;
  41   2            
  42   2            mDelaymS(500);
  43   2            LED_1=0;
  44   2            LED_2=0;
  45   2            LED_3=1;
  46   2            LED_4=0;
  47   2            
  48   2            mDelaymS(500);
  49   2            LED_1=0;
  50   2            LED_2=0;
  51   2            LED_3=0;
C51 COMPILER V9.60.0.0   MAIN                                                              03/06/2020 23:32:54 PAGE 2   

  52   2            LED_4=1;
  53   2          }
  54   1      }


MODULE INFORMATION:   STATIC OVERLAYABLE
   CODE SIZE        =    751    ----
   CONSTANT SIZE    =     23    ----
   XDATA SIZE       =   ----       5
   PDATA SIZE       =   ----    ----
   DATA SIZE        =   ----    ----
   IDATA SIZE       =   ----    ----
   BIT SIZE         =   ----    ----
END OF MODULE INFORMATION.


C51 COMPILATION COMPLETE.  1 WARNING(S),  0 ERROR(S)
