C51 COMPILER V9.56.0.0   MAIN                                                              04/28/2020 22:42:23 PAGE 1   


C51 COMPILER V9.56.0.0, COMPILATION OF MODULE MAIN
OBJECT MODULE PLACED IN .\Main.obj
COMPILER INVOKED BY: C:\Keil_v5\C51\BIN\C51.EXE ..\src\Main.C OPTIMIZE(8,SPEED) BROWSE NOAREGS INCDIR(..\src) DEBUG OBJE
                    -CTEXTEND PRINT(.\Main.lst) TABS(2) OBJECT(.\Main.obj)

line level    source

   1          
   2          /********************************** (C) COPYRIGHT *******************************
   3          
   4          *******************************************************************************/
   5          #include "CH554.H"
   6          #include "Debug.H"
   7          #include "GPIO.H"
   8          
   9          #include <stdio.h>
  10          
  11          sbit  LED=P1^4;
  12          main( )
  13          {
  14   1        CfgFsys( );                                                                //CH554 ±÷”—°‘Ò≈‰÷√
  15   1        mDelaymS(5);
  16   1        Port1Cfg(1, 4);  
  17   1        
  18   1        UART1Setup();
  19   1        while(1)
  20   1        {
  21   2          mDelaymS(500);
  22   2          LED=!LED;
  23   2          CH554UART1SendByte('R');
  24   2      
  25   2       
  26   2        }
  27   1      }


MODULE INFORMATION:   STATIC OVERLAYABLE
   CODE SIZE        =     36    ----
   CONSTANT SIZE    =   ----    ----
   XDATA SIZE       =   ----    ----
   PDATA SIZE       =   ----    ----
   DATA SIZE        =   ----    ----
   IDATA SIZE       =   ----    ----
   BIT SIZE         =   ----    ----
END OF MODULE INFORMATION.


C51 COMPILATION COMPLETE.  0 WARNING(S),  0 ERROR(S)
