BL51 BANKED LINKER/LOCATER V6.22                                                        04/28/2020  22:42:24  PAGE 1


BL51 BANKED LINKER/LOCATER V6.22, INVOKED BY:
C:\KEIL_V5\C51\BIN\BL51.EXE .\Debug.obj, .\GPIO.obj, .\Main.obj TO R2


MEMORY MODEL: SMALL


INPUT MODULES INCLUDED:
  .\Debug.obj (DEBUG)
  .\GPIO.obj (GPIO)
  .\Main.obj (MAIN)
  C:\KEIL_V5\C51\LIB\C51S.LIB (?C_STARTUP)
  C:\KEIL_V5\C51\LIB\C51S.LIB (?C?ULDIV)
  C:\KEIL_V5\C51\LIB\C51S.LIB (PRINTF)
  C:\KEIL_V5\C51\LIB\C51S.LIB (?C?CLDPTR)
  C:\KEIL_V5\C51\LIB\C51S.LIB (?C?CLDOPTR)
  C:\KEIL_V5\C51\LIB\C51S.LIB (?C?CSTPTR)
  C:\KEIL_V5\C51\LIB\C51S.LIB (?C?PLDIIDATA)
  C:\KEIL_V5\C51\LIB\C51S.LIB (?C?CCASE)
  C:\KEIL_V5\C51\LIB\C51S.LIB (PUTCHAR)


LINK MAP OF MODULE:  R2 (DEBUG)


            TYPE    BASE      LENGTH    RELOCATION   SEGMENT NAME
            -----------------------------------------------------

            * * * * * * *   D A T A   M E M O R Y   * * * * * * *
            REG     0000H     0008H     ABSOLUTE     "REG BANK 0"
            REG     0008H     0008H     ABSOLUTE     "REG BANK 1"
            DATA    0010H     0005H     UNIT         ?DT?MINITSTDIO?DEBUG
                    0015H     000BH                  *** GAP ***
            BIT     0020H.0   0001H.1   UNIT         _BIT_GROUP_
                    0021H.1   0000H.7                *** GAP ***
            DATA    0022H     0014H     UNIT         _DATA_GROUP_
            IDATA   0036H     0001H     UNIT         ?STACK

            * * * * * * *   C O D E   M E M O R Y   * * * * * * *
            CODE    0000H     0003H     ABSOLUTE     
            CODE    0003H     0059H     UNIT         ?PR?_PORT1CFG?GPIO
            CODE    005CH     0004H     UNIT         ?PR?CH554UART0ALTER?DEBUG
            CODE    0060H     0003H     UNIT         ?PR?_CH554WDTFEED?DEBUG
            CODE    0063H     0003H     ABSOLUTE     
            CODE    0066H     035CH     UNIT         ?PR?PRINTF?PRINTF
            CODE    03C2H     015CH     UNIT         ?C?LIB_CODE
            CODE    051EH     0076H     UNIT         ?PR?MINITSTDIO?DEBUG
            CODE    0594H     0059H     UNIT         ?PR?_PORT3CFG?GPIO
            CODE    05EDH     002AH     UNIT         ?PR?GPIOINTERRUPT?GPIO
            CODE    0617H     0027H     UNIT         ?PR?PUTCHAR?PUTCHAR
            CODE    063EH     0024H     UNIT         ?PR?MAIN?MAIN
            CODE    0662H     0019H     UNIT         ?PR?_MDELAYMS?DEBUG
            CODE    067BH     0017H     UNIT         ?PR?_CH554WDTMODESELECT?DEBUG
            CODE    0692H     0013H     UNIT         ?CO?GPIO
            CODE    06A5H     0012H     UNIT         ?PR?CFGFSYS?DEBUG
            CODE    06B7H     000EH     UNIT         ?PR?_MDELAYUS?DEBUG
            CODE    06C5H     000CH     UNIT         ?C_C51STARTUP
            CODE    06D1H     000AH     UNIT         ?PR?UART1SETUP?DEBUG
BL51 BANKED LINKER/LOCATER V6.22                                                      04/28/2020  22:42:24  PAGE 2


            CODE    06DBH     0009H     UNIT         ?PR?GPIOINTERRUPTCFG?GPIO
            CODE    06E4H     0008H     UNIT         ?PR?CH554UART0RCVBYTE?DEBUG
            CODE    06ECH     0008H     UNIT         ?PR?_CH554UART0SENDBYTE?DEBUG
            CODE    06F4H     0008H     UNIT         ?PR?CH554UART1RCVBYTE?DEBUG
            CODE    06FCH     0008H     UNIT         ?PR?_CH554UART1SENDBYTE?DEBUG



OVERLAY MAP OF MODULE:   R2 (DEBUG)


SEGMENT                                  BIT_GROUP          DATA_GROUP 
  +--> CALLED SEGMENT                 START    LENGTH     START    LENGTH
-------------------------------------------------------------------------
?PR?GPIOINTERRUPT?GPIO                -----    -----      -----    -----
  +--> ?CO?GPIO
  +--> ?PR?PRINTF?PRINTF

?PR?PRINTF?PRINTF                     0020H.0  0001H.1    0022H    0014H
  +--> ?PR?PUTCHAR?PUTCHAR

*** NEW ROOT ***************************************************

?C_C51STARTUP                         -----    -----      -----    -----
  +--> ?PR?MAIN?MAIN

?PR?MAIN?MAIN                         -----    -----      -----    -----
  +--> ?PR?CFGFSYS?DEBUG
  +--> ?PR?_MDELAYMS?DEBUG
  +--> ?PR?_PORT1CFG?GPIO
  +--> ?PR?UART1SETUP?DEBUG
  +--> ?PR?_CH554UART1SENDBYTE?DEBUG

?PR?_MDELAYMS?DEBUG                   -----    -----      -----    -----
  +--> ?PR?_MDELAYUS?DEBUG



SYMBOL TABLE OF MODULE:  R2 (DEBUG)

  VALUE           TYPE          NAME
  ----------------------------------

  -------         MODULE        DEBUG
  C:0000H         SYMBOL        _ICE_DUMMY_
  D:0090H         PUBLIC        P1
  D:00B0H         PUBLIC        P3
  C:06D1H         PUBLIC        UART1Setup
  C:067BH         PUBLIC        _CH554WDTModeSelect
  C:051EH         PUBLIC        mInitSTDIO
  D:00E8H         PUBLIC        IE_EX
  D:00A8H         PUBLIC        IE
  C:0060H         PUBLIC        _CH554WDTFeed
  C:005CH         PUBLIC        CH554UART0Alter
  D:00B8H         PUBLIC        IP
  B:0098H.0       PUBLIC        RI
  B:0098H.1       PUBLIC        TI
BL51 BANKED LINKER/LOCATER V6.22                                                      04/28/2020  22:42:24  PAGE 3


  D:00FFH         PUBLIC        WDOG_COUNT
  D:00B9H         PUBLIC        CLOCK_CFG
  C:0662H         PUBLIC        _mDelaymS
  D:00C2H         PUBLIC        SBAUD1
  B:00C0H.0       PUBLIC        U1RI
  B:00C0H.1       PUBLIC        U1TI
  D:00D8H         PUBLIC        USB_INT_FG
  C:06B7H         PUBLIC        _mDelayuS
  B:00C8H.5       PUBLIC        RCLK
  B:00C8H.4       PUBLIC        TCLK
  D:0099H         PUBLIC        SBUF
  D:0087H         PUBLIC        PCON
  D:0098H         PUBLIC        SCON
  D:0089H         PUBLIC        TMOD
  D:0088H         PUBLIC        TCON
  C:06A5H         PUBLIC        CfgFsys
  B:00C0H.5       PUBLIC        U1SMOD
  D:00F8H         PUBLIC        SPI0_STAT
  C:06ECH         PUBLIC        _CH554UART0SendByte
  C:06FCH         PUBLIC        _CH554UART1SendByte
  D:008DH         PUBLIC        TH1
  B:0098H.7       PUBLIC        SM0
  B:0098H.6       PUBLIC        SM1
  B:0098H.5       PUBLIC        SM2
  B:00C0H.7       PUBLIC        U1SM0
  B:0088H.6       PUBLIC        TR1
  C:06E4H         PUBLIC        CH554UART0RcvByte
  C:06F4H         PUBLIC        CH554UART1RcvByte
  D:0080H         PUBLIC        ADC_CTRL
  D:00A1H         PUBLIC        SAFE_MOD
  D:00C1H         PUBLIC        SBUF1
  D:00B1H         PUBLIC        GLOBAL_CFG
  D:00C0H         PUBLIC        SCON1
  B:0098H.4       PUBLIC        REN
  D:00C9H         PUBLIC        T2MOD
  D:00C8H         PUBLIC        T2CON
  B:00C0H.4       PUBLIC        U1REN
  D:00C6H         PUBLIC        PIN_FUNC
  D:00D0H         PUBLIC        PSW
  -------         PROC          CFGFSYS
  C:06A5H         LINE#         25
  C:06A5H         LINE#         26
  C:06A5H         LINE#         31
  C:06A8H         LINE#         32
  C:06ABH         LINE#         36
  C:06B3H         LINE#         41
  C:06B6H         LINE#         42
  -------         ENDPROC       CFGFSYS
  -------         PROC          _MDELAYUS
  D:0006H         SYMBOL        n
  C:06B7H         LINE#         51
  C:06B7H         LINE#         52
  C:06B7H         LINE#         64
  C:06BBH         LINE#         65
  C:06BDH         LINE#         98
  C:06C2H         LINE#         99
  C:06C4H         LINE#         100
BL51 BANKED LINKER/LOCATER V6.22                                                      04/28/2020  22:42:24  PAGE 4


  -------         ENDPROC       _MDELAYUS
  -------         PROC          _MDELAYMS
  D:0004H         SYMBOL        n
  C:0662H         LINE#         109
  C:0668H         LINE#         110
  C:0668H         LINE#         111
  C:066CH         LINE#         116
  C:0673H         LINE#         118
  C:0678H         LINE#         119
  C:067AH         LINE#         120
  -------         ENDPROC       _MDELAYMS
  -------         PROC          CH554UART0ALTER
  C:005CH         LINE#         129
  C:005CH         LINE#         130
  C:005CH         LINE#         131
  C:005FH         LINE#         132
  -------         ENDPROC       CH554UART0ALTER
  -------         PROC          MINITSTDIO
  -------         DO            
  D:0010H         SYMBOL        x
  D:0014H         SYMBOL        x2
  -------         ENDDO         
  C:051EH         LINE#         142
  C:051EH         LINE#         143
  C:051EH         LINE#         147
  C:0520H         LINE#         148
  C:0522H         LINE#         149
  C:0524H         LINE#         151
  C:0526H         LINE#         152
  C:0528H         LINE#         153
  C:052BH         LINE#         154
  C:0536H         LINE#         155
  C:054BH         LINE#         156
  C:0564H         LINE#         157
  C:057CH         LINE#         159
  C:0584H         LINE#         160
  C:0587H         LINE#         161
  C:058DH         LINE#         162
  C:058FH         LINE#         163
  C:0591H         LINE#         164
  C:0593H         LINE#         165
  -------         ENDPROC       MINITSTDIO
  -------         PROC          CH554UART0RCVBYTE
  C:06E4H         LINE#         174
  C:06E4H         LINE#         175
  C:06E4H         LINE#         176
  C:06E7H         LINE#         177
  C:06E9H         LINE#         178
  C:06EBH         LINE#         179
  -------         ENDPROC       CH554UART0RCVBYTE
  -------         PROC          _CH554UART0SENDBYTE
  D:0007H         SYMBOL        SendDat
  C:06ECH         LINE#         188
  C:06ECH         LINE#         189
  C:06ECH         LINE#         190
  C:06EEH         LINE#         191
  C:06F1H         LINE#         192
BL51 BANKED LINKER/LOCATER V6.22                                                      04/28/2020  22:42:24  PAGE 5


  C:06F3H         LINE#         193
  -------         ENDPROC       _CH554UART0SENDBYTE
  -------         PROC          UART1SETUP
  C:06D1H         LINE#         202
  C:06D1H         LINE#         203
  C:06D1H         LINE#         204
  C:06D3H         LINE#         205
  C:06D5H         LINE#         206
  C:06D7H         LINE#         207
  C:06DAH         LINE#         208
  -------         ENDPROC       UART1SETUP
  -------         PROC          CH554UART1RCVBYTE
  C:06F4H         LINE#         217
  C:06F4H         LINE#         218
  C:06F4H         LINE#         219
  C:06F7H         LINE#         220
  C:06F9H         LINE#         221
  C:06FBH         LINE#         222
  -------         ENDPROC       CH554UART1RCVBYTE
  -------         PROC          _CH554UART1SENDBYTE
  D:0007H         SYMBOL        SendDat
  C:06FCH         LINE#         231
  C:06FCH         LINE#         232
  C:06FCH         LINE#         233
  C:06FEH         LINE#         234
  C:0701H         LINE#         235
  C:0703H         LINE#         236
  -------         ENDPROC       _CH554UART1SENDBYTE
  -------         PROC          _CH554WDTMODESELECT
  D:0007H         SYMBOL        mode
  C:067BH         LINE#         247
  C:067BH         LINE#         248
  C:067BH         LINE#         249
  C:067EH         LINE#         250
  C:0681H         LINE#         251
  C:0684H         LINE#         252
  C:0687H         LINE#         253
  C:0689H         LINE#         254
  C:068CH         LINE#         255
  C:068FH         LINE#         256
  C:0691H         LINE#         257
  -------         ENDPROC       _CH554WDTMODESELECT
  -------         PROC          _CH554WDTFEED
  D:0007H         SYMBOL        tim
  C:0060H         LINE#         268
  C:0060H         LINE#         269
  C:0060H         LINE#         270
  C:0062H         LINE#         271
  -------         ENDPROC       _CH554WDTFEED
  -------         ENDMOD        DEBUG

  -------         MODULE        GPIO
  C:0000H         SYMBOL        _ICE_DUMMY_
  D:0090H         PUBLIC        P1
  D:00B0H         PUBLIC        P3
  C:05EDH         PUBLIC        GPIOInterrupt
  D:00E8H         PUBLIC        IE_EX
BL51 BANKED LINKER/LOCATER V6.22                                                      04/28/2020  22:42:24  PAGE 6


  D:00A8H         PUBLIC        IE
  C:06DBH         PUBLIC        GPIOInterruptCfg
  D:00B8H         PUBLIC        IP
  D:00C7H         PUBLIC        GPIO_IE
  B:00E8H.6       PUBLIC        IE_GPIO
  D:00D8H         PUBLIC        USB_INT_FG
  D:0098H         PUBLIC        SCON
  D:0088H         PUBLIC        TCON
  D:0092H         PUBLIC        P1_MOD_OC
  D:0096H         PUBLIC        P3_MOD_OC
  D:00F8H         PUBLIC        SPI0_STAT
  D:0093H         PUBLIC        P1_DIR_PU
  D:0097H         PUBLIC        P3_DIR_PU
  D:0080H         PUBLIC        ADC_CTRL
  D:00C0H         PUBLIC        SCON1
  D:00C8H         PUBLIC        T2CON
  C:0003H         PUBLIC        _Port1Cfg
  C:0594H         PUBLIC        _Port3Cfg
  D:00C6H         PUBLIC        PIN_FUNC
  D:00D0H         PUBLIC        PSW
  -------         PROC          _PORT1CFG
  D:0007H         SYMBOL        Mode
  D:0005H         SYMBOL        Pin
  C:0003H         LINE#         28
  C:0003H         LINE#         29
  C:0003H         LINE#         30
  C:0011H         LINE#         31
  C:0011H         LINE#         32
  C:0020H         LINE#         33
  C:0022H         LINE#         34
  C:0023H         LINE#         35
  C:0023H         LINE#         36
  C:0033H         LINE#         37
  C:0033H         LINE#         38
  C:0035H         LINE#         39
  C:0035H         LINE#         40
  C:0044H         LINE#         41
  C:0048H         LINE#         42
  C:0049H         LINE#         43
  C:0049H         LINE#         44
  C:0058H         LINE#         45
  C:005BH         LINE#         46
  C:005BH         LINE#         47
  C:005BH         LINE#         48
  C:005BH         LINE#         49
  C:005BH         LINE#         50
  -------         ENDPROC       _PORT1CFG
  -------         PROC          _PORT3CFG
  D:0007H         SYMBOL        Mode
  D:0005H         SYMBOL        Pin
  C:0594H         LINE#         63
  C:0594H         LINE#         64
  C:0594H         LINE#         65
  C:05A2H         LINE#         66
  C:05A2H         LINE#         67
  C:05B1H         LINE#         68
  C:05B3H         LINE#         69
BL51 BANKED LINKER/LOCATER V6.22                                                      04/28/2020  22:42:24  PAGE 7


  C:05B4H         LINE#         70
  C:05B4H         LINE#         71
  C:05C4H         LINE#         72
  C:05C4H         LINE#         73
  C:05C6H         LINE#         74
  C:05C6H         LINE#         75
  C:05D5H         LINE#         76
  C:05D9H         LINE#         77
  C:05DAH         LINE#         78
  C:05DAH         LINE#         79
  C:05E9H         LINE#         80
  C:05ECH         LINE#         81
  C:05ECH         LINE#         82
  C:05ECH         LINE#         83
  C:05ECH         LINE#         84
  C:05ECH         LINE#         85
  -------         ENDPROC       _PORT3CFG
  -------         PROC          GPIOINTERRUPTCFG
  C:06DBH         LINE#         94
  C:06DBH         LINE#         95
  C:06DBH         LINE#         96
  C:06DEH         LINE#         99
  C:06E1H         LINE#         103
  C:06E3H         LINE#         104
  -------         ENDPROC       GPIOINTERRUPTCFG
  -------         PROC          GPIOINTERRUPT
  C:05EDH         LINE#         111
  C:05FAH         LINE#         114
  C:060CH         LINE#         116
  -------         ENDPROC       GPIOINTERRUPT
  -------         ENDMOD        GPIO

  -------         MODULE        MAIN
  C:0000H         SYMBOL        _ICE_DUMMY_
  D:0090H         PUBLIC        P1
  D:00B0H         PUBLIC        P3
  D:00E8H         PUBLIC        IE_EX
  D:00A8H         PUBLIC        IE
  D:00B8H         PUBLIC        IP
  D:00D8H         PUBLIC        USB_INT_FG
  C:063EH         PUBLIC        main
  D:0098H         PUBLIC        SCON
  D:0088H         PUBLIC        TCON
  D:00F8H         PUBLIC        SPI0_STAT
  B:0090H.4       PUBLIC        LED
  D:0080H         PUBLIC        ADC_CTRL
  D:00C0H         PUBLIC        SCON1
  D:00C8H         PUBLIC        T2CON
  D:00D0H         PUBLIC        PSW
  -------         PROC          MAIN
  C:063EH         LINE#         12
  C:063EH         LINE#         13
  C:063EH         LINE#         14
  C:0641H         LINE#         15
  C:0648H         LINE#         16
  C:064FH         LINE#         18
  C:0652H         LINE#         19
BL51 BANKED LINKER/LOCATER V6.22                                                      04/28/2020  22:42:24  PAGE 8


  C:0652H         LINE#         20
  C:0652H         LINE#         21
  C:0659H         LINE#         22
  C:065BH         LINE#         23
  C:0660H         LINE#         26
  -------         ENDPROC       MAIN
  -------         ENDMOD        MAIN

  -------         MODULE        ?C?ULDIV
  C:03FEH         PUBLIC        ?C?ULDIV
  -------         ENDMOD        ?C?ULDIV

  -------         MODULE        PRINTF
  D:0022H         PUBLIC        ?_PRINTF517?BYTE
  D:0022H         PUBLIC        ?_PRINTF?BYTE
  D:0022H         PUBLIC        ?_SPRINTF517?BYTE
  D:0022H         PUBLIC        ?_SPRINTF?BYTE
  C:00C8H         PUBLIC        _PRINTF
  C:00C8H         PUBLIC        _PRINTF517
  C:00C2H         PUBLIC        _SPRINTF
  C:00C2H         PUBLIC        _SPRINTF517
  -------         ENDMOD        PRINTF

  -------         MODULE        ?C?CLDPTR
  C:0490H         PUBLIC        ?C?CLDPTR
  -------         ENDMOD        ?C?CLDPTR

  -------         MODULE        ?C?CLDOPTR
  C:04A9H         PUBLIC        ?C?CLDOPTR
  -------         ENDMOD        ?C?CLDOPTR

  -------         MODULE        ?C?CSTPTR
  C:04D6H         PUBLIC        ?C?CSTPTR
  -------         ENDMOD        ?C?CSTPTR

  -------         MODULE        ?C?PLDIIDATA
  C:04E8H         PUBLIC        ?C?PLDIIDATA
  -------         ENDMOD        ?C?PLDIIDATA

  -------         MODULE        ?C?CCASE
  C:04F8H         PUBLIC        ?C?CCASE
  -------         ENDMOD        ?C?CCASE

  -------         MODULE        PUTCHAR
  C:0617H         PUBLIC        _PUTCHAR
  -------         ENDMOD        PUTCHAR

*** WARNING L16: UNCALLED SEGMENT, IGNORED FOR OVERLAY PROCESS
    SEGMENT: ?PR?CH554UART0ALTER?DEBUG

*** WARNING L16: UNCALLED SEGMENT, IGNORED FOR OVERLAY PROCESS
    SEGMENT: ?PR?MINITSTDIO?DEBUG

*** WARNING L16: UNCALLED SEGMENT, IGNORED FOR OVERLAY PROCESS
    SEGMENT: ?PR?CH554UART0RCVBYTE?DEBUG

*** WARNING L16: UNCALLED SEGMENT, IGNORED FOR OVERLAY PROCESS
BL51 BANKED LINKER/LOCATER V6.22                                                      04/28/2020  22:42:24  PAGE 9


    SEGMENT: ?PR?_CH554UART0SENDBYTE?DEBUG

*** WARNING L16: UNCALLED SEGMENT, IGNORED FOR OVERLAY PROCESS
    SEGMENT: ?PR?CH554UART1RCVBYTE?DEBUG

*** WARNING L16: UNCALLED SEGMENT, IGNORED FOR OVERLAY PROCESS
    SEGMENT: ?PR?_CH554WDTMODESELECT?DEBUG

*** WARNING L16: UNCALLED SEGMENT, IGNORED FOR OVERLAY PROCESS
    SEGMENT: ?PR?_CH554WDTFEED?DEBUG

*** WARNING L16: UNCALLED SEGMENT, IGNORED FOR OVERLAY PROCESS
    SEGMENT: ?PR?_PORT3CFG?GPIO

*** WARNING L16: UNCALLED SEGMENT, IGNORED FOR OVERLAY PROCESS
    SEGMENT: ?PR?GPIOINTERRUPTCFG?GPIO

Program Size: data=43.1 xdata=0 code=1796
LINK/LOCATE RUN COMPLETE.  9 WARNING(S),  0 ERROR(S)
