BL51 BANKED LINKER/LOCATER V6.22                                                        04/29/2020  13:17:24  PAGE 1


BL51 BANKED LINKER/LOCATER V6.22, INVOKED BY:
C:\KEIL_V5\C51\BIN\BL51.EXE .\Debug.obj, .\GPIO.obj, .\Main.obj, .\UART1.obj TO R2


MEMORY MODEL: SMALL


INPUT MODULES INCLUDED:
  .\Debug.obj (DEBUG)
  .\GPIO.obj (GPIO)
  .\Main.obj (MAIN)
  .\UART1.obj (UART1)
  C:\KEIL_V5\C51\LIB\C51S.LIB (?C_STARTUP)
  C:\KEIL_V5\C51\LIB\C51S.LIB (?C?ULDIV)
  C:\KEIL_V5\C51\LIB\C51S.LIB (PRINTF)
  C:\KEIL_V5\C51\LIB\C51S.LIB (?C?CLDPTR)
  C:\KEIL_V5\C51\LIB\C51S.LIB (?C?CLDOPTR)
  C:\KEIL_V5\C51\LIB\C51S.LIB (?C?CSTPTR)
  C:\KEIL_V5\C51\LIB\C51S.LIB (?C?PLDIIDATA)
  C:\KEIL_V5\C51\LIB\C51S.LIB (?C?CCASE)
  C:\KEIL_V5\C51\LIB\C51S.LIB (PUTCHAR)


LINK MAP OF MODULE:  R2 (DEBUG)


            TYPE    BASE      LENGTH    RELOCATION   SEGMENT NAME
            -----------------------------------------------------

            * * * * * * *   D A T A   M E M O R Y   * * * * * * *
            REG     0000H     0008H     ABSOLUTE     "REG BANK 0"
            REG     0008H     0008H     ABSOLUTE     "REG BANK 1"
                    0010H     0010H                  *** GAP ***
            BIT     0020H.0   0002H.2   UNIT         _BIT_GROUP_
                    0022H.2   0000H.6                *** GAP ***
            DATA    0023H     0028H     UNIT         _DATA_GROUP_
            IDATA   004BH     0001H     UNIT         ?STACK

            * * * * * * *   C O D E   M E M O R Y   * * * * * * *
            CODE    0000H     0003H     ABSOLUTE     
            CODE    0003H     0059H     UNIT         ?PR?_PORT1CFG?GPIO
            CODE    005CH     0004H     UNIT         ?PR?CH554UART0ALTER?DEBUG
            CODE    0060H     0003H     UNIT         ?PR?_CH554WDTFEED?DEBUG
            CODE    0063H     0003H     ABSOLUTE     
            CODE    0066H     035CH     UNIT         ?PR?PRINTF?PRINTF
            CODE    03C2H     015CH     UNIT         ?C?LIB_CODE
            CODE    051EH     0075H     UNIT         ?PR?MINITSTDIO?DEBUG
            CODE    0593H     0059H     UNIT         ?PR?_PORT3CFG?GPIO
            CODE    05ECH     003EH     UNIT         ?PR?MAIN?MAIN
            CODE    062AH     002AH     UNIT         ?PR?GPIOINTERRUPT?GPIO
            CODE    0654H     0027H     UNIT         ?PR?PUTCHAR?PUTCHAR
            CODE    067BH     0019H     UNIT         ?PR?_MDELAYMS?DEBUG
            CODE    0694H     0018H     UNIT         ?CO?MAIN
            CODE    06ACH     0017H     UNIT         ?PR?_CH554WDTMODESELECT?DEBUG
            CODE    06C3H     0013H     UNIT         ?CO?GPIO
            CODE    06D6H     0012H     UNIT         ?PR?CFGFSYS?DEBUG
            CODE    06E8H     000EH     UNIT         ?PR?_MDELAYUS?DEBUG
            CODE    06F6H     000CH     UNIT         ?PR?UART1INIT?UART1
BL51 BANKED LINKER/LOCATER V6.22                                                      04/29/2020  13:17:24  PAGE 2


            CODE    0702H     000CH     UNIT         ?C_C51STARTUP
            CODE    070EH     0009H     UNIT         ?PR?GPIOINTERRUPTCFG?GPIO
            CODE    0717H     0008H     UNIT         ?PR?CH554UART0RCVBYTE?DEBUG
            CODE    071FH     0008H     UNIT         ?PR?_CH554UART0SENDBYTE?DEBUG
            CODE    0727H     0008H     UNIT         ?PR?CH554UART1RCVBYTE?UART1
            CODE    072FH     0008H     UNIT         ?PR?_CH554UART1SENDBYTE?UART1



OVERLAY MAP OF MODULE:   R2 (DEBUG)


SEGMENT                                  BIT_GROUP          DATA_GROUP 
  +--> CALLED SEGMENT                 START    LENGTH     START    LENGTH
-------------------------------------------------------------------------
?PR?GPIOINTERRUPT?GPIO                -----    -----      -----    -----
  +--> ?CO?GPIO
  +--> ?PR?PRINTF?PRINTF

?PR?PRINTF?PRINTF                     0021H.1  0001H.1    0037H    0014H
  +--> ?PR?PUTCHAR?PUTCHAR

*** NEW ROOT ***************************************************

?C_C51STARTUP                         -----    -----      -----    -----
  +--> ?PR?MAIN?MAIN

?PR?MAIN?MAIN                         -----    -----      -----    -----
  +--> ?PR?CFGFSYS?DEBUG
  +--> ?PR?_MDELAYMS?DEBUG
  +--> ?PR?MINITSTDIO?DEBUG
  +--> ?PR?UART1INIT?UART1
  +--> ?PR?_PORT1CFG?GPIO
  +--> ?PR?_PORT3CFG?GPIO
  +--> ?PR?_CH554UART1SENDBYTE?UART1
  +--> ?PR?_CH554UART0SENDBYTE?DEBUG
  +--> ?CO?MAIN
  +--> ?PR?PRINTF?PRINTF

?PR?_MDELAYMS?DEBUG                   -----    -----      -----    -----
  +--> ?PR?_MDELAYUS?DEBUG

?PR?MINITSTDIO?DEBUG                  -----    -----      0037H    0005H



SYMBOL TABLE OF MODULE:  R2 (DEBUG)

  VALUE           TYPE          NAME
  ----------------------------------

  -------         MODULE        DEBUG
  C:0000H         SYMBOL        _ICE_DUMMY_
  D:0090H         PUBLIC        P1
  D:00B0H         PUBLIC        P3
  C:06ACH         PUBLIC        _CH554WDTModeSelect
  C:051EH         PUBLIC        mInitSTDIO
BL51 BANKED LINKER/LOCATER V6.22                                                      04/29/2020  13:17:24  PAGE 3


  D:00E8H         PUBLIC        IE_EX
  D:00A8H         PUBLIC        IE
  C:0060H         PUBLIC        _CH554WDTFeed
  C:005CH         PUBLIC        CH554UART0Alter
  D:00B8H         PUBLIC        IP
  B:0098H.0       PUBLIC        RI
  B:0098H.1       PUBLIC        TI
  D:00FFH         PUBLIC        WDOG_COUNT
  D:00B9H         PUBLIC        CLOCK_CFG
  C:067BH         PUBLIC        _mDelaymS
  D:00D8H         PUBLIC        USB_INT_FG
  C:06E8H         PUBLIC        _mDelayuS
  B:00C8H.5       PUBLIC        RCLK
  B:00C8H.4       PUBLIC        TCLK
  D:0099H         PUBLIC        SBUF
  D:0087H         PUBLIC        PCON
  D:0098H         PUBLIC        SCON
  D:0089H         PUBLIC        TMOD
  D:0088H         PUBLIC        TCON
  C:06D6H         PUBLIC        CfgFsys
  D:00F8H         PUBLIC        SPI0_STAT
  C:071FH         PUBLIC        _CH554UART0SendByte
  D:008DH         PUBLIC        TH1
  B:0098H.7       PUBLIC        SM0
  B:0098H.6       PUBLIC        SM1
  B:0098H.5       PUBLIC        SM2
  B:0088H.6       PUBLIC        TR1
  C:0717H         PUBLIC        CH554UART0RcvByte
  D:0080H         PUBLIC        ADC_CTRL
  D:00A1H         PUBLIC        SAFE_MOD
  D:00B1H         PUBLIC        GLOBAL_CFG
  D:00C0H         PUBLIC        SCON1
  B:0098H.4       PUBLIC        REN
  D:00C9H         PUBLIC        T2MOD
  D:00C8H         PUBLIC        T2CON
  D:00C6H         PUBLIC        PIN_FUNC
  D:00D0H         PUBLIC        PSW
  -------         PROC          CFGFSYS
  C:06D6H         LINE#         25
  C:06D6H         LINE#         26
  C:06D6H         LINE#         33
  C:06D9H         LINE#         34
  C:06DCH         LINE#         42
  C:06E4H         LINE#         56
  C:06E7H         LINE#         57
  -------         ENDPROC       CFGFSYS
  -------         PROC          _MDELAYUS
  D:0006H         SYMBOL        n
  C:06E8H         LINE#         66
  C:06E8H         LINE#         67
  C:06E8H         LINE#         79
  C:06ECH         LINE#         80
  C:06EEH         LINE#         101
  C:06F3H         LINE#         102
  C:06F5H         LINE#         103
  -------         ENDPROC       _MDELAYUS
  -------         PROC          _MDELAYMS
BL51 BANKED LINKER/LOCATER V6.22                                                      04/29/2020  13:17:24  PAGE 4


  D:0004H         SYMBOL        n
  C:067BH         LINE#         112
  C:0681H         LINE#         113
  C:0681H         LINE#         114
  C:0685H         LINE#         119
  C:068CH         LINE#         121
  C:0691H         LINE#         122
  C:0693H         LINE#         123
  -------         ENDPROC       _MDELAYMS
  -------         PROC          CH554UART0ALTER
  C:005CH         LINE#         132
  C:005CH         LINE#         133
  C:005CH         LINE#         134
  C:005FH         LINE#         135
  -------         ENDPROC       CH554UART0ALTER
  -------         PROC          MINITSTDIO
  -------         DO            
  D:0037H         SYMBOL        x
  D:003BH         SYMBOL        x2
  -------         ENDDO         
  C:051EH         LINE#         145
  C:051EH         LINE#         146
  C:051EH         LINE#         150
  C:0520H         LINE#         151
  C:0522H         LINE#         152
  C:0524H         LINE#         154
  C:0526H         LINE#         155
  C:0528H         LINE#         156
  C:052BH         LINE#         157
  C:0535H         LINE#         158
  C:054AH         LINE#         159
  C:0563H         LINE#         160
  C:057BH         LINE#         162
  C:0583H         LINE#         163
  C:0586H         LINE#         164
  C:058CH         LINE#         165
  C:058EH         LINE#         166
  C:0590H         LINE#         167
  C:0592H         LINE#         168
  -------         ENDPROC       MINITSTDIO
  -------         PROC          CH554UART0RCVBYTE
  C:0717H         LINE#         177
  C:0717H         LINE#         178
  C:0717H         LINE#         179
  C:071AH         LINE#         180
  C:071CH         LINE#         181
  C:071EH         LINE#         182
  -------         ENDPROC       CH554UART0RCVBYTE
  -------         PROC          _CH554UART0SENDBYTE
  D:0007H         SYMBOL        SendDat
  C:071FH         LINE#         191
  C:071FH         LINE#         192
  C:071FH         LINE#         193
  C:0721H         LINE#         194
  C:0724H         LINE#         195
  C:0726H         LINE#         196
  -------         ENDPROC       _CH554UART0SENDBYTE
BL51 BANKED LINKER/LOCATER V6.22                                                      04/29/2020  13:17:24  PAGE 5


  -------         PROC          _CH554WDTMODESELECT
  D:0007H         SYMBOL        mode
  C:06ACH         LINE#         207
  C:06ACH         LINE#         208
  C:06ACH         LINE#         209
  C:06AFH         LINE#         210
  C:06B2H         LINE#         211
  C:06B5H         LINE#         212
  C:06B8H         LINE#         213
  C:06BAH         LINE#         214
  C:06BDH         LINE#         215
  C:06C0H         LINE#         216
  C:06C2H         LINE#         217
  -------         ENDPROC       _CH554WDTMODESELECT
  -------         PROC          _CH554WDTFEED
  D:0007H         SYMBOL        tim
  C:0060H         LINE#         228
  C:0060H         LINE#         229
  C:0060H         LINE#         230
  C:0062H         LINE#         231
  -------         ENDPROC       _CH554WDTFEED
  -------         ENDMOD        DEBUG

  -------         MODULE        GPIO
  C:0000H         SYMBOL        _ICE_DUMMY_
  D:0090H         PUBLIC        P1
  D:00B0H         PUBLIC        P3
  C:062AH         PUBLIC        GPIOInterrupt
  D:00E8H         PUBLIC        IE_EX
  D:00A8H         PUBLIC        IE
  C:070EH         PUBLIC        GPIOInterruptCfg
  D:00B8H         PUBLIC        IP
  D:00C7H         PUBLIC        GPIO_IE
  B:00E8H.6       PUBLIC        IE_GPIO
  D:00D8H         PUBLIC        USB_INT_FG
  D:0098H         PUBLIC        SCON
  D:0088H         PUBLIC        TCON
  D:0092H         PUBLIC        P1_MOD_OC
  D:0096H         PUBLIC        P3_MOD_OC
  D:00F8H         PUBLIC        SPI0_STAT
  D:0093H         PUBLIC        P1_DIR_PU
  D:0097H         PUBLIC        P3_DIR_PU
  D:0080H         PUBLIC        ADC_CTRL
  D:00C0H         PUBLIC        SCON1
  D:00C8H         PUBLIC        T2CON
  C:0003H         PUBLIC        _Port1Cfg
  C:0593H         PUBLIC        _Port3Cfg
  D:00C6H         PUBLIC        PIN_FUNC
  D:00D0H         PUBLIC        PSW
  -------         PROC          _PORT1CFG
  D:0007H         SYMBOL        Mode
  D:0005H         SYMBOL        Pin
  C:0003H         LINE#         28
  C:0003H         LINE#         29
  C:0003H         LINE#         30
  C:0011H         LINE#         31
  C:0011H         LINE#         32
BL51 BANKED LINKER/LOCATER V6.22                                                      04/29/2020  13:17:24  PAGE 6


  C:0020H         LINE#         33
  C:0022H         LINE#         34
  C:0023H         LINE#         35
  C:0023H         LINE#         36
  C:0033H         LINE#         37
  C:0033H         LINE#         38
  C:0035H         LINE#         39
  C:0035H         LINE#         40
  C:0044H         LINE#         41
  C:0048H         LINE#         42
  C:0049H         LINE#         43
  C:0049H         LINE#         44
  C:0058H         LINE#         45
  C:005BH         LINE#         46
  C:005BH         LINE#         47
  C:005BH         LINE#         48
  C:005BH         LINE#         49
  C:005BH         LINE#         50
  -------         ENDPROC       _PORT1CFG
  -------         PROC          _PORT3CFG
  D:0007H         SYMBOL        Mode
  D:0005H         SYMBOL        Pin
  C:0593H         LINE#         63
  C:0593H         LINE#         64
  C:0593H         LINE#         65
  C:05A1H         LINE#         66
  C:05A1H         LINE#         67
  C:05B0H         LINE#         68
  C:05B2H         LINE#         69
  C:05B3H         LINE#         70
  C:05B3H         LINE#         71
  C:05C3H         LINE#         72
  C:05C3H         LINE#         73
  C:05C5H         LINE#         74
  C:05C5H         LINE#         75
  C:05D4H         LINE#         76
  C:05D8H         LINE#         77
  C:05D9H         LINE#         78
  C:05D9H         LINE#         79
  C:05E8H         LINE#         80
  C:05EBH         LINE#         81
  C:05EBH         LINE#         82
  C:05EBH         LINE#         83
  C:05EBH         LINE#         84
  C:05EBH         LINE#         85
  -------         ENDPROC       _PORT3CFG
  -------         PROC          GPIOINTERRUPTCFG
  C:070EH         LINE#         94
  C:070EH         LINE#         95
  C:070EH         LINE#         96
  C:0711H         LINE#         99
  C:0714H         LINE#         103
  C:0716H         LINE#         104
  -------         ENDPROC       GPIOINTERRUPTCFG
  -------         PROC          GPIOINTERRUPT
  C:062AH         LINE#         111
  C:0637H         LINE#         114
BL51 BANKED LINKER/LOCATER V6.22                                                      04/29/2020  13:17:24  PAGE 7


  C:0649H         LINE#         116
  -------         ENDPROC       GPIOINTERRUPT
  -------         ENDMOD        GPIO

  -------         MODULE        MAIN
  C:0000H         SYMBOL        _ICE_DUMMY_
  D:0090H         PUBLIC        P1
  D:00B0H         PUBLIC        P3
  B:0090H.4       PUBLIC        LED1
  B:00B0H.3       PUBLIC        LED3
  D:00E8H         PUBLIC        IE_EX
  D:00A8H         PUBLIC        IE
  D:00B8H         PUBLIC        IP
  D:00D8H         PUBLIC        USB_INT_FG
  C:05ECH         PUBLIC        main
  D:0098H         PUBLIC        SCON
  D:0088H         PUBLIC        TCON
  D:00F8H         PUBLIC        SPI0_STAT
  D:0080H         PUBLIC        ADC_CTRL
  D:00C0H         PUBLIC        SCON1
  D:00C8H         PUBLIC        T2CON
  D:00D0H         PUBLIC        PSW
  -------         PROC          MAIN
  C:05ECH         LINE#         19
  C:05ECH         LINE#         20
  C:05ECH         LINE#         21
  C:05EFH         LINE#         22
  C:05F6H         LINE#         24
  C:05F9H         LINE#         25
  C:05FCH         LINE#         27
  C:0603H         LINE#         28
  C:060AH         LINE#         31
  C:060AH         LINE#         32
  C:060AH         LINE#         33
  C:0611H         LINE#         34
  C:0613H         LINE#         35
  C:0615H         LINE#         38
  C:061AH         LINE#         40
  C:061FH         LINE#         42
  C:0628H         LINE#         44
  -------         ENDPROC       MAIN
  -------         ENDMOD        MAIN

  -------         MODULE        UART1
  C:0000H         SYMBOL        _ICE_DUMMY_
  D:0090H         PUBLIC        P1
  D:00B0H         PUBLIC        P3
  C:06F6H         PUBLIC        UART1Init
  D:00E8H         PUBLIC        IE_EX
  D:00A8H         PUBLIC        IE
  D:00B8H         PUBLIC        IP
  D:00C2H         PUBLIC        SBAUD1
  B:00C0H.0       PUBLIC        U1RI
  B:00C0H.1       PUBLIC        U1TI
  D:00D8H         PUBLIC        USB_INT_FG
  D:0098H         PUBLIC        SCON
  D:0088H         PUBLIC        TCON
BL51 BANKED LINKER/LOCATER V6.22                                                      04/29/2020  13:17:24  PAGE 8


  B:00C0H.5       PUBLIC        U1SMOD
  D:00F8H         PUBLIC        SPI0_STAT
  C:072FH         PUBLIC        _CH554UART1SendByte
  B:00C0H.7       PUBLIC        U1SM0
  C:0727H         PUBLIC        CH554UART1RcvByte
  D:0080H         PUBLIC        ADC_CTRL
  D:00C1H         PUBLIC        SBUF1
  D:00C0H         PUBLIC        SCON1
  D:00C8H         PUBLIC        T2CON
  B:00C0H.4       PUBLIC        U1REN
  D:00D0H         PUBLIC        PSW
  -------         PROC          UART1INIT
  C:06F6H         LINE#         24
  C:06F6H         LINE#         25
  C:06F6H         LINE#         26
  C:06F8H         LINE#         27
  C:06FAH         LINE#         28
  C:06FCH         LINE#         29
  C:06FFH         LINE#         30
  C:0701H         LINE#         39
  -------         ENDPROC       UART1INIT
  -------         PROC          CH554UART1RCVBYTE
  C:0727H         LINE#         47
  C:0727H         LINE#         48
  C:0727H         LINE#         49
  C:072AH         LINE#         50
  C:072CH         LINE#         51
  C:072EH         LINE#         52
  -------         ENDPROC       CH554UART1RCVBYTE
  -------         PROC          _CH554UART1SENDBYTE
  D:0007H         SYMBOL        SendDat
  C:072FH         LINE#         61
  C:072FH         LINE#         62
  C:072FH         LINE#         63
  C:0731H         LINE#         64
  C:0734H         LINE#         65
  C:0736H         LINE#         66
  -------         ENDPROC       _CH554UART1SENDBYTE
  -------         ENDMOD        UART1

  -------         MODULE        ?C?ULDIV
  C:03FEH         PUBLIC        ?C?ULDIV
  -------         ENDMOD        ?C?ULDIV

  -------         MODULE        PRINTF
  D:0037H         PUBLIC        ?_PRINTF517?BYTE
  D:0037H         PUBLIC        ?_PRINTF?BYTE
  D:0037H         PUBLIC        ?_SPRINTF517?BYTE
  D:0037H         PUBLIC        ?_SPRINTF?BYTE
  C:00C8H         PUBLIC        _PRINTF
  C:00C8H         PUBLIC        _PRINTF517
  C:00C2H         PUBLIC        _SPRINTF
  C:00C2H         PUBLIC        _SPRINTF517
  -------         ENDMOD        PRINTF

  -------         MODULE        ?C?CLDPTR
  C:0490H         PUBLIC        ?C?CLDPTR
BL51 BANKED LINKER/LOCATER V6.22                                                      04/29/2020  13:17:24  PAGE 9


  -------         ENDMOD        ?C?CLDPTR

  -------         MODULE        ?C?CLDOPTR
  C:04A9H         PUBLIC        ?C?CLDOPTR
  -------         ENDMOD        ?C?CLDOPTR

  -------         MODULE        ?C?CSTPTR
  C:04D6H         PUBLIC        ?C?CSTPTR
  -------         ENDMOD        ?C?CSTPTR

  -------         MODULE        ?C?PLDIIDATA
  C:04E8H         PUBLIC        ?C?PLDIIDATA
  -------         ENDMOD        ?C?PLDIIDATA

  -------         MODULE        ?C?CCASE
  C:04F8H         PUBLIC        ?C?CCASE
  -------         ENDMOD        ?C?CCASE

  -------         MODULE        PUTCHAR
  C:0654H         PUBLIC        _PUTCHAR
  -------         ENDMOD        PUTCHAR

*** WARNING L16: UNCALLED SEGMENT, IGNORED FOR OVERLAY PROCESS
    SEGMENT: ?PR?CH554UART0ALTER?DEBUG

*** WARNING L16: UNCALLED SEGMENT, IGNORED FOR OVERLAY PROCESS
    SEGMENT: ?PR?CH554UART0RCVBYTE?DEBUG

*** WARNING L16: UNCALLED SEGMENT, IGNORED FOR OVERLAY PROCESS
    SEGMENT: ?PR?_CH554WDTMODESELECT?DEBUG

*** WARNING L16: UNCALLED SEGMENT, IGNORED FOR OVERLAY PROCESS
    SEGMENT: ?PR?_CH554WDTFEED?DEBUG

*** WARNING L16: UNCALLED SEGMENT, IGNORED FOR OVERLAY PROCESS
    SEGMENT: ?PR?GPIOINTERRUPTCFG?GPIO

*** WARNING L16: UNCALLED SEGMENT, IGNORED FOR OVERLAY PROCESS
    SEGMENT: ?PR?CH554UART1RCVBYTE?UART1

*** WARNING L15: MULTIPLE CALL TO SEGMENT
    SEGMENT: ?PR?PRINTF?PRINTF
    CALLER1: ?PR?GPIOINTERRUPT?GPIO
    CALLER2: ?C_C51STARTUP

Program Size: data=59.2 xdata=0 code=1847
LINK/LOCATE RUN COMPLETE.  7 WARNING(S),  0 ERROR(S)
