C51 COMPILER V9.56.0.0   MAIN                                                              04/29/2020 12:30:26 PAGE 1   


C51 COMPILER V9.56.0.0, COMPILATION OF MODULE MAIN
OBJECT MODULE PLACED IN .\Objects\main.obj
COMPILER INVOKED BY: C:\Keil_v5\C51\BIN\C51.EXE ..\src\main.c LARGE OPTIMIZE(8,SPEED) BROWSE INCDIR(..\src) DEBUG OBJECT
                    -EXTEND PRINT(.\Listings\main.lst) TABS(2) OBJECT(.\Objects\main.obj)

line level    source

   1          /********************************** (C) COPYRIGHT *******************************
   2          * File Name          : CDC.C
   3          * Author             : WCH
   4          * Version            : V1.0
   5          * Date               : 2017/03/01
   6          * Description        : CH554做CDC设备转串口，选择串口1
   7          *******************************************************************************/
   8          
   9          
  10          //#include "CH554.H"
  11          //#include "DEBUG.H"
  12          
  13          #include "CDC.H"
  14          
  15          //#include "GPIO.H"
  16          
  17          //#include <stdio.h>
  18          //#include <string.h>
  19          
  20          main() {
  21   1        
  22   1        CDC();
  23   1        
  24   1        
  25   1      }
*** WARNING C290 IN LINE 25 OF ..\src\main.c: missing return value


MODULE INFORMATION:   STATIC OVERLAYABLE
   CODE SIZE        =      3    ----
   CONSTANT SIZE    =   ----    ----
   XDATA SIZE       =   ----    ----
   PDATA SIZE       =   ----    ----
   DATA SIZE        =   ----    ----
   IDATA SIZE       =   ----    ----
   BIT SIZE         =   ----    ----
END OF MODULE INFORMATION.


C51 COMPILATION COMPLETE.  1 WARNING(S),  0 ERROR(S)
