C51 COMPILER V9.56.0.0   MAIN                                                              04/29/2020 13:17:24 PAGE 1   


C51 COMPILER V9.56.0.0, COMPILATION OF MODULE MAIN
OBJECT MODULE PLACED IN .\Main.obj
COMPILER INVOKED BY: C:\Keil_v5\C51\BIN\C51.EXE ..\src\Main.C OPTIMIZE(8,SPEED) BROWSE NOAREGS INCDIR(..\src) DEBUG OBJE
                    -CTEXTEND PRINT(.\Main.lst) TABS(2) OBJECT(.\Main.obj)

line level    source

   1          
   2          /********************************** (C) COPYRIGHT *******************************
   3          
   4          *******************************************************************************/
   5          #include "CH554.H"
   6          #include "Debug.H"
   7          #include "GPIO.H"
   8          #include "UART1.H"
   9          
  10          
  11          // for printf
  12          #include <stdio.h>
  13          
  14          sbit  LED1=P1^4;
  15          sbit  LED3=P3^3;
  16          
  17          
  18          
  19          main( )
  20          {
  21   1        CfgFsys();              //CH554 ±÷”—°‘Ò≈‰÷√
  22   1        mDelaymS(5);
  23   1        
  24   1        mInitSTDIO(); // init uart0
  25   1        UART1Init(); // init uart1
  26   1        
  27   1        Port1Cfg(1, 4);  // port 1 pin 4 P1^4
  28   1        Port3Cfg(1, 3);  // port 3 pin 3 P3^3
  29   1        
  30   1        
  31   1        while(1)
  32   1        {
  33   2          mDelaymS(500);
  34   2          LED1=!LED1;
  35   2          LED3=!LED3;
  36   2          
  37   2          
  38   2          CH554UART1SendByte('R'); // this is uart1
  39   2          
  40   2          CH554UART0SendByte('U'); // this is uart0
  41   2          
  42   2          printf("this is a print test..."); // string print to uart0 debug
  43   2          
  44   2        }
  45   1        
  46   1      }


MODULE INFORMATION:   STATIC OVERLAYABLE
   CODE SIZE        =     62    ----
   CONSTANT SIZE    =     24    ----
   XDATA SIZE       =   ----    ----
   PDATA SIZE       =   ----    ----
   DATA SIZE        =   ----    ----
C51 COMPILER V9.56.0.0   MAIN                                                              04/29/2020 13:17:24 PAGE 2   

   IDATA SIZE       =   ----    ----
   BIT SIZE         =   ----    ----
END OF MODULE INFORMATION.


C51 COMPILATION COMPLETE.  0 WARNING(S),  0 ERROR(S)
