BL51 BANKED LINKER/LOCATER V6.22.2.0                                                    05/23/2021  18:41:00  PAGE 1


BL51 BANKED LINKER/LOCATER V6.22.2.0, INVOKED BY:
C:\KEIL_C51\C51\BIN\BL51.EXE .\obj\Compound.obj, .\obj\main.obj, .\obj\Touch_Key.obj, .\obj\DEBUG.obj TO .\obj\Compound_
>> Dev PRINT (.\list\Compound_Dev.m51) RAMSIZE (256) DISABLEWARNING (16)


MEMORY MODEL: LARGE


INPUT MODULES INCLUDED:
  .\obj\Compound.obj (COMPOUND)
  .\obj\main.obj (MAIN)
  .\obj\Touch_Key.obj (TOUCH_KEY)
  .\obj\DEBUG.obj (DEBUG)
  C:\KEIL_C51\C51\LIB\C51L.LIB (?C_STARTUP)
  C:\KEIL_C51\C51\LIB\C51L.LIB (?C?COPY)
  C:\KEIL_C51\C51\LIB\C51L.LIB (?C?CLDPTR)
  C:\KEIL_C51\C51\LIB\C51L.LIB (?C?IILDX)
  C:\KEIL_C51\C51\LIB\C51L.LIB (?C?ULDIV)
  C:\KEIL_C51\C51\LIB\C51L.LIB (?C?LSTXDATA)
  C:\KEIL_C51\C51\LIB\C51L.LIB (?C?LSTKXDATA)
  C:\KEIL_C51\C51\LIB\C51L.LIB (?C?CCASE)
  C:\KEIL_C51\C51\LIB\C51L.LIB (PRINTF)
  C:\KEIL_C51\C51\LIB\C51L.LIB (RAND)
  C:\KEIL_C51\C51\LIB\C51L.LIB (?C_INIT)
  C:\KEIL_C51\C51\LIB\C51L.LIB (?C?CLDOPTR)
  C:\KEIL_C51\C51\LIB\C51L.LIB (?C?CSTPTR)
  C:\KEIL_C51\C51\LIB\C51L.LIB (?C?LLDXDATA)
  C:\KEIL_C51\C51\LIB\C51L.LIB (?C?PLDIXDATA)
  C:\KEIL_C51\C51\LIB\C51L.LIB (?C?PSTXDATA)
  C:\KEIL_C51\C51\LIB\C51L.LIB (PUTCHAR)


LINK MAP OF MODULE:  .\obj\Compound_Dev (COMPOUND)


            TYPE    BASE      LENGTH    RELOCATION   SEGMENT NAME
            -----------------------------------------------------

            * * * * * * *   D A T A   M E M O R Y   * * * * * * *
            REG     0000H     0008H     ABSOLUTE     "REG BANK 0"
            REG     0008H     0008H     ABSOLUTE     "REG BANK 1"
            DATA    0010H     0005H     UNIT         _DATA_GROUP_
            IDATA   0015H     0002H     UNIT         ?ID?MAIN
                    0017H     0009H                  *** GAP ***
            BIT     0020H.0   0001H.1   UNIT         _BIT_GROUP_
                    0021H.1   0000H.7                *** GAP ***
            IDATA   0022H     0001H     UNIT         ?STACK

            * * * * * * *  X D A T A   M E M O R Y  * * * * * * *
            XDATA   0000H     0008H     ABSOLUTE     
                    0008H     0002H                  *** GAP ***
            XDATA   000AH     0040H     ABSOLUTE     
            XDATA   004AH     0004H     UNIT         ?XD?RAND?RAND
                    004EH     0002H                  *** GAP ***
            XDATA   0050H     0080H     ABSOLUTE     
            XDATA   00D0H     005CH     UNIT         ?XD?COMPOUND
            XDATA   012CH     002BH     UNIT         _XDATA_GROUP_

BL51 BANKED LINKER/LOCATER V6.22.2.0                                                  05/23/2021  18:41:00  PAGE 2


            * * * * * * *   C O D E   M E M O R Y   * * * * * * *
            CODE    0000H     0003H     ABSOLUTE     
            CODE    0003H     002FH     UNIT         ?PR?UPLOADDATA?COMPOUND
            CODE    0032H     000EH     UNIT         ?PR?_MDELAYUS?DEBUG
            CODE    0040H     0003H     UNIT         ?PR?_CH554WDTFEED?DEBUG
            CODE    0043H     0003H     ABSOLUTE     
            CODE    0046H     0468H     UNIT         ?PR?DEVICEINTERRUPT?COMPOUND
            CODE    04AEH     0365H     UNIT         ?PR?PRINTF?PRINTF
            CODE    0813H     02C1H     UNIT         ?C?LIB_CODE
            CODE    0AD4H     0166H     UNIT         ?PR?_SENDKEY?COMPOUND
            CODE    0C3AH     00DEH     UNIT         ?CO?COMPOUND
            CODE    0D18H     00A7H     UNIT         ?PR?HIDVALUEHANDLE?COMPOUND
            CODE    0DBFH     00A2H     UNIT         ?PR?MINITSTDIO?DEBUG
            CODE    0E61H     008CH     UNIT         ?C_C51STARTUP
            CODE    0EEDH     006CH     UNIT         ?PR?_TOUCHKEYCHANELSELECT?TOUCH_KEY
            CODE    0F59H     005EH     UNIT         ?C_INITSEG
            CODE    0FB7H     005DH     UNIT         ?PR?MAIN?MAIN
            CODE    1014H     004DH     UNIT         ?PR?RAND?RAND
            CODE    1061H     004CH     UNIT         ?PR?USBDEVICEINIT?COMPOUND
            CODE    10ADH     0027H     UNIT         ?PR?PUTCHAR?PUTCHAR
            CODE    10D4H     0026H     UNIT         ?PR?ENP1INTIN?COMPOUND
            CODE    10FAH     0026H     UNIT         ?PR?ENP2INTIN?COMPOUND
            CODE    1120H     0017H     UNIT         ?PR?_MDELAYMS?DEBUG
            CODE    1137H     0017H     UNIT         ?PR?_CH554WDTMODESELECT?DEBUG
            CODE    114EH     0012H     UNIT         ?PR?CFGFSYS?DEBUG
            CODE    1160H     000BH     UNIT         ?CO?MAIN
            CODE    116BH     000BH     UNIT         ?PR?_TOUCHKEYQUERYCYLSET1OR2MS?TOUCH_KEY
            CODE    1176H     000AH     UNIT         ?PR?UART1SETUP?DEBUG
            CODE    1180H     0008H     UNIT         ?PR?CH554UART0RCVBYTE?DEBUG
            CODE    1188H     0008H     UNIT         ?PR?_CH554UART0SENDBYTE?DEBUG
            CODE    1190H     0008H     UNIT         ?PR?CH554UART1RCVBYTE?DEBUG
            CODE    1198H     0008H     UNIT         ?PR?_CH554UART1SENDBYTE?DEBUG
            CODE    11A0H     0004H     UNIT         ?PR?CH554UART0ALTER?DEBUG



OVERLAY MAP OF MODULE:   .\obj\Compound_Dev (COMPOUND)


SEGMENT                                             BIT_GROUP          DATA_GROUP          XDATA_GROUP
  +--> CALLED SEGMENT                            START    LENGTH     START    LENGTH     START    LENGTH
--------------------------------------------------------------------------------------------------------
?PR?DEVICEINTERRUPT?COMPOUND                     -----    -----      -----    -----      012CH    0001H
  +--> ?CO?COMPOUND

*** NEW ROOT ***************************************************

?C_C51STARTUP                                    -----    -----      -----    -----      -----    -----
  +--> ?PR?MAIN?MAIN
  +--> ?C_INITSEG

?PR?MAIN?MAIN                                    -----    -----      -----    -----      -----    -----
  +--> ?PR?CFGFSYS?DEBUG
  +--> ?PR?_MDELAYMS?DEBUG
  +--> ?PR?MINITSTDIO?DEBUG
  +--> ?PR?USBDEVICEINIT?COMPOUND
  +--> ?PR?_TOUCHKEYQUERYCYLSET1OR2MS?TOUCH_KEY
BL51 BANKED LINKER/LOCATER V6.22.2.0                                                  05/23/2021  18:41:00  PAGE 3


  +--> ?PR?_TOUCHKEYCHANELSELECT?TOUCH_KEY
  +--> ?PR?HIDVALUEHANDLE?COMPOUND
  +--> ?CO?MAIN
  +--> ?PR?PRINTF?PRINTF

?PR?_MDELAYMS?DEBUG                              -----    -----      -----    -----      -----    -----
  +--> ?PR?_MDELAYUS?DEBUG

?PR?MINITSTDIO?DEBUG                             -----    -----      -----    -----      012DH    0005H

?PR?HIDVALUEHANDLE?COMPOUND                      -----    -----      -----    -----      012DH    0002H
  +--> ?CO?COMPOUND
  +--> ?PR?PRINTF?PRINTF
  +--> ?PR?UPLOADDATA?COMPOUND
  +--> ?PR?ENP2INTIN?COMPOUND
  +--> ?PR?_SENDKEY?COMPOUND
  +--> ?PR?_MDELAYMS?DEBUG

?PR?PRINTF?PRINTF                                0020H.0  0001H.1    0010H    0005H      012FH    0028H
  +--> ?PR?PUTCHAR?PUTCHAR

?PR?UPLOADDATA?COMPOUND                          -----    -----      -----    -----      012FH    0001H
  +--> ?PR?RAND?RAND

?PR?_SENDKEY?COMPOUND                            -----    -----      -----    -----      -----    -----
  +--> ?PR?_MDELAYMS?DEBUG
  +--> ?PR?ENP1INTIN?COMPOUND

?C_INITSEG                                       -----    -----      -----    -----      -----    -----
  +--> ?CO?COMPOUND



SYMBOL TABLE OF MODULE:  .\obj\Compound_Dev (COMPOUND)

  VALUE           TYPE          NAME
  ----------------------------------

  -------         MODULE        COMPOUND
  C:0000H         SYMBOL        _ICE_DUMMY_
  X:00D1H         PUBLIC        HIDKey
  D:0090H         PUBLIC        P1
  D:00E2H         PUBLIC        USB_CTRL
  C:0C47H         PUBLIC        sPath
  D:00B0H         PUBLIC        P3
  X:00D9H         PUBLIC        UsbConfig
  B:00D8H.0       PUBLIC        UIF_BUS_RST
  D:00E8H         PUBLIC        IE_EX
  D:00A8H         PUBLIC        IE
  D:00DDH         PUBLIC        UEP0_T_LEN
  D:00E3H         PUBLIC        USB_DEV_AD
  D:00D3H         PUBLIC        UEP1_T_LEN
  D:00D5H         PUBLIC        UEP2_T_LEN
  C:0CD6H         PUBLIC        CfgDesc
  D:00A2H         PUBLIC        XBUS_AUX
  D:00B8H         PUBLIC        IP
  X:00DAH         PUBLIC        FLAG
BL51 BANKED LINKER/LOCATER V6.22.2.0                                                  05/23/2021  18:41:00  PAGE 4


  C:0C61H         PUBLIC        DevDesc
  D:00D8H         PUBLIC        USB_INT_FG
  C:0D18H         PUBLIC        HIDValueHandle
  C:0046H         PUBLIC        DeviceInterrupt
  X:00DBH         PUBLIC        pStr
  D:00E1H         PUBLIC        USB_INT_EN
  B:00D8H.1       PUBLIC        UIF_TRANSFER
  D:0087H         PUBLIC        PCON
  X:00DEH         PUBLIC        EnumOK
  D:00DCH         PUBLIC        UEP0_CTRL
  D:00D2H         PUBLIC        UEP1_CTRL
  D:00D4H         PUBLIC        UEP2_CTRL
  D:0098H         PUBLIC        SCON
  X:00DFH         PUBLIC        SetupLen
  D:0088H         PUBLIC        TCON
  D:00DBH         PUBLIC        USB_RX_LEN
  C:0AD4H         SYMBOL        _SendKey
  C:10D4H         SYMBOL        Enp1IntIn
  D:00F8H         PUBLIC        SPI0_STAT
  C:10FAH         SYMBOL        Enp2IntIn
  D:00DAH         PUBLIC        USB_MIS_ST
  X:00E0H         PUBLIC        SetupReq
  D:00D9H         PUBLIC        USB_INT_ST
  D:00A9H         PUBLIC        WAKE_CTRL
  X:0000H         PUBLIC        Ep0Buffer
  X:000AH         PUBLIC        Ep1Buffer
  X:0050H         PUBLIC        Ep2Buffer
  C:0CB4H         PUBLIC        ComRepDesc
  D:00D1H         PUBLIC        UDEV_CTRL
  D:00ECH         PUBLIC        UEP0_DMA
  D:00EEH         PUBLIC        UEP1_DMA
  D:00E4H         PUBLIC        UEP2_DMA
  C:0C73H         PUBLIC        KeyRepDesc
  D:00C3H         PUBLIC        TKEY_CTRL
  C:1061H         PUBLIC        USBDeviceInit
  B:00E8H.2       PUBLIC        IE_USB
  X:00E1H         PUBLIC        SetupReqBuf
  D:0080H         PUBLIC        ADC_CTRL
  D:00A1H         PUBLIC        SAFE_MOD
  X:00E9H         PUBLIC        pDescr
  C:0003H         SYMBOL        UploadData
  D:00C0H         PUBLIC        SCON1
  D:00C8H         PUBLIC        T2CON
  B:00D8H.2       PUBLIC        UIF_SUSPEND
  D:00EBH         PUBLIC        UEP2_3_MOD
  D:00EAH         PUBLIC        UEP4_1_MOD
  X:00ECH         PUBLIC        HIDCom
  D:00C4H         PUBLIC        TKEY_DAT
  D:00D0H         PUBLIC        PSW
  -------         PROC          USBDEVICEINIT
  C:1061H         LINE#         150
  C:1061H         LINE#         151
  C:1063H         LINE#         152
  C:1066H         LINE#         154
  C:1072H         LINE#         155
  C:107EH         LINE#         156
  C:108AH         LINE#         157
BL51 BANKED LINKER/LOCATER V6.22.2.0                                                  05/23/2021  18:41:00  PAGE 5


  C:108DH         LINE#         158
  C:1090H         LINE#         159
  C:1093H         LINE#         161
  C:1096H         LINE#         162
  C:1099H         LINE#         164
  C:109BH         LINE#         165
  C:109EH         LINE#         166
  C:10A1H         LINE#         167
  C:10A4H         LINE#         168
  C:10A7H         LINE#         169
  C:10AAH         LINE#         170
  C:10ACH         LINE#         171
  -------         ENDPROC       USBDEVICEINIT
  -------         PROC          ENP1INTIN
  C:10D4H         LINE#         180
  C:10D4H         LINE#         181
  C:10EDH         LINE#         182
  C:10F0H         LINE#         183
  C:10F3H         LINE#         184
  C:10F9H         LINE#         185
  -------         ENDPROC       ENP1INTIN
  -------         PROC          ENP2INTIN
  C:10FAH         LINE#         193
  C:10FAH         LINE#         194
  C:1113H         LINE#         195
  C:1116H         LINE#         196
  C:1119H         LINE#         197
  C:111FH         LINE#         198
  -------         ENDPROC       ENP2INTIN
  -------         PROC          DEVICEINTERRUPT
  -------         DO            
  X:012CH         SYMBOL        len
  -------         ENDDO         
  C:0046H         LINE#         204
  C:0053H         LINE#         207
  C:0059H         LINE#         208
  C:007BH         LINE#         209
  C:007BH         LINE#         210
  C:007EH         LINE#         211
  C:0086H         LINE#         212
  C:0089H         LINE#         213
  C:0089H         LINE#         214
  C:0091H         LINE#         215
  C:0094H         LINE#         216
  C:0094H         LINE#         217
  C:0097H         LINE#         218
  C:009FH         LINE#         219
  C:00A5H         LINE#         220
  C:00A8H         LINE#         221
  C:00A8H         LINE#         222
  C:00AEH         LINE#         223
  C:00B6H         LINE#         224
  C:00BEH         LINE#         225
  C:00D1H         LINE#         226
  C:00D7H         LINE#         227
  C:00D7H         LINE#         228
  C:00DCH         LINE#         229
BL51 BANKED LINKER/LOCATER V6.22.2.0                                                  05/23/2021  18:41:00  PAGE 6


  C:00E5H         LINE#         230
  C:00F2H         LINE#         231
  C:00F7H         LINE#         235
  C:00F7H         LINE#         236
  C:0105H         LINE#         237
  C:0107H         LINE#         239
  C:0107H         LINE#         240
  C:010CH         LINE#         241
  C:010FH         LINE#         243
  C:0117H         LINE#         244
  C:0148H         LINE#         245
  C:0148H         LINE#         246
  C:0158H         LINE#         247
  C:0158H         LINE#         248
  C:0166H         LINE#         249
  C:016CH         LINE#         250
  C:016EH         LINE#         251
  C:016EH         LINE#         252
  C:017CH         LINE#         253
  C:0182H         LINE#         254
  C:0184H         LINE#         255
  C:0184H         LINE#         256
  C:018DH         LINE#         257
  C:019BH         LINE#         258
  C:01A1H         LINE#         259
  C:01A9H         LINE#         260
  C:01B7H         LINE#         261
  C:01BDH         LINE#         262
  C:01BFH         LINE#         263
  C:01C5H         LINE#         264
  C:01C5H         LINE#         274
  C:01C7H         LINE#         275
  C:01C7H         LINE#         276
  C:01CDH         LINE#         277
  C:01CDH         LINE#         278
  C:01CDH         LINE#         279
  C:01D8H         LINE#         280
  C:01D8H         LINE#         281
  C:01D8H         LINE#         282
  C:01E0H         LINE#         283
  C:01E8H         LINE#         284
  C:01E8H         LINE#         285
  C:0203H         LINE#         286
  C:0221H         LINE#         287
  C:0232H         LINE#         288
  C:023DH         LINE#         289
  C:0240H         LINE#         291
  C:0240H         LINE#         292
  C:0248H         LINE#         293
  C:024BH         LINE#         294
  C:024BH         LINE#         296
  C:0253H         LINE#         297
  C:0263H         LINE#         298
  C:0269H         LINE#         299
  C:0269H         LINE#         300
  C:026CH         LINE#         301
  C:026CH         LINE#         303
BL51 BANKED LINKER/LOCATER V6.22.2.0                                                  05/23/2021  18:41:00  PAGE 7


  C:0274H         LINE#         304
  C:0277H         LINE#         305
  C:0277H         LINE#         306
  C:0277H         LINE#         307
  C:0277H         LINE#         309
  C:0281H         LINE#         310
  C:028FH         LINE#         311
  C:028FH         LINE#         312
  C:0297H         LINE#         313
  C:029AH         LINE#         314
  C:029AH         LINE#         315
  C:02A2H         LINE#         316
  C:02A5H         LINE#         317
  C:02A5H         LINE#         318
  C:02A8H         LINE#         319
  C:02ABH         LINE#         320
  C:02ABH         LINE#         321
  C:02B1H         LINE#         322
  C:02B4H         LINE#         323
  C:02B4H         LINE#         324
  C:02B7H         LINE#         325
  C:02BDH         LINE#         326
  C:02BDH         LINE#         327
  C:02C0H         LINE#         328
  C:02C0H         LINE#         329
  C:02CBH         LINE#         330
  C:02DCH         LINE#         331
  C:02E6H         LINE#         333
  C:02E6H         LINE#         334
  C:02ECH         LINE#         335
  C:02ECH         LINE#         336
  C:02EFH         LINE#         337
  C:02F5H         LINE#         338
  C:02F5H         LINE#         339
  C:02FEH         LINE#         340
  C:030DH         LINE#         341
  C:0329H         LINE#         342
  C:0329H         LINE#         343
  C:0331H         LINE#         344
  C:0333H         LINE#         346
  C:0333H         LINE#         347
  C:033BH         LINE#         348
  C:033DH         LINE#         350
  C:033DH         LINE#         351
  C:0345H         LINE#         352
  C:0347H         LINE#         354
  C:0347H         LINE#         355
  C:034DH         LINE#         356
  C:034FH         LINE#         357
  C:034FH         LINE#         358
  C:0351H         LINE#         359
  C:0357H         LINE#         360
  C:0357H         LINE#         361
  C:0359H         LINE#         362
  C:035FH         LINE#         363
  C:035FH         LINE#         364
  C:0361H         LINE#         365
BL51 BANKED LINKER/LOCATER V6.22.2.0                                                  05/23/2021  18:41:00  PAGE 8


  C:0361H         LINE#         366
  C:0366H         LINE#         367
  C:0368H         LINE#         368
  C:0375H         LINE#         369
  C:037BH         LINE#         370
  C:037DH         LINE#         371
  C:0385H         LINE#         372
  C:0385H         LINE#         373
  C:0387H         LINE#         374
  C:0387H         LINE#         375
  C:038DH         LINE#         376
  C:038FH         LINE#         377
  C:038FH         LINE#         378
  C:038FH         LINE#         379
  C:0391H         LINE#         380
  C:0397H         LINE#         381
  C:0397H         LINE#         382
  C:03A1H         LINE#         383
  C:03A7H         LINE#         386
  C:03B5H         LINE#         387
  C:03BBH         LINE#         388
  C:03BEH         LINE#         389
  C:03C1H         LINE#         390
  C:03C4H         LINE#         391
  C:03C7H         LINE#         392
  C:03C7H         LINE#         393
  C:03CAH         LINE#         394
  C:03CAH         LINE#         395
  C:03D5H         LINE#         396
  C:03D5H         LINE#         397
  C:03F0H         LINE#         398
  C:040EH         LINE#         399
  C:041FH         LINE#         400
  C:042AH         LINE#         401
  C:0430H         LINE#         402
  C:0433H         LINE#         403
  C:0435H         LINE#         404
  C:0435H         LINE#         405
  C:0441H         LINE#         406
  C:0444H         LINE#         407
  C:0444H         LINE#         408
  C:0444H         LINE#         411
  C:0444H         LINE#         412
  C:0444H         LINE#         413
  C:044BH         LINE#         414
  C:044DH         LINE#         415
  C:0450H         LINE#         416
  C:0450H         LINE#         417
  C:0452H         LINE#         418
  C:0452H         LINE#         419
  C:0458H         LINE#         420
  C:045DH         LINE#         421
  C:045DH         LINE#         425
  C:045DH         LINE#         429
  C:045DH         LINE#         430
  C:045DH         LINE#         431
  C:0460H         LINE#         432
BL51 BANKED LINKER/LOCATER V6.22.2.0                                                  05/23/2021  18:41:00  PAGE 9


  C:0463H         LINE#         433
  C:0463H         LINE#         434
  C:0463H         LINE#         435
  C:0463H         LINE#         436
  C:0463H         LINE#         437
  C:0465H         LINE#         438
  C:0465H         LINE#         439
  C:0468H         LINE#         440
  C:046BH         LINE#         441
  C:046EH         LINE#         442
  C:0471H         LINE#         443
  C:0474H         LINE#         444
  C:0476H         LINE#         445
  C:0478H         LINE#         446
  C:047AH         LINE#         447
  C:047AH         LINE#         448
  C:047DH         LINE#         449
  C:047FH         LINE#         450
  C:0484H         LINE#         454
  C:0489H         LINE#         457
  C:0489H         LINE#         458
  C:048CH         LINE#         459
  C:048FH         LINE#         460
  C:0492H         LINE#         461
  C:0495H         LINE#         462
  C:0498H         LINE#         463
  C:049BH         LINE#         464
  C:049EH         LINE#         465
  C:049EH         LINE#         466
  C:04A0H         LINE#         467
  C:04A3H         LINE#         468
  C:04A3H         LINE#         469
  -------         ENDPROC       DEVICEINTERRUPT
  -------         PROC          _SENDKEY
  D:0001H         SYMBOL        p
  -------         DO            
  D:0006H         SYMBOL        c
  -------         ENDDO         
  C:0AD4H         LINE#         479
  C:0AD4H         LINE#         481
  C:0ADBH         LINE#         483
  C:0AF8H         LINE#         484
  C:0AFEH         LINE#         485
  C:0AFEH         LINE#         487
  C:0B1DH         LINE#         488
  C:0B26H         LINE#         489
  C:0B45H         LINE#         490
  C:0B4FH         LINE#         491
  C:0B4FH         LINE#         492
  C:0B7EH         LINE#         493
  C:0B7EH         LINE#         494
  C:0B84H         LINE#         495
  C:0B8AH         LINE#         496
  C:0B8CH         LINE#         497
  C:0B8CH         LINE#         498
  C:0B92H         LINE#         499
  C:0B94H         LINE#         500
BL51 BANKED LINKER/LOCATER V6.22.2.0                                                  05/23/2021  18:41:00  PAGE 10


  C:0B94H         LINE#         501
  C:0B9AH         LINE#         502
  C:0B9CH         LINE#         503
  C:0B9CH         LINE#         504
  C:0BA2H         LINE#         505
  C:0BA4H         LINE#         506
  C:0BA4H         LINE#         507
  C:0BAAH         LINE#         508
  C:0BB0H         LINE#         509
  C:0BB2H         LINE#         510
  C:0BB2H         LINE#         511
  C:0BB7H         LINE#         512
  C:0BBDH         LINE#         513
  C:0BBFH         LINE#         514
  C:0BBFH         LINE#         515
  C:0BC5H         LINE#         516
  C:0BCBH         LINE#         517
  C:0BCDH         LINE#         518
  C:0BCDH         LINE#         519
  C:0BD3H         LINE#         520
  C:0BD9H         LINE#         521
  C:0BDBH         LINE#         522
  C:0BDBH         LINE#         523
  C:0BE1H         LINE#         524
  C:0BE3H         LINE#         525
  C:0BE3H         LINE#         526
  C:0BE9H         LINE#         527
  C:0BEBH         LINE#         528
  C:0BEBH         LINE#         529
  C:0BF1H         LINE#         530
  C:0BF6H         LINE#         531
  C:0BF8H         LINE#         532
  C:0BF8H         LINE#         533
  C:0BFEH         LINE#         534
  C:0C04H         LINE#         535
  C:0C04H         LINE#         536
  C:0C04H         LINE#         537
  C:0C04H         LINE#         538
  C:0C04H         LINE#         539
  C:0C04H         LINE#         541
  C:0C0BH         LINE#         542
  C:0C11H         LINE#         543
  C:0C14H         LINE#         544
  C:0C1AH         LINE#         545
  C:0C21H         LINE#         546
  C:0C26H         LINE#         547
  C:0C2AH         LINE#         548
  C:0C30H         LINE#         549
  C:0C33H         LINE#         550
  C:0C39H         LINE#         551
  -------         ENDPROC       _SENDKEY
  -------         PROC          UPLOADDATA
  -------         DO            
  X:012FH         SYMBOL        i
  -------         ENDDO         
  C:0003H         LINE#         560
  C:0003H         LINE#         562
BL51 BANKED LINKER/LOCATER V6.22.2.0                                                  05/23/2021  18:41:00  PAGE 11


  C:0016H         LINE#         563
  C:0031H         LINE#         564
  -------         ENDPROC       UPLOADDATA
  -------         PROC          HIDVALUEHANDLE
  -------         DO            
  X:00D0H         SYMBOL        rotateFlag
  X:012DH         SYMBOL        KeyData
  -------         ENDDO         
  C:0D18H         LINE#         572
  C:0D18H         LINE#         574
  C:0D26H         LINE#         575
  C:0D2BH         LINE#         576
  C:0D35H         LINE#         578
  C:0D4FH         LINE#         580
  C:0D4FH         LINE#         583
  C:0D6DH         LINE#         584
  C:0D73H         LINE#         585
  C:0D76H         LINE#         587
  C:0D79H         LINE#         590
  C:0D80H         LINE#         591
  C:0D8EH         LINE#         592
  C:0D98H         LINE#         593
  C:0DA8H         LINE#         594
  C:0DB1H         LINE#         595
  C:0DB8H         LINE#         596
  C:0DBEH         LINE#         597
  C:0DBEH         LINE#         598
  C:0DBEH         LINE#         600
  -------         ENDPROC       HIDVALUEHANDLE
  -------         ENDMOD        COMPOUND

  -------         MODULE        MAIN
  C:0000H         SYMBOL        _ICE_DUMMY_
  D:0090H         PUBLIC        P1
  D:00B0H         PUBLIC        P3
  B:00A8H.7       PUBLIC        EA
  D:00E8H         PUBLIC        IE_EX
  D:00A8H         PUBLIC        IE
  D:00D3H         PUBLIC        UEP1_T_LEN
  D:00D5H         PUBLIC        UEP2_T_LEN
  D:00B8H         PUBLIC        IP
  D:00D8H         PUBLIC        USB_INT_FG
  C:0FB7H         PUBLIC        main
  I:0015H         PUBLIC        TouchKeyButton
  D:0098H         PUBLIC        SCON
  D:0088H         PUBLIC        TCON
  D:00F8H         PUBLIC        SPI0_STAT
  D:00C3H         PUBLIC        TKEY_CTRL
  D:0080H         PUBLIC        ADC_CTRL
  D:00C0H         PUBLIC        SCON1
  D:00C8H         PUBLIC        T2CON
  D:00C4H         PUBLIC        TKEY_DAT
  D:00D0H         PUBLIC        PSW
  -------         PROC          MAIN
  C:0FB7H         LINE#         20
  C:0FB7H         LINE#         21
  C:0FBAH         LINE#         22
BL51 BANKED LINKER/LOCATER V6.22.2.0                                                  05/23/2021  18:41:00  PAGE 12


  C:0FC1H         LINE#         23
  C:0FC4H         LINE#         29
  C:0FC7H         LINE#         30
  C:0FC9H         LINE#         31
  C:0FCCH         LINE#         32
  C:0FCEH         LINE#         33
  C:0FD2H         LINE#         34
  C:0FD6H         LINE#         35
  C:0FDBH         LINE#         36
  C:0FE0H         LINE#         37
  C:0FE0H         LINE#         39
  C:0FE8H         LINE#         40
  C:0FEBH         LINE#         41
  C:0FEDH         LINE#         42
  C:0FF2H         LINE#         43
  C:0FF9H         LINE#         45
  C:1011H         LINE#         47
  C:1011H         LINE#         48
  C:1011H         LINE#         49
  -------         ENDPROC       MAIN
  -------         ENDMOD        MAIN

  -------         MODULE        TOUCH_KEY
  C:0000H         SYMBOL        _ICE_DUMMY_
  D:0090H         PUBLIC        P1
  D:00B0H         PUBLIC        P3
  D:00E8H         PUBLIC        IE_EX
  D:00A8H         PUBLIC        IE
  D:00B8H         PUBLIC        IP
  D:00D8H         PUBLIC        USB_INT_FG
  C:116BH         PUBLIC        _TouchKeyQueryCylSet1Or2ms
  D:0098H         PUBLIC        SCON
  D:0088H         PUBLIC        TCON
  D:00F8H         PUBLIC        SPI0_STAT
  D:0093H         PUBLIC        P1_DIR_PU
  D:00C3H         PUBLIC        TKEY_CTRL
  D:0080H         PUBLIC        ADC_CTRL
  C:0EEDH         PUBLIC        _TouchKeyChanelSelect
  D:00C0H         PUBLIC        SCON1
  D:00C8H         PUBLIC        T2CON
  D:00D0H         PUBLIC        PSW
  -------         PROC          _TOUCHKEYQUERYCYLSET1OR2MS
  D:0007H         SYMBOL        cyl
  C:116BH         LINE#         26
  C:116BH         LINE#         27
  C:116BH         LINE#         28
  C:116EH         LINE#         29
  C:116EH         LINE#         30
  C:1171H         LINE#         31
  C:1172H         LINE#         33
  C:1172H         LINE#         34
  C:1175H         LINE#         35
  C:1175H         LINE#         36
  -------         ENDPROC       _TOUCHKEYQUERYCYLSET1OR2MS
  -------         PROC          _TOUCHKEYCHANELSELECT
  D:0007H         SYMBOL        ch
  C:0EEDH         LINE#         46
BL51 BANKED LINKER/LOCATER V6.22.2.0                                                  05/23/2021  18:41:00  PAGE 13


  C:0EEDH         LINE#         47
  C:0EEDH         LINE#         48
  C:0EF0H         LINE#         49
  C:0EF6H         LINE#         50
  C:0F02H         LINE#         51
  C:0F10H         LINE#         52
  C:0F1EH         LINE#         53
  C:0F2CH         LINE#         54
  C:0F3AH         LINE#         55
  C:0F48H         LINE#         56
  C:0F53H         LINE#         57
  C:0F56H         LINE#         61
  C:0F58H         LINE#         62
  -------         ENDPROC       _TOUCHKEYCHANELSELECT
  -------         ENDMOD        TOUCH_KEY

  -------         MODULE        DEBUG
  C:0000H         SYMBOL        _ICE_DUMMY_
  D:0090H         PUBLIC        P1
  D:00B0H         PUBLIC        P3
  C:1176H         PUBLIC        UART1Setup
  C:1137H         PUBLIC        _CH554WDTModeSelect
  C:0DBFH         PUBLIC        mInitSTDIO
  D:00E8H         PUBLIC        IE_EX
  D:00A8H         PUBLIC        IE
  C:0040H         PUBLIC        _CH554WDTFeed
  C:11A0H         PUBLIC        CH554UART0Alter
  D:00B8H         PUBLIC        IP
  B:0098H.0       PUBLIC        RI
  B:0098H.1       PUBLIC        TI
  D:00FFH         PUBLIC        WDOG_COUNT
  D:00B9H         PUBLIC        CLOCK_CFG
  C:1120H         PUBLIC        _mDelaymS
  D:00C2H         PUBLIC        SBAUD1
  B:00C0H.0       PUBLIC        U1RI
  B:00C0H.1       PUBLIC        U1TI
  D:00D8H         PUBLIC        USB_INT_FG
  C:0032H         PUBLIC        _mDelayuS
  B:00C8H.5       PUBLIC        RCLK
  B:00C8H.4       PUBLIC        TCLK
  D:0099H         PUBLIC        SBUF
  D:0087H         PUBLIC        PCON
  D:0098H         PUBLIC        SCON
  D:0089H         PUBLIC        TMOD
  D:0088H         PUBLIC        TCON
  C:114EH         PUBLIC        CfgFsys
  B:00C0H.5       PUBLIC        U1SMOD
  D:00F8H         PUBLIC        SPI0_STAT
  C:1188H         PUBLIC        _CH554UART0SendByte
  C:1198H         PUBLIC        _CH554UART1SendByte
  D:008DH         PUBLIC        TH1
  B:0098H.7       PUBLIC        SM0
  B:0098H.6       PUBLIC        SM1
  B:0098H.5       PUBLIC        SM2
  B:00C0H.7       PUBLIC        U1SM0
  B:0088H.6       PUBLIC        TR1
  C:1180H         PUBLIC        CH554UART0RcvByte
BL51 BANKED LINKER/LOCATER V6.22.2.0                                                  05/23/2021  18:41:00  PAGE 14


  C:1190H         PUBLIC        CH554UART1RcvByte
  D:0080H         PUBLIC        ADC_CTRL
  D:00A1H         PUBLIC        SAFE_MOD
  D:00C1H         PUBLIC        SBUF1
  D:00B1H         PUBLIC        GLOBAL_CFG
  D:00C0H         PUBLIC        SCON1
  B:0098H.4       PUBLIC        REN
  D:00C9H         PUBLIC        T2MOD
  D:00C8H         PUBLIC        T2CON
  B:00C0H.4       PUBLIC        U1REN
  D:00C6H         PUBLIC        PIN_FUNC
  D:00D0H         PUBLIC        PSW
  -------         PROC          CFGFSYS
  C:114EH         LINE#         25
  C:114EH         LINE#         26
  C:114EH         LINE#         31
  C:1151H         LINE#         32
  C:1154H         LINE#         36
  C:115CH         LINE#         41
  C:115FH         LINE#         42
  -------         ENDPROC       CFGFSYS
  -------         PROC          _MDELAYUS
  D:0006H         SYMBOL        n
  C:0032H         LINE#         51
  C:0032H         LINE#         52
  C:0032H         LINE#         64
  C:0036H         LINE#         65
  C:0038H         LINE#         98
  C:003DH         LINE#         99
  C:003FH         LINE#         100
  -------         ENDPROC       _MDELAYUS
  -------         PROC          _MDELAYMS
  D:0004H         SYMBOL        n
  C:1120H         LINE#         109
  C:1124H         LINE#         110
  C:1124H         LINE#         111
  C:1128H         LINE#         116
  C:112FH         LINE#         118
  C:1134H         LINE#         119
  C:1136H         LINE#         120
  -------         ENDPROC       _MDELAYMS
  -------         PROC          CH554UART0ALTER
  C:11A0H         LINE#         129
  C:11A0H         LINE#         130
  C:11A0H         LINE#         131
  C:11A3H         LINE#         132
  -------         ENDPROC       CH554UART0ALTER
  -------         PROC          MINITSTDIO
  -------         DO            
  X:012DH         SYMBOL        x
  X:0131H         SYMBOL        x2
  -------         ENDDO         
  C:0DBFH         LINE#         142
  C:0DBFH         LINE#         143
  C:0DBFH         LINE#         147
  C:0DC1H         LINE#         148
  C:0DC3H         LINE#         149
BL51 BANKED LINKER/LOCATER V6.22.2.0                                                  05/23/2021  18:41:00  PAGE 15


  C:0DC5H         LINE#         151
  C:0DC7H         LINE#         152
  C:0DC9H         LINE#         153
  C:0DCCH         LINE#         154
  C:0DD6H         LINE#         155
  C:0DF2H         LINE#         156
  C:0E0FH         LINE#         157
  C:0E41H         LINE#         159
  C:0E49H         LINE#         160
  C:0E4CH         LINE#         161
  C:0E5AH         LINE#         162
  C:0E5CH         LINE#         163
  C:0E5EH         LINE#         164
  C:0E60H         LINE#         165
  -------         ENDPROC       MINITSTDIO
  -------         PROC          CH554UART0RCVBYTE
  C:1180H         LINE#         174
  C:1180H         LINE#         175
  C:1180H         LINE#         176
  C:1183H         LINE#         177
  C:1185H         LINE#         178
  C:1187H         LINE#         179
  -------         ENDPROC       CH554UART0RCVBYTE
  -------         PROC          _CH554UART0SENDBYTE
  D:0007H         SYMBOL        SendDat
  C:1188H         LINE#         188
  C:1188H         LINE#         189
  C:1188H         LINE#         190
  C:118AH         LINE#         191
  C:118DH         LINE#         192
  C:118FH         LINE#         193
  -------         ENDPROC       _CH554UART0SENDBYTE
  -------         PROC          UART1SETUP
  C:1176H         LINE#         202
  C:1176H         LINE#         203
  C:1176H         LINE#         204
  C:1178H         LINE#         205
  C:117AH         LINE#         206
  C:117CH         LINE#         207
  C:117FH         LINE#         208
  -------         ENDPROC       UART1SETUP
  -------         PROC          CH554UART1RCVBYTE
  C:1190H         LINE#         217
  C:1190H         LINE#         218
  C:1190H         LINE#         219
  C:1193H         LINE#         220
  C:1195H         LINE#         221
  C:1197H         LINE#         222
  -------         ENDPROC       CH554UART1RCVBYTE
  -------         PROC          _CH554UART1SENDBYTE
  D:0007H         SYMBOL        SendDat
  C:1198H         LINE#         231
  C:1198H         LINE#         232
  C:1198H         LINE#         233
  C:119AH         LINE#         234
  C:119DH         LINE#         235
  C:119FH         LINE#         236
BL51 BANKED LINKER/LOCATER V6.22.2.0                                                  05/23/2021  18:41:00  PAGE 16


  -------         ENDPROC       _CH554UART1SENDBYTE
  -------         PROC          _CH554WDTMODESELECT
  D:0007H         SYMBOL        mode
  C:1137H         LINE#         247
  C:1137H         LINE#         248
  C:1137H         LINE#         249
  C:113AH         LINE#         250
  C:113DH         LINE#         251
  C:1140H         LINE#         252
  C:1143H         LINE#         253
  C:1145H         LINE#         254
  C:1148H         LINE#         255
  C:114BH         LINE#         256
  C:114DH         LINE#         257
  -------         ENDPROC       _CH554WDTMODESELECT
  -------         PROC          _CH554WDTFEED
  D:0007H         SYMBOL        tim
  C:0040H         LINE#         268
  C:0040H         LINE#         269
  C:0040H         LINE#         270
  C:0042H         LINE#         271
  -------         ENDPROC       _CH554WDTFEED
  -------         ENDMOD        DEBUG

  -------         MODULE        ?C?COPY
  C:08E3H         PUBLIC        ?C?COPY
  -------         ENDMOD        ?C?COPY

  -------         MODULE        ?C?CLDPTR
  C:0909H         PUBLIC        ?C?CLDPTR
  -------         ENDMOD        ?C?CLDPTR

  -------         MODULE        ?C?IILDX
  C:0922H         PUBLIC        ?C?IILDX
  -------         ENDMOD        ?C?IILDX

  -------         MODULE        ?C?ULDIV
  C:0974H         PUBLIC        ?C?ULDIV
  -------         ENDMOD        ?C?ULDIV

  -------         MODULE        ?C?LSTXDATA
  C:0A06H         PUBLIC        ?C?LSTXDATA
  -------         ENDMOD        ?C?LSTXDATA

  -------         MODULE        ?C?LSTKXDATA
  C:0A12H         PUBLIC        ?C?LSTKXDATA
  -------         ENDMOD        ?C?LSTKXDATA

  -------         MODULE        ?C?CCASE
  C:0A43H         PUBLIC        ?C?CCASE
  -------         ENDMOD        ?C?CCASE

  -------         MODULE        PRINTF
  X:012FH         PUBLIC        ?_PRINTF517?BYTE
  X:012FH         PUBLIC        ?_PRINTF?BYTE
  X:012FH         PUBLIC        ?_SPRINTF517?BYTE
  X:012FH         PUBLIC        ?_SPRINTF?BYTE
BL51 BANKED LINKER/LOCATER V6.22.2.0                                                  05/23/2021  18:41:00  PAGE 17


  C:0519H         PUBLIC        _PRINTF
  C:0519H         PUBLIC        _PRINTF517
  C:0513H         PUBLIC        _SPRINTF
  C:0513H         PUBLIC        _SPRINTF517
  -------         ENDMOD        PRINTF

  -------         MODULE        RAND
  X:004AH         PUBLIC        ?SRAND?BYTE
  C:1014H         PUBLIC        RAND
  C:1052H         PUBLIC        _SRAND
  -------         ENDMOD        RAND

  -------         MODULE        ?C?CLDOPTR
  C:0A69H         PUBLIC        ?C?CLDOPTR
  -------         ENDMOD        ?C?CLDOPTR

  -------         MODULE        ?C?CSTPTR
  C:0A96H         PUBLIC        ?C?CSTPTR
  -------         ENDMOD        ?C?CSTPTR

  -------         MODULE        ?C?LLDXDATA
  C:0AA8H         PUBLIC        ?C?LLDXDATA
  -------         ENDMOD        ?C?LLDXDATA

  -------         MODULE        ?C?PLDIXDATA
  C:0AB4H         PUBLIC        ?C?PLDIXDATA
  -------         ENDMOD        ?C?PLDIXDATA

  -------         MODULE        ?C?PSTXDATA
  C:0ACBH         PUBLIC        ?C?PSTXDATA
  -------         ENDMOD        ?C?PSTXDATA

  -------         MODULE        PUTCHAR
  C:10ADH         PUBLIC        _PUTCHAR
  -------         ENDMOD        PUTCHAR

Program Size: data=25.1 xdata=339 code=4516
LINK/LOCATE RUN COMPLETE.  0 WARNING(S),  0 ERROR(S)
