BL51 BANKED LINKER/LOCATER V6.22                                                        04/29/2020  12:34:56  PAGE 1


BL51 BANKED LINKER/LOCATER V6.22, INVOKED BY:
C:\KEIL_V5\C51\BIN\BL51.EXE .\Objects\DEBUG.obj, .\Objects\GPIO.obj, .\Objects\main.obj, .\Objects\UART1.obj TO .\Object
>> s\CDC PRINT (.\Listings\CDC.m51) RAMSIZE (256)


MEMORY MODEL: LARGE


INPUT MODULES INCLUDED:
  .\Objects\DEBUG.obj (DEBUG)
  .\Objects\GPIO.obj (GPIO)
  .\Objects\main.obj (MAIN)
  .\Objects\UART1.obj (UART1)
  C:\KEIL_V5\C51\LIB\C51L.LIB (?C_STARTUP)
  C:\KEIL_V5\C51\LIB\C51L.LIB (?C?COPY)
  C:\KEIL_V5\C51\LIB\C51L.LIB (?C?CLDPTR)
  C:\KEIL_V5\C51\LIB\C51L.LIB (?C?CLDOPTR)
  C:\KEIL_V5\C51\LIB\C51L.LIB (?C?IILDX)
  C:\KEIL_V5\C51\LIB\C51L.LIB (?C?ULDIV)
  C:\KEIL_V5\C51\LIB\C51L.LIB (?C?LSTXDATA)
  C:\KEIL_V5\C51\LIB\C51L.LIB (?C?LSTKXDATA)
  C:\KEIL_V5\C51\LIB\C51L.LIB (PRINTF)
  C:\KEIL_V5\C51\LIB\C51L.LIB (?C_INIT)
  C:\KEIL_V5\C51\LIB\C51L.LIB (?C?CSTPTR)
  C:\KEIL_V5\C51\LIB\C51L.LIB (?C?PLDIXDATA)
  C:\KEIL_V5\C51\LIB\C51L.LIB (?C?PSTXDATA)
  C:\KEIL_V5\C51\LIB\C51L.LIB (?C?CCASE)
  C:\KEIL_V5\C51\LIB\C51L.LIB (PUTCHAR)


LINK MAP OF MODULE:  .\Objects\CDC (DEBUG)


            TYPE    BASE      LENGTH    RELOCATION   SEGMENT NAME
            -----------------------------------------------------

            * * * * * * *   D A T A   M E M O R Y   * * * * * * *
            REG     0000H     0008H     ABSOLUTE     "REG BANK 0"
            DATA    0008H     000AH     UNIT         _DATA_GROUP_
                    0012H     000EH                  *** GAP ***
            BIT     0020H.0   0002H.2   UNIT         _BIT_GROUP_
                    0022H.2   0000H.6                *** GAP ***
            IDATA   0023H     0046H     UNIT         ?ID?MAIN
            IDATA   0069H     0001H     UNIT         ?STACK

            * * * * * * *  X D A T A   M E M O R Y  * * * * * * *
            XDATA   0000H     0040H     ABSOLUTE     
            XDATA   0040H     0008H     ABSOLUTE     
            XDATA   0048H     0017H     UNIT         ?XD?MAIN
                    005FH     0021H                  *** GAP ***
            XDATA   0080H     0080H     ABSOLUTE     
            XDATA   0100H     0054H     UNIT         _XDATA_GROUP_

            * * * * * * *   C O D E   M E M O R Y   * * * * * * *
            CODE    0000H     0003H     ABSOLUTE     
            CODE    0003H     002BH     UNIT         ?PR?UART1_ISR?MAIN
            CODE    002EH     0012H     UNIT         ?PR?CFGFSYS?DEBUG
            CODE    0040H     0003H     UNIT         ?PR?_CH554WDTFEED?DEBUG
BL51 BANKED LINKER/LOCATER V6.22                                                      04/29/2020  12:34:56  PAGE 2


            CODE    0043H     0003H     ABSOLUTE     
            CODE    0046H     000CH     UNIT         ?PR?UART1INIT?UART1
                    0052H     0001H                  *** GAP ***
            CODE    0053H     0003H     ABSOLUTE     
            CODE    0056H     057FH     UNIT         ?PR?DEVICEINTERRUPT?MAIN
            CODE    05D5H     0365H     UNIT         ?PR?PRINTF?PRINTF
            CODE    093AH     02B5H     UNIT         ?C?LIB_CODE
            CODE    0BEFH     00F6H     UNIT         ?PR?MAIN?MAIN
            CODE    0CE5H     00C1H     UNIT         ?CO?MAIN
            CODE    0DA6H     0095H     UNIT         ?PR?MINITSTDIO?DEBUG
            CODE    0E3BH     008CH     UNIT         ?C_C51STARTUP
            CODE    0EC7H     0059H     UNIT         ?PR?_PORT1CFG?GPIO
            CODE    0F20H     0059H     UNIT         ?PR?_PORT3CFG?GPIO
            CODE    0F79H     0052H     UNIT         ?PR?_CONFIG_UART1?MAIN
            CODE    0FCBH     0027H     UNIT         ?PR?PUTCHAR?PUTCHAR
            CODE    0FF2H     0022H     UNIT         ?PR?USBDEVICEENDPOINTCFG?MAIN
            CODE    1014H     001DH     UNIT         ?C_INITSEG
            CODE    1031H     0018H     UNIT         ?PR?USBDEVICECFG?MAIN
            CODE    1049H     0017H     UNIT         ?PR?_MDELAYMS?DEBUG
            CODE    1060H     0017H     UNIT         ?PR?_CH554WDTMODESELECT?DEBUG
            CODE    1077H     0011H     UNIT         ?PR?USBDEVICEINTCFG?MAIN
            CODE    1088H     000EH     UNIT         ?PR?_MDELAYUS?DEBUG
            CODE    1096H     0009H     UNIT         ?PR?GPIOINTERRUPTCFG?GPIO
            CODE    109FH     0008H     UNIT         ?PR?CH554UART0RCVBYTE?DEBUG
            CODE    10A7H     0008H     UNIT         ?PR?_CH554UART0SENDBYTE?DEBUG
            CODE    10AFH     0008H     UNIT         ?PR?CH554UART1RCVBYTE?UART1
            CODE    10B7H     0008H     UNIT         ?PR?_CH554UART1SENDBYTE?UART1
            CODE    10BFH     0004H     UNIT         ?PR?CH554UART0ALTER?DEBUG



OVERLAY MAP OF MODULE:   .\Objects\CDC (DEBUG)


SEGMENT                                  BIT_GROUP          DATA_GROUP          XDATA_GROUP
  +--> CALLED SEGMENT                 START    LENGTH     START    LENGTH     START    LENGTH
---------------------------------------------------------------------------------------------
?PR?DEVICEINTERRUPT?MAIN              -----    -----      -----    -----      0100H    0002H
  +--> ?CO?MAIN
  +--> ?PR?PRINTF?PRINTF
  +--> ?PR?_CONFIG_UART1?MAIN

?PR?PRINTF?PRINTF                     0021H.1  0001H.1    000DH    0005H      012CH    0028H
  +--> ?PR?PUTCHAR?PUTCHAR

?PR?_CONFIG_UART1?MAIN                -----    -----      -----    -----      0102H    0004H

*** NEW ROOT ***************************************************

?C_C51STARTUP                         -----    -----      -----    -----      -----    -----
  +--> ?PR?MAIN?MAIN
  +--> ?C_INITSEG

?PR?MAIN?MAIN                         -----    -----      -----    -----      012AH    0002H
  +--> ?PR?CFGFSYS?DEBUG
  +--> ?PR?_MDELAYMS?DEBUG
  +--> ?PR?MINITSTDIO?DEBUG
BL51 BANKED LINKER/LOCATER V6.22                                                      04/29/2020  12:34:56  PAGE 3


  +--> ?PR?UART1INIT?UART1
  +--> ?PR?_PORT3CFG?GPIO
  +--> ?CO?MAIN
  +--> ?PR?PRINTF?PRINTF
  +--> ?PR?USBDEVICECFG?MAIN
  +--> ?PR?USBDEVICEENDPOINTCFG?MAIN
  +--> ?PR?USBDEVICEINTCFG?MAIN
  +--> ?PR?_CH554UART1SENDBYTE?UART1

?PR?_MDELAYMS?DEBUG                   -----    -----      -----    -----      -----    -----
  +--> ?PR?_MDELAYUS?DEBUG

?PR?MINITSTDIO?DEBUG                  -----    -----      -----    -----      012CH    0005H



SYMBOL TABLE OF MODULE:  .\Objects\CDC (DEBUG)

  VALUE           TYPE          NAME
  ----------------------------------

  -------         MODULE        DEBUG
  C:0000H         SYMBOL        _ICE_DUMMY_
  D:0090H         PUBLIC        P1
  D:00B0H         PUBLIC        P3
  C:1060H         PUBLIC        _CH554WDTModeSelect
  C:0DA6H         PUBLIC        mInitSTDIO
  D:00E8H         PUBLIC        IE_EX
  D:00A8H         PUBLIC        IE
  C:0040H         PUBLIC        _CH554WDTFeed
  C:10BFH         PUBLIC        CH554UART0Alter
  D:00B8H         PUBLIC        IP
  B:0098H.0       PUBLIC        RI
  B:0098H.1       PUBLIC        TI
  D:00FFH         PUBLIC        WDOG_COUNT
  D:00B9H         PUBLIC        CLOCK_CFG
  C:1049H         PUBLIC        _mDelaymS
  D:00D8H         PUBLIC        USB_INT_FG
  C:1088H         PUBLIC        _mDelayuS
  B:00C8H.5       PUBLIC        RCLK
  B:00C8H.4       PUBLIC        TCLK
  D:0099H         PUBLIC        SBUF
  D:0087H         PUBLIC        PCON
  D:0098H         PUBLIC        SCON
  D:0089H         PUBLIC        TMOD
  D:0088H         PUBLIC        TCON
  C:002EH         PUBLIC        CfgFsys
  D:00F8H         PUBLIC        SPI0_STAT
  C:10A7H         PUBLIC        _CH554UART0SendByte
  D:008DH         PUBLIC        TH1
  B:0098H.7       PUBLIC        SM0
  B:0098H.6       PUBLIC        SM1
  B:0098H.5       PUBLIC        SM2
  B:0088H.6       PUBLIC        TR1
  C:109FH         PUBLIC        CH554UART0RcvByte
  D:0080H         PUBLIC        ADC_CTRL
  D:00A1H         PUBLIC        SAFE_MOD
BL51 BANKED LINKER/LOCATER V6.22                                                      04/29/2020  12:34:56  PAGE 4


  D:00B1H         PUBLIC        GLOBAL_CFG
  D:00C0H         PUBLIC        SCON1
  B:0098H.4       PUBLIC        REN
  D:00C9H         PUBLIC        T2MOD
  D:00C8H         PUBLIC        T2CON
  D:00C6H         PUBLIC        PIN_FUNC
  D:00D0H         PUBLIC        PSW
  -------         PROC          CFGFSYS
  C:002EH         LINE#         25
  C:002EH         LINE#         26
  C:002EH         LINE#         33
  C:0031H         LINE#         34
  C:0034H         LINE#         42
  C:003CH         LINE#         56
  C:003FH         LINE#         57
  -------         ENDPROC       CFGFSYS
  -------         PROC          _MDELAYUS
  D:0006H         SYMBOL        n
  C:1088H         LINE#         66
  C:1088H         LINE#         67
  C:1088H         LINE#         79
  C:108CH         LINE#         80
  C:108EH         LINE#         101
  C:1093H         LINE#         102
  C:1095H         LINE#         103
  -------         ENDPROC       _MDELAYUS
  -------         PROC          _MDELAYMS
  D:0004H         SYMBOL        n
  C:1049H         LINE#         112
  C:104DH         LINE#         113
  C:104DH         LINE#         114
  C:1051H         LINE#         119
  C:1058H         LINE#         121
  C:105DH         LINE#         122
  C:105FH         LINE#         123
  -------         ENDPROC       _MDELAYMS
  -------         PROC          CH554UART0ALTER
  C:10BFH         LINE#         132
  C:10BFH         LINE#         133
  C:10BFH         LINE#         134
  C:10C2H         LINE#         135
  -------         ENDPROC       CH554UART0ALTER
  -------         PROC          MINITSTDIO
  -------         DO            
  X:012CH         SYMBOL        x
  X:0130H         SYMBOL        x2
  -------         ENDDO         
  C:0DA6H         LINE#         145
  C:0DA6H         LINE#         146
  C:0DA6H         LINE#         150
  C:0DA8H         LINE#         151
  C:0DAAH         LINE#         152
  C:0DACH         LINE#         154
  C:0DAEH         LINE#         155
  C:0DB0H         LINE#         156
  C:0DB3H         LINE#         157
  C:0DBDH         LINE#         158
BL51 BANKED LINKER/LOCATER V6.22                                                      04/29/2020  12:34:56  PAGE 5


  C:0DD9H         LINE#         159
  C:0DF6H         LINE#         160
  C:0E1EH         LINE#         162
  C:0E26H         LINE#         163
  C:0E29H         LINE#         164
  C:0E34H         LINE#         165
  C:0E36H         LINE#         166
  C:0E38H         LINE#         167
  C:0E3AH         LINE#         168
  -------         ENDPROC       MINITSTDIO
  -------         PROC          CH554UART0RCVBYTE
  C:109FH         LINE#         177
  C:109FH         LINE#         178
  C:109FH         LINE#         179
  C:10A2H         LINE#         180
  C:10A4H         LINE#         181
  C:10A6H         LINE#         182
  -------         ENDPROC       CH554UART0RCVBYTE
  -------         PROC          _CH554UART0SENDBYTE
  D:0007H         SYMBOL        SendDat
  C:10A7H         LINE#         191
  C:10A7H         LINE#         192
  C:10A7H         LINE#         193
  C:10A9H         LINE#         194
  C:10ACH         LINE#         195
  C:10AEH         LINE#         196
  -------         ENDPROC       _CH554UART0SENDBYTE
  -------         PROC          _CH554WDTMODESELECT
  D:0007H         SYMBOL        mode
  C:1060H         LINE#         207
  C:1060H         LINE#         208
  C:1060H         LINE#         209
  C:1063H         LINE#         210
  C:1066H         LINE#         211
  C:1069H         LINE#         212
  C:106CH         LINE#         213
  C:106EH         LINE#         214
  C:1071H         LINE#         215
  C:1074H         LINE#         216
  C:1076H         LINE#         217
  -------         ENDPROC       _CH554WDTMODESELECT
  -------         PROC          _CH554WDTFEED
  D:0007H         SYMBOL        tim
  C:0040H         LINE#         228
  C:0040H         LINE#         229
  C:0040H         LINE#         230
  C:0042H         LINE#         231
  -------         ENDPROC       _CH554WDTFEED
  -------         ENDMOD        DEBUG

  -------         MODULE        GPIO
  C:0000H         SYMBOL        _ICE_DUMMY_
  D:0090H         PUBLIC        P1
  D:00B0H         PUBLIC        P3
  D:00E8H         PUBLIC        IE_EX
  D:00A8H         PUBLIC        IE
  C:1096H         PUBLIC        GPIOInterruptCfg
BL51 BANKED LINKER/LOCATER V6.22                                                      04/29/2020  12:34:56  PAGE 6


  D:00B8H         PUBLIC        IP
  D:00C7H         PUBLIC        GPIO_IE
  B:00E8H.6       PUBLIC        IE_GPIO
  D:00D8H         PUBLIC        USB_INT_FG
  D:0098H         PUBLIC        SCON
  D:0088H         PUBLIC        TCON
  D:0092H         PUBLIC        P1_MOD_OC
  D:0096H         PUBLIC        P3_MOD_OC
  D:00F8H         PUBLIC        SPI0_STAT
  D:0093H         PUBLIC        P1_DIR_PU
  D:0097H         PUBLIC        P3_DIR_PU
  D:0080H         PUBLIC        ADC_CTRL
  D:00C0H         PUBLIC        SCON1
  D:00C8H         PUBLIC        T2CON
  C:0EC7H         PUBLIC        _Port1Cfg
  C:0F20H         PUBLIC        _Port3Cfg
  D:00D0H         PUBLIC        PSW
  -------         PROC          _PORT1CFG
  D:0007H         SYMBOL        Mode
  D:0005H         SYMBOL        Pin
  C:0EC7H         LINE#         28
  C:0EC7H         LINE#         29
  C:0EC7H         LINE#         30
  C:0ED5H         LINE#         31
  C:0ED5H         LINE#         32
  C:0EE4H         LINE#         33
  C:0EE6H         LINE#         34
  C:0EE7H         LINE#         35
  C:0EE7H         LINE#         36
  C:0EF7H         LINE#         37
  C:0EF7H         LINE#         38
  C:0EF9H         LINE#         39
  C:0EF9H         LINE#         40
  C:0F08H         LINE#         41
  C:0F0CH         LINE#         42
  C:0F0DH         LINE#         43
  C:0F0DH         LINE#         44
  C:0F1CH         LINE#         45
  C:0F1FH         LINE#         46
  C:0F1FH         LINE#         47
  C:0F1FH         LINE#         48
  C:0F1FH         LINE#         49
  C:0F1FH         LINE#         50
  -------         ENDPROC       _PORT1CFG
  -------         PROC          _PORT3CFG
  D:0007H         SYMBOL        Mode
  D:0005H         SYMBOL        Pin
  C:0F20H         LINE#         63
  C:0F20H         LINE#         64
  C:0F20H         LINE#         65
  C:0F2EH         LINE#         66
  C:0F2EH         LINE#         67
  C:0F3DH         LINE#         68
  C:0F3FH         LINE#         69
  C:0F40H         LINE#         70
  C:0F40H         LINE#         71
  C:0F50H         LINE#         72
BL51 BANKED LINKER/LOCATER V6.22                                                      04/29/2020  12:34:56  PAGE 7


  C:0F50H         LINE#         73
  C:0F52H         LINE#         74
  C:0F52H         LINE#         75
  C:0F61H         LINE#         76
  C:0F65H         LINE#         77
  C:0F66H         LINE#         78
  C:0F66H         LINE#         79
  C:0F75H         LINE#         80
  C:0F78H         LINE#         81
  C:0F78H         LINE#         82
  C:0F78H         LINE#         83
  C:0F78H         LINE#         84
  C:0F78H         LINE#         85
  -------         ENDPROC       _PORT3CFG
  -------         PROC          GPIOINTERRUPTCFG
  C:1096H         LINE#         94
  C:1096H         LINE#         95
  C:1096H         LINE#         96
  C:1099H         LINE#         99
  C:109CH         LINE#         103
  C:109EH         LINE#         104
  -------         ENDPROC       GPIOINTERRUPTCFG
  -------         ENDMOD        GPIO

  -------         MODULE        MAIN
  C:0000H         SYMBOL        _ICE_DUMMY_
  C:1077H         PUBLIC        USBDeviceIntCfg
  I:0023H         PUBLIC        Uart_Input_Point
  D:0090H         PUBLIC        P1
  I:0024H         PUBLIC        Uart_Output_Point
  D:00E2H         PUBLIC        USB_CTRL
  D:00B0H         PUBLIC        P3
  B:00B0H.3       PUBLIC        LED0
  X:0048H         PUBLIC        UsbConfig
  B:00A8H.7       PUBLIC        EA
  C:0F79H         PUBLIC        _Config_Uart1
  B:00D8H.0       PUBLIC        UIF_BUS_RST
  I:0025H         PUBLIC        UpPoint2_Busy
  X:0049H         PUBLIC        Count
  D:00E8H         PUBLIC        IE_EX
  D:00A8H         PUBLIC        IE
  I:0026H         PUBLIC        USBByteCount
  D:00DDH         PUBLIC        UEP0_T_LEN
  D:00E3H         PUBLIC        USB_DEV_AD
  D:00D3H         PUBLIC        UEP1_T_LEN
  D:00D5H         PUBLIC        UEP2_T_LEN
  C:0D2DH         PUBLIC        CfgDesc
  D:00A2H         PUBLIC        XBUS_AUX
  C:0D88H         PUBLIC        Prod_Des
  D:00B8H         PUBLIC        IP
  B:00D8H.6       PUBLIC        U_TOG_OK
  C:0003H         PUBLIC        Uart1_ISR
  C:0D70H         PUBLIC        LangDes
  C:0D1BH         PUBLIC        DevDesc
  D:00C2H         PUBLIC        SBAUD1
  B:00C0H.0       PUBLIC        U1RI
  D:00D8H         PUBLIC        USB_INT_FG
BL51 BANKED LINKER/LOCATER V6.22                                                      04/29/2020  12:34:56  PAGE 8


  C:0BEFH         PUBLIC        main
  C:0056H         PUBLIC        DeviceInterrupt
  D:00E1H         PUBLIC        USB_INT_EN
  B:00D8H.1       PUBLIC        UIF_TRANSFER
  D:0087H         PUBLIC        PCON
  D:00DCH         PUBLIC        UEP0_CTRL
  D:00D2H         PUBLIC        UEP1_CTRL
  D:00D4H         PUBLIC        UEP2_CTRL
  D:0098H         PUBLIC        SCON
  X:004AH         PUBLIC        SetupLen
  D:00D6H         PUBLIC        UEP3_CTRL
  D:0088H         PUBLIC        TCON
  D:00DBH         PUBLIC        USB_RX_LEN
  D:00F8H         PUBLIC        SPI0_STAT
  D:00DAH         PUBLIC        USB_MIS_ST
  X:004CH         PUBLIC        SetupReq
  D:00D9H         PUBLIC        USB_INT_ST
  D:00A9H         PUBLIC        WAKE_CTRL
  I:0027H         PUBLIC        UartByteCount
  X:0000H         PUBLIC        Ep0Buffer
  I:0028H         PUBLIC        Receive_Uart_Buf
  X:0040H         PUBLIC        Ep1Buffer
  X:0080H         PUBLIC        Ep2Buffer
  C:0D74H         PUBLIC        SerDes
  D:00D1H         PUBLIC        UDEV_CTRL
  D:00ECH         PUBLIC        UEP0_DMA
  D:00EEH         PUBLIC        UEP1_DMA
  D:00E4H         PUBLIC        UEP2_DMA
  C:1031H         PUBLIC        USBDeviceCfg
  I:0068H         PUBLIC        USBBufOutPoint
  B:00E8H.2       PUBLIC        IE_USB
  X:004DH         PUBLIC        SetupReqBuf
  B:00E8H.4       PUBLIC        IE_UART1
  D:0080H         PUBLIC        ADC_CTRL
  D:00A1H         PUBLIC        SAFE_MOD
  X:0055H         PUBLIC        LineCoding
  D:00C1H         PUBLIC        SBUF1
  X:005CH         PUBLIC        pDescr
  D:00C0H         PUBLIC        SCON1
  D:00C8H         PUBLIC        T2CON
  B:00D8H.2       PUBLIC        UIF_SUSPEND
  D:00EBH         PUBLIC        UEP2_3_MOD
  D:00EAH         PUBLIC        UEP4_1_MOD
  C:0D9CH         PUBLIC        Manuf_Des
  C:0FF2H         PUBLIC        USBDeviceEndPointCfg
  D:00D0H         PUBLIC        PSW
  -------         PROC          USBDEVICECFG
  C:1031H         LINE#         92
  C:1031H         LINE#         93
  C:1034H         LINE#         94
  C:1037H         LINE#         95
  C:103AH         LINE#         96
  C:103CH         LINE#         99
  C:103FH         LINE#         100
  C:1042H         LINE#         101
  C:1045H         LINE#         102
  C:1048H         LINE#         103
BL51 BANKED LINKER/LOCATER V6.22                                                      04/29/2020  12:34:56  PAGE 9


  -------         ENDPROC       USBDEVICECFG
  -------         PROC          USBDEVICEINTCFG
  C:1077H         LINE#         111
  C:1077H         LINE#         112
  C:107AH         LINE#         113
  C:107DH         LINE#         114
  C:1080H         LINE#         115
  C:1083H         LINE#         116
  C:1085H         LINE#         117
  C:1087H         LINE#         118
  -------         ENDPROC       USBDEVICEINTCFG
  -------         PROC          USBDEVICEENDPOINTCFG
  C:0FF2H         LINE#         126
  C:0FF2H         LINE#         127
  C:0FF8H         LINE#         128
  C:0FFEH         LINE#         129
  C:1001H         LINE#         130
  C:1004H         LINE#         132
  C:1007H         LINE#         133
  C:100DH         LINE#         134
  C:1010H         LINE#         135
  C:1013H         LINE#         136
  -------         ENDPROC       USBDEVICEENDPOINTCFG
  -------         PROC          _CONFIG_UART1
  D:0001H         SYMBOL        cfg_uart
  -------         DO            
  X:0102H         SYMBOL        uart1_buad
  -------         ENDDO         
  C:0F79H         LINE#         144
  C:0F79H         LINE#         145
  C:0F83H         LINE#         146
  C:0F8DH         LINE#         147
  C:0F97H         LINE#         148
  C:0FA1H         LINE#         149
  C:0FA8H         LINE#         150
  C:0FAAH         LINE#         151
  C:0FC8H         LINE#         152
  C:0FCAH         LINE#         153
  -------         ENDPROC       _CONFIG_UART1
  -------         PROC          DEVICEINTERRUPT
  -------         DO            
  X:0100H         SYMBOL        len
  -------         ENDDO         
  C:0056H         LINE#         158
  C:0073H         LINE#         160
  C:0079H         LINE#         161
  C:009CH         LINE#         162
  C:009CH         LINE#         163
  C:009FH         LINE#         164
  C:00A7H         LINE#         165
  C:00AAH         LINE#         166
  C:00AAH         LINE#         167
  C:00ADH         LINE#         168
  C:00B5H         LINE#         169
  C:00B9H         LINE#         170
  C:00B9H         LINE#         171
  C:00BCH         LINE#         172
BL51 BANKED LINKER/LOCATER V6.22                                                      04/29/2020  12:34:56  PAGE 10


  C:00BCH         LINE#         173
  C:00C2H         LINE#         174
  C:00C6H         LINE#         175
  C:00CAH         LINE#         176
  C:00D2H         LINE#         177
  C:00D2H         LINE#         178
  C:00D5H         LINE#         179
  C:00D5H         LINE#         180
  C:00DFH         LINE#         181
  C:00EEH         LINE#         182
  C:0102H         LINE#         183
  C:0109H         LINE#         184
  C:0111H         LINE#         185
  C:0119H         LINE#         186
  C:0131H         LINE#         187
  C:0131H         LINE#         188
  C:013FH         LINE#         189
  C:0148H         LINE#         190
  C:015FH         LINE#         191
  C:015FH         LINE#         192
  C:015FH         LINE#         193
  C:015FH         LINE#         194
  C:0162H         LINE#         195
  C:0162H         LINE#         196
  C:0162H         LINE#         197
  C:0162H         LINE#         198
  C:0162H         LINE#         199
  C:0162H         LINE#         202
  C:0162H         LINE#         203
  C:0162H         LINE#         204
  C:0196H         LINE#         205
  C:0196H         LINE#         206
  C:01A8H         LINE#         207
  C:01A8H         LINE#         208
  C:01B6H         LINE#         209
  C:01BFH         LINE#         210
  C:01C2H         LINE#         211
  C:01C2H         LINE#         212
  C:01D0H         LINE#         213
  C:01D9H         LINE#         214
  C:01DBH         LINE#         215
  C:01DBH         LINE#         216
  C:01E2H         LINE#         217
  C:01F0H         LINE#         218
  C:01F9H         LINE#         219
  C:01FFH         LINE#         220
  C:020DH         LINE#         221
  C:0216H         LINE#         222
  C:021FH         LINE#         223
  C:0229H         LINE#         224
  C:0229H         LINE#         225
  C:022BH         LINE#         226
  C:0236H         LINE#         227
  C:023FH         LINE#         228
  C:023FH         LINE#         229
  C:0241H         LINE#         230
  C:0241H         LINE#         231
BL51 BANKED LINKER/LOCATER V6.22                                                      04/29/2020  12:34:56  PAGE 11


  C:024AH         LINE#         232
  C:024AH         LINE#         233
  C:024AH         LINE#         234
  C:025FH         LINE#         235
  C:0264H         LINE#         236
  C:0264H         LINE#         237
  C:0282H         LINE#         238
  C:029EH         LINE#         239
  C:02B3H         LINE#         240
  C:02BCH         LINE#         241
  C:02BFH         LINE#         242
  C:02BFH         LINE#         243
  C:02C8H         LINE#         244
  C:02CBH         LINE#         245
  C:02CBH         LINE#         246
  C:02D3H         LINE#         247
  C:02E5H         LINE#         248
  C:02EDH         LINE#         249
  C:02EDH         LINE#         250
  C:02F0H         LINE#         251
  C:02F0H         LINE#         252
  C:02F8H         LINE#         253
  C:02FBH         LINE#         254
  C:02FBH         LINE#         255
  C:02FBH         LINE#         256
  C:02FBH         LINE#         257
  C:0304H         LINE#         258
  C:0314H         LINE#         259
  C:031EH         LINE#         261
  C:031EH         LINE#         262
  C:031EH         LINE#         263
  C:031EH         LINE#         264
  C:0321H         LINE#         265
  C:0321H         LINE#         266
  C:0321H         LINE#         267
  C:0329H         LINE#         268
  C:0340H         LINE#         269
  C:0340H         LINE#         270
  C:0348H         LINE#         271
  C:034BH         LINE#         272
  C:034BH         LINE#         273
  C:034EH         LINE#         274
  C:0351H         LINE#         275
  C:0351H         LINE#         276
  C:0359H         LINE#         277
  C:035CH         LINE#         278
  C:035CH         LINE#         279
  C:035FH         LINE#         280
  C:0362H         LINE#         281
  C:0362H         LINE#         282
  C:036AH         LINE#         283
  C:036DH         LINE#         284
  C:036DH         LINE#         285
  C:0370H         LINE#         286
  C:0373H         LINE#         287
  C:0373H         LINE#         288
  C:0373H         LINE#         289
BL51 BANKED LINKER/LOCATER V6.22                                                      04/29/2020  12:34:56  PAGE 12


  C:0376H         LINE#         290
  C:0376H         LINE#         291
  C:0376H         LINE#         292
  C:0376H         LINE#         293
  C:0376H         LINE#         294
  C:0379H         LINE#         295
  C:0379H         LINE#         296
  C:0381H         LINE#         297
  C:0391H         LINE#         298
  C:0398H         LINE#         301
  C:03A1H         LINE#         303
  C:03A6H         LINE#         305
  C:03A6H         LINE#         306
  C:03A9H         LINE#         307
  C:03ACH         LINE#         308
  C:03AFH         LINE#         309
  C:03B2H         LINE#         310
  C:03B5H         LINE#         311
  C:03B8H         LINE#         312
  C:03BBH         LINE#         313
  C:03BEH         LINE#         314
  C:03BEH         LINE#         315
  C:03BEH         LINE#         316
  C:03C1H         LINE#         317
  C:03C1H         LINE#         318
  C:03C1H         LINE#         319
  C:03CEH         LINE#         320
  C:03DCH         LINE#         321
  C:03FFH         LINE#         322
  C:03FFH         LINE#         323
  C:0407H         LINE#         324
  C:0409H         LINE#         325
  C:0409H         LINE#         326
  C:0411H         LINE#         327
  C:0413H         LINE#         328
  C:0413H         LINE#         329
  C:041BH         LINE#         330
  C:041DH         LINE#         331
  C:041DH         LINE#         332
  C:0425H         LINE#         333
  C:0427H         LINE#         334
  C:0427H         LINE#         335
  C:042FH         LINE#         336
  C:0431H         LINE#         337
  C:0431H         LINE#         338
  C:0439H         LINE#         339
  C:0439H         LINE#         340
  C:0439H         LINE#         341
  C:043BH         LINE#         342
  C:043BH         LINE#         343
  C:043BH         LINE#         344
  C:043BH         LINE#         345
  C:043BH         LINE#         346
  C:043DH         LINE#         347
  C:043DH         LINE#         348
  C:043DH         LINE#         349
  C:043FH         LINE#         350
BL51 BANKED LINKER/LOCATER V6.22                                                      04/29/2020  12:34:56  PAGE 13


  C:043FH         LINE#         351
  C:0444H         LINE#         352
  C:0446H         LINE#         353
  C:0459H         LINE#         354
  C:045FH         LINE#         355
  C:0461H         LINE#         356
  C:0466H         LINE#         357
  C:0466H         LINE#         358
  C:0468H         LINE#         359
  C:0468H         LINE#         360
  C:0468H         LINE#         361
  C:046AH         LINE#         362
  C:046AH         LINE#         363
  C:046AH         LINE#         364
  C:046AH         LINE#         365
  C:0473H         LINE#         366
  C:0473H         LINE#         367
  C:047FH         LINE#         368
  C:0485H         LINE#         369
  C:0488H         LINE#         370
  C:0494H         LINE#         371
  C:0496H         LINE#         372
  C:0496H         LINE#         373
  C:0498H         LINE#         374
  C:049BH         LINE#         375
  C:049EH         LINE#         376
  C:049EH         LINE#         377
  C:04A1H         LINE#         378
  C:04A1H         LINE#         379
  C:04ACH         LINE#         380
  C:04ACH         LINE#         381
  C:04CAH         LINE#         382
  C:04E6H         LINE#         383
  C:04FBH         LINE#         384
  C:0504H         LINE#         385
  C:0506H         LINE#         386
  C:0509H         LINE#         387
  C:050BH         LINE#         388
  C:050BH         LINE#         389
  C:0518H         LINE#         390
  C:0518H         LINE#         391
  C:051AH         LINE#         392
  C:051AH         LINE#         393
  C:051DH         LINE#         394
  C:0520H         LINE#         395
  C:0522H         LINE#         396
  C:0522H         LINE#         397
  C:0522H         LINE#         398
  C:0522H         LINE#         399
  C:052AH         LINE#         400
  C:052DH         LINE#         401
  C:053FH         LINE#         402
  C:0548H         LINE#         403
  C:054BH         LINE#         404
  C:054BH         LINE#         405
  C:054BH         LINE#         406
  C:054DH         LINE#         407
BL51 BANKED LINKER/LOCATER V6.22                                                      04/29/2020  12:34:56  PAGE 14


  C:0550H         LINE#         408
  C:0553H         LINE#         409
  C:0553H         LINE#         410
  C:0553H         LINE#         414
  C:0553H         LINE#         415
  C:0553H         LINE#         416
  C:0553H         LINE#         417
  C:0555H         LINE#         418
  C:0555H         LINE#         419
  C:0558H         LINE#         421
  C:0561H         LINE#         423
  C:0564H         LINE#         424
  C:0567H         LINE#         425
  C:056AH         LINE#         426
  C:056DH         LINE#         427
  C:056FH         LINE#         428
  C:0571H         LINE#         429
  C:0573H         LINE#         430
  C:0577H         LINE#         431
  C:057AH         LINE#         432
  C:057EH         LINE#         433
  C:0581H         LINE#         434
  C:0586H         LINE#         435
  C:0588H         LINE#         436
  C:0588H         LINE#         437
  C:058BH         LINE#         438
  C:058DH         LINE#         439
  C:0592H         LINE#         441
  C:059BH         LINE#         443
  C:05A0H         LINE#         445
  C:05A0H         LINE#         446
  C:05A3H         LINE#         447
  C:05A6H         LINE#         448
  C:05A9H         LINE#         449
  C:05ACH         LINE#         450
  C:05AFH         LINE#         451
  C:05B2H         LINE#         452
  C:05B5H         LINE#         453
  C:05B5H         LINE#         454
  C:05B7H         LINE#         455
  C:05BAH         LINE#         457
  C:05BAH         LINE#         458
  -------         ENDPROC       DEVICEINTERRUPT
  -------         PROC          UART1_ISR
  C:0003H         LINE#         463
  C:000CH         LINE#         464
  C:000FH         LINE#         465
  C:0018H         LINE#         466
  C:001BH         LINE#         467
  C:0023H         LINE#         468
  C:0025H         LINE#         469
  C:0027H         LINE#         470
  C:0027H         LINE#         472
  -------         ENDPROC       UART1_ISR
  -------         PROC          MAIN
  -------         DO            
  X:012AH         SYMBOL        lenth
BL51 BANKED LINKER/LOCATER V6.22                                                      04/29/2020  12:34:56  PAGE 15


  X:012BH         SYMBOL        Uart_Timeout
  -------         ENDDO         
  C:0BEFH         LINE#         481
  C:0BEFH         LINE#         483
  C:0BF4H         LINE#         484
  C:0BF7H         LINE#         485
  C:0BFEH         LINE#         486
  C:0C01H         LINE#         487
  C:0C04H         LINE#         489
  C:0C0BH         LINE#         490
  C:0C0DH         LINE#         493
  C:0C16H         LINE#         495
  C:0C19H         LINE#         496
  C:0C1CH         LINE#         497
  C:0C1FH         LINE#         498
  C:0C22H         LINE#         499
  C:0C24H         LINE#         500
  C:0C26H         LINE#         502
  C:0C26H         LINE#         503
  C:0C2CH         LINE#         504
  C:0C31H         LINE#         506
  C:0C38H         LINE#         507
  C:0C3AH         LINE#         508
  C:0C43H         LINE#         509
  C:0C43H         LINE#         511
  C:0C55H         LINE#         512
  C:0C58H         LINE#         513
  C:0C5BH         LINE#         514
  C:0C5EH         LINE#         515
  C:0C5EH         LINE#         517
  C:0C63H         LINE#         518
  C:0C69H         LINE#         519
  C:0C6EH         LINE#         520
  C:0C75H         LINE#         521
  C:0C7CH         LINE#         522
  C:0C88H         LINE#         523
  C:0C8DH         LINE#         524
  C:0CA5H         LINE#         525
  C:0CA9H         LINE#         526
  C:0CB4H         LINE#         528
  C:0CC8H         LINE#         529
  C:0CD1H         LINE#         530
  C:0CD7H         LINE#         531
  C:0CD9H         LINE#         532
  C:0CDBH         LINE#         533
  C:0CDEH         LINE#         534
  C:0CE2H         LINE#         535
  C:0CE2H         LINE#         536
  C:0CE2H         LINE#         537
  C:0CE2H         LINE#         538
  C:0CE2H         LINE#         539
  -------         ENDPROC       MAIN
  -------         ENDMOD        MAIN

  -------         MODULE        UART1
  C:0000H         SYMBOL        _ICE_DUMMY_
  D:0090H         PUBLIC        P1
BL51 BANKED LINKER/LOCATER V6.22                                                      04/29/2020  12:34:56  PAGE 16


  D:00B0H         PUBLIC        P3
  C:0046H         PUBLIC        UART1Init
  D:00E8H         PUBLIC        IE_EX
  D:00A8H         PUBLIC        IE
  D:00B8H         PUBLIC        IP
  D:00C2H         PUBLIC        SBAUD1
  B:00C0H.0       PUBLIC        U1RI
  B:00C0H.1       PUBLIC        U1TI
  D:00D8H         PUBLIC        USB_INT_FG
  D:0098H         PUBLIC        SCON
  D:0088H         PUBLIC        TCON
  B:00C0H.5       PUBLIC        U1SMOD
  D:00F8H         PUBLIC        SPI0_STAT
  C:10B7H         PUBLIC        _CH554UART1SendByte
  B:00C0H.7       PUBLIC        U1SM0
  C:10AFH         PUBLIC        CH554UART1RcvByte
  D:0080H         PUBLIC        ADC_CTRL
  D:00C1H         PUBLIC        SBUF1
  D:00C0H         PUBLIC        SCON1
  D:00C8H         PUBLIC        T2CON
  B:00C0H.4       PUBLIC        U1REN
  D:00D0H         PUBLIC        PSW
  -------         PROC          UART1INIT
  C:0046H         LINE#         24
  C:0046H         LINE#         25
  C:0046H         LINE#         26
  C:0048H         LINE#         27
  C:004AH         LINE#         28
  C:004CH         LINE#         29
  C:004FH         LINE#         30
  C:0051H         LINE#         39
  -------         ENDPROC       UART1INIT
  -------         PROC          CH554UART1RCVBYTE
  C:10AFH         LINE#         47
  C:10AFH         LINE#         48
  C:10AFH         LINE#         49
  C:10B2H         LINE#         50
  C:10B4H         LINE#         51
  C:10B6H         LINE#         52
  -------         ENDPROC       CH554UART1RCVBYTE
  -------         PROC          _CH554UART1SENDBYTE
  D:0007H         SYMBOL        SendDat
  C:10B7H         LINE#         61
  C:10B7H         LINE#         62
  C:10B7H         LINE#         63
  C:10B9H         LINE#         64
  C:10BCH         LINE#         65
  C:10BEH         LINE#         66
  -------         ENDPROC       _CH554UART1SENDBYTE
  -------         ENDMOD        UART1

  -------         MODULE        ?C?COPY
  C:0A0AH         PUBLIC        ?C?COPY
  -------         ENDMOD        ?C?COPY

  -------         MODULE        ?C?CLDPTR
  C:0A30H         PUBLIC        ?C?CLDPTR
BL51 BANKED LINKER/LOCATER V6.22                                                      04/29/2020  12:34:56  PAGE 17


  -------         ENDMOD        ?C?CLDPTR

  -------         MODULE        ?C?CLDOPTR
  C:0A49H         PUBLIC        ?C?CLDOPTR
  -------         ENDMOD        ?C?CLDOPTR

  -------         MODULE        ?C?IILDX
  C:0A76H         PUBLIC        ?C?IILDX
  -------         ENDMOD        ?C?IILDX

  -------         MODULE        ?C?ULDIV
  C:0AC8H         PUBLIC        ?C?ULDIV
  -------         ENDMOD        ?C?ULDIV

  -------         MODULE        ?C?LSTXDATA
  C:0B5AH         PUBLIC        ?C?LSTXDATA
  -------         ENDMOD        ?C?LSTXDATA

  -------         MODULE        ?C?LSTKXDATA
  C:0B66H         PUBLIC        ?C?LSTKXDATA
  -------         ENDMOD        ?C?LSTKXDATA

  -------         MODULE        PRINTF
  X:012CH         PUBLIC        ?_PRINTF517?BYTE
  X:012CH         PUBLIC        ?_PRINTF?BYTE
  X:012CH         PUBLIC        ?_SPRINTF517?BYTE
  X:012CH         PUBLIC        ?_SPRINTF?BYTE
  C:0640H         PUBLIC        _PRINTF
  C:0640H         PUBLIC        _PRINTF517
  C:063AH         PUBLIC        _SPRINTF
  C:063AH         PUBLIC        _SPRINTF517
  -------         ENDMOD        PRINTF

  -------         MODULE        ?C?CSTPTR
  C:0B97H         PUBLIC        ?C?CSTPTR
  -------         ENDMOD        ?C?CSTPTR

  -------         MODULE        ?C?PLDIXDATA
  C:0BA9H         PUBLIC        ?C?PLDIXDATA
  -------         ENDMOD        ?C?PLDIXDATA

  -------         MODULE        ?C?PSTXDATA
  C:0BC0H         PUBLIC        ?C?PSTXDATA
  -------         ENDMOD        ?C?PSTXDATA

  -------         MODULE        ?C?CCASE
  C:0BC9H         PUBLIC        ?C?CCASE
  -------         ENDMOD        ?C?CCASE

  -------         MODULE        PUTCHAR
  C:0FCBH         PUBLIC        _PUTCHAR
  -------         ENDMOD        PUTCHAR

*** WARNING L16: UNCALLED SEGMENT, IGNORED FOR OVERLAY PROCESS
    SEGMENT: ?PR?CH554UART0ALTER?DEBUG

*** WARNING L16: UNCALLED SEGMENT, IGNORED FOR OVERLAY PROCESS
BL51 BANKED LINKER/LOCATER V6.22                                                      04/29/2020  12:34:56  PAGE 18


    SEGMENT: ?PR?CH554UART0RCVBYTE?DEBUG

*** WARNING L16: UNCALLED SEGMENT, IGNORED FOR OVERLAY PROCESS
    SEGMENT: ?PR?_CH554UART0SENDBYTE?DEBUG

*** WARNING L16: UNCALLED SEGMENT, IGNORED FOR OVERLAY PROCESS
    SEGMENT: ?PR?_CH554WDTMODESELECT?DEBUG

*** WARNING L16: UNCALLED SEGMENT, IGNORED FOR OVERLAY PROCESS
    SEGMENT: ?PR?_CH554WDTFEED?DEBUG

*** WARNING L16: UNCALLED SEGMENT, IGNORED FOR OVERLAY PROCESS
    SEGMENT: ?PR?_PORT1CFG?GPIO

*** WARNING L16: UNCALLED SEGMENT, IGNORED FOR OVERLAY PROCESS
    SEGMENT: ?PR?GPIOINTERRUPTCFG?GPIO

*** WARNING L16: UNCALLED SEGMENT, IGNORED FOR OVERLAY PROCESS
    SEGMENT: ?PR?CH554UART1RCVBYTE?UART1

*** WARNING L15: MULTIPLE CALL TO SEGMENT
    SEGMENT: ?PR?PRINTF?PRINTF
    CALLER1: ?PR?DEVICEINTERRUPT?MAIN
    CALLER2: ?C_C51STARTUP

Program Size: data=91.2 xdata=307 code=4290
LINK/LOCATE RUN COMPLETE.  9 WARNING(S),  0 ERROR(S)
